Component: ARM Compiler 5.05 update 1 (build 106) Tool: armlink [4d0efa]

==============================================================================

Section Cross References

    main.o(.text) refers to arm_sin_f32.o(.text) for arm_sin_f32
    main.o(.text) refers to lcd.o(.text) for Round
    main.o(.text) refers to arm_cos_f32.o(.text) for arm_cos_f32
    main.o(.text) refers to control.o(.text) for CreateEdit
    main.o(.text) refers to delay.o(.text) for delay_init
    main.o(.text) refers to misc.o(.text) for NVIC_PriorityGroupConfig
    main.o(.text) refers to pwm.o(.text) for TIM1_GPIO_Config
    main.o(.text) refers to led.o(.text) for LED_Init
    main.o(.text) refers to 24l01.o(.text) for NRF24L01_Init
    main.o(.text) refers to exti.o(.text) for EXTIX_Init
    main.o(.text) refers to adc.o(.text) for Adc_Init
    main.o(.text) refers to timer.o(.text) for TIM3_Int_Init
    main.o(.text) refers to main.o(.bss) for sin_chart
    main.o(.text) refers to lcd.o(.data) for POINT_COLOR
    main.o(.text) refers to main.o(.data) for edit1
    main.o(.text) refers to touch.o(.data) for tp_dev
    main.o(.text) refers to lcd.o(.bss) for lcddev
    main.o(.data) refers to main.o(.conststring) for .conststring
    stm32f4xx_it.o(.text) refers to stm32f4xx_it.o(.emb_text) for wait
    system_stm32f4xx.o(.text) refers to system_stm32f4xx.o(.data) for SystemCoreClock
    led.o(.text) refers to stm32f4xx_rcc.o(.text) for RCC_AHB1PeriphClockCmd
    led.o(.text) refers to stm32f4xx_gpio.o(.text) for GPIO_Init
    lcd.o(.text) refers to _printf_percent.o(.ARM.Collect$$_printf_percent$$00000000) for _printf_percent
    lcd.o(.text) refers to _printf_f.o(.ARM.Collect$$_printf_percent$$00000003) for _printf_f
    lcd.o(.text) refers to printf1.o(x$fpl$printf1) for _printf_fp_dec
    lcd.o(.text) refers to delay.o(.text) for delay_us
    lcd.o(.text) refers to lcd.o(.bss) for lcddev
    lcd.o(.text) refers to lcd.o(.data) for POINT_COLOR
    lcd.o(.text) refers to dflt_clz.o(x$fpl$dfltu) for __aeabi_ui2d
    lcd.o(.text) refers to dmul.o(x$fpl$dmul) for __aeabi_dmul
    lcd.o(.text) refers to dfixu.o(x$fpl$dfixu) for __aeabi_d2uiz
    lcd.o(.text) refers to stm32f4xx_rcc.o(.text) for RCC_AHB1PeriphClockCmd
    lcd.o(.text) refers to stm32f4xx_gpio.o(.text) for GPIO_Init
    lcd.o(.text) refers to stm32f4xx_fsmc.o(.text) for FSMC_NORSRAMInit
    lcd.o(.text) refers to rt_memcpy_w.o(.text) for __aeabi_memcpy4
    lcd.o(.text) refers to f2d.o(x$fpl$f2d) for __aeabi_f2d
    lcd.o(.text) refers to noretval__2sprintf.o(.text) for __2sprintf
    lcd.o(.text) refers to strlen.o(.text) for strlen
    lcd.o(.text) refers to atof.o(i.__hardfp_atof) for __hardfp_atof
    lcd.o(.text) refers to d2f.o(x$fpl$d2f) for __aeabi_d2f
    lcd.o(.text) refers to floor.o(i.__hardfp_floor) for __hardfp_floor
    lcd.o(.text) refers to daddsub_clz.o(x$fpl$dsub) for __aeabi_dsub
    lcd.o(.text) refers to lcd.o(.constdata) for asc2_1206
    lcd.o(.text) refers to drleqf.o(x$fpl$drleqf) for __aeabi_cdrcmple
    touch.o(.text) refers to delay.o(.text) for delay_us
    touch.o(.text) refers to lcd.o(.text) for LCD_DrawLine
    touch.o(.text) refers to dflt_clz.o(x$fpl$dflt) for __aeabi_i2d
    touch.o(.text) refers to dflt_clz.o(x$fpl$dfltu) for __aeabi_ui2d
    touch.o(.text) refers to dmul.o(x$fpl$dmul) for __aeabi_dmul
    touch.o(.text) refers to daddsub_clz.o(x$fpl$dadd) for __aeabi_dadd
    touch.o(.text) refers to dfixu.o(x$fpl$dfixu) for __aeabi_d2uiz
    touch.o(.text) refers to touch.o(.data) for CMD_RDX
    touch.o(.text) refers to lcd.o(.data) for POINT_COLOR
    touch.o(.text) refers to dfix.o(x$fpl$dfix) for __aeabi_d2iz
    touch.o(.text) refers to 24cxx.o(.text) for AT24CXX_WriteLenByte
    touch.o(.text) refers to f2d.o(x$fpl$f2d) for __aeabi_f2d
    touch.o(.text) refers to daddsub_clz.o(x$fpl$dsub) for __aeabi_dsub
    touch.o(.text) refers to ddiv.o(x$fpl$ddiv) for __aeabi_ddiv
    touch.o(.text) refers to lcd.o(.bss) for lcddev
    touch.o(.text) refers to sqrt.o(i.__hardfp_sqrt) for __hardfp_sqrt
    touch.o(.text) refers to noretval__2printf.o(.text) for __2printf
    touch.o(.text) refers to stm32f4xx_rcc.o(.text) for RCC_APB1PeriphClockCmd
    touch.o(.text) refers to stm32f4xx_gpio.o(.text) for GPIO_Init
    touch.o(.data) refers to touch.o(.text) for TP_Init
    touch.o(.data) refers to touch.o(.conststring) for .conststring
    systick.o(.text) refers to control.o(.text) for SendMessage
    systick.o(.text) refers to systick.o(.data) for TimingDelay
    pwm.o(.text) refers to stm32f4xx_rcc.o(.text) for RCC_AHB1PeriphClockCmd
    pwm.o(.text) refers to stm32f4xx_gpio.o(.text) for GPIO_PinAFConfig
    pwm.o(.text) refers to stm32f4xx_tim.o(.text) for TIM_TimeBaseInit
    24cxx.o(.text) refers to myiic.o(.text) for IIC_Init
    24cxx.o(.text) refers to delay.o(.text) for delay_ms
    myiic.o(.text) refers to stm32f4xx_rcc.o(.text) for RCC_AHB1PeriphClockCmd
[...]
    I2C3_ER_IRQHandler                       0x08007ec3   Thumb Code     0  startup_stm32f40_41xxx.o(.text)
    I2C3_EV_IRQHandler                       0x08007ec3   Thumb Code     0  startup_stm32f40_41xxx.o(.text)
    OTG_FS_IRQHandler                        0x08007ec3   Thumb Code     0  startup_stm32f40_41xxx.o(.text)
    OTG_FS_WKUP_IRQHandler                   0x08007ec3   Thumb Code     0  startup_stm32f40_41xxx.o(.text)
    OTG_HS_EP1_IN_IRQHandler                 0x08007ec3   Thumb Code     0  startup_stm32f40_41xxx.o(.text)
    OTG_HS_EP1_OUT_IRQHandler                0x08007ec3   Thumb Code     0  startup_stm32f40_41xxx.o(.text)
    OTG_HS_IRQHandler                        0x08007ec3   Thumb Code     0  startup_stm32f40_41xxx.o(.text)
    OTG_HS_WKUP_IRQHandler                   0x08007ec3   Thumb Code     0  startup_stm32f40_41xxx.o(.text)
    PVD_IRQHandler                           0x08007ec3   Thumb Code     0  startup_stm32f40_41xxx.o(.text)
    RCC_IRQHandler                           0x08007ec3   Thumb Code     0  startup_stm32f40_41xxx.o(.text)
    RTC_Alarm_IRQHandler                     0x08007ec3   Thumb Code     0  startup_stm32f40_41xxx.o(.text)
    RTC_WKUP_IRQHandler                      0x08007ec3   Thumb Code     0  startup_stm32f40_41xxx.o(.text)
    SDIO_IRQHandler                          0x08007ec3   Thumb Code     0  startup_stm32f40_41xxx.o(.text)
    SPI1_IRQHandler                          0x08007ec3   Thumb Code     0  startup_stm32f40_41xxx.o(.text)
    SPI2_IRQHandler                          0x08007ec3   Thumb Code     0  startup_stm32f40_41xxx.o(.text)
    SPI3_IRQHandler                          0x08007ec3   Thumb Code     0  startup_stm32f40_41xxx.o(.text)
    TAMP_STAMP_IRQHandler                    0x08007ec3   Thumb Code     0  startup_stm32f40_41xxx.o(.text)
    TIM1_BRK_TIM9_IRQHandler                 0x08007ec3   Thumb Code     0  startup_stm32f40_41xxx.o(.text)
    TIM1_CC_IRQHandler                       0x08007ec3   Thumb Code     0  startup_stm32f40_41xxx.o(.text)
    TIM1_TRG_COM_TIM11_IRQHandler            0x08007ec3   Thumb Code     0  startup_stm32f40_41xxx.o(.text)
    TIM2_IRQHandler                          0x08007ec3   Thumb Code     0  startup_stm32f40_41xxx.o(.text)
    TIM5_IRQHandler                          0x08007ec3   Thumb Code     0  startup_stm32f40_41xxx.o(.text)
    TIM6_DAC_IRQHandler                      0x08007ec3   Thumb Code     0  startup_stm32f40_41xxx.o(.text)
    TIM7_IRQHandler                          0x08007ec3   Thumb Code     0  startup_stm32f40_41xxx.o(.text)
    TIM8_BRK_TIM12_IRQHandler                0x08007ec3   Thumb Code     0  startup_stm32f40_41xxx.o(.text)
    TIM8_CC_IRQHandler                       0x08007ec3   Thumb Code     0  startup_stm32f40_41xxx.o(.text)
    TIM8_TRG_COM_TIM14_IRQHandler            0x08007ec3   Thumb Code     0  startup_stm32f40_41xxx.o(.text)
    TIM8_UP_TIM13_IRQHandler                 0x08007ec3   Thumb Code     0  startup_stm32f40_41xxx.o(.text)
    UART4_IRQHandler                         0x08007ec3   Thumb Code     0  startup_stm32f40_41xxx.o(.text)
    UART5_IRQHandler                         0x08007ec3   Thumb Code     0  startup_stm32f40_41xxx.o(.text)
    USART2_IRQHandler                        0x08007ec3   Thumb Code     0  startup_stm32f40_41xxx.o(.text)
    USART3_IRQHandler                        0x08007ec3   Thumb Code     0  startup_stm32f40_41xxx.o(.text)
    USART6_IRQHandler                        0x08007ec3   Thumb Code     0  startup_stm32f40_41xxx.o(.text)
    WWDG_IRQHandler                          0x08007ec3   Thumb Code     0  startup_stm32f40_41xxx.o(.text)
    __user_initial_stackheap                 0x08007ec5   Thumb Code     0  startup_stm32f40_41xxx.o(.text)
    NVIC_PriorityGroupConfig                 0x08007ee9   Thumb Code    10  misc.o(.text)
    NVIC_Init                                0x08007ef3   Thumb Code   106  misc.o(.text)
    NVIC_SetVectorTable                      0x08007f5d   Thumb Code    14  misc.o(.text)
    NVIC_SystemLPConfig                      0x08007f6b   Thumb Code    34  misc.o(.text)
    SysTick_CLKSourceConfig                  0x08007f8d   Thumb Code    40  misc.o(.text)
    GPIO_DeInit                              0x08007fc9   Thumb Code   268  stm32f4xx_gpio.o(.text)
    GPIO_Init                                0x080080d5   Thumb Code   144  stm32f4xx_gpio.o(.text)
    GPIO_StructInit                          0x08008165   Thumb Code    18  stm32f4xx_gpio.o(.text)
    GPIO_PinLockConfig                       0x08008177   Thumb Code    34  stm32f4xx_gpio.o(.text)
    GPIO_ReadInputDataBit                    0x08008199   Thumb Code    18  stm32f4xx_gpio.o(.text)
    GPIO_ReadInputData                       0x080081ab   Thumb Code     8  stm32f4xx_gpio.o(.text)
    GPIO_ReadOutputDataBit                   0x080081b3   Thumb Code    18  stm32f4xx_gpio.o(.text)
    GPIO_ReadOutputData                      0x080081c5   Thumb Code     8  stm32f4xx_gpio.o(.text)
    GPIO_SetBits                             0x080081cd   Thumb Code     4  stm32f4xx_gpio.o(.text)
    GPIO_ResetBits                           0x080081d1   Thumb Code     4  stm32f4xx_gpio.o(.text)
    GPIO_WriteBit                            0x080081d5   Thumb Code    10  stm32f4xx_gpio.o(.text)
    GPIO_Write                               0x080081df   Thumb Code     4  stm32f4xx_gpio.o(.text)
    GPIO_ToggleBits                          0x080081e3   Thumb Code     8  stm32f4xx_gpio.o(.text)
    GPIO_PinAFConfig                         0x080081eb   Thumb Code    70  stm32f4xx_gpio.o(.text)
    FSMC_NORSRAMDeInit                       0x0800825d   Thumb Code    54  stm32f4xx_fsmc.o(.text)
    FSMC_NORSRAMInit                         0x08008293   Thumb Code   230  stm32f4xx_fsmc.o(.text)
    FSMC_NORSRAMStructInit                   0x08008379   Thumb Code    48  stm32f4xx_fsmc.o(.text)
    FSMC_NORSRAMCmd                          0x080083a9   Thumb Code    46  stm32f4xx_fsmc.o(.text)
    FSMC_NANDDeInit                          0x080083d7   Thumb Code    62  stm32f4xx_fsmc.o(.text)
    FSMC_NANDInit                            0x08008415   Thumb Code   132  stm32f4xx_fsmc.o(.text)
    FSMC_NANDStructInit                      0x08008499   Thumb Code    54  stm32f4xx_fsmc.o(.text)
    FSMC_NANDCmd                             0x080084cf   Thumb Code    86  stm32f4xx_fsmc.o(.text)
    FSMC_NANDECCCmd                          0x08008525   Thumb Code    86  stm32f4xx_fsmc.o(.text)
    FSMC_GetECC                              0x0800857b   Thumb Code    24  stm32f4xx_fsmc.o(.text)
    FSMC_PCCARDDeInit                        0x08008593   Thumb Code    36  stm32f4xx_fsmc.o(.text)
    FSMC_PCCARDInit                          0x080085b7   Thumb Code   130  stm32f4xx_fsmc.o(.text)
    FSMC_PCCARDStructInit                    0x08008639   Thumb Code    60  stm32f4xx_fsmc.o(.text)
    FSMC_PCCARDCmd                           0x08008675   Thumb Code    44  stm32f4xx_fsmc.o(.text)
    FSMC_ITConfig                            0x080086a1   Thumb Code   128  stm32f4xx_fsmc.o(.text)
    FSMC_GetFlagStatus                       0x08008721   Thumb Code    54  stm32f4xx_fsmc.o(.text)
    FSMC_ClearFlag                           0x08008757   Thumb Code    74  stm32f4xx_fsmc.o(.text)
    FSMC_GetITStatus                         0x080087a1   Thumb Code    62  stm32f4xx_fsmc.o(.text)
    FSMC_ClearITPendingBit                   0x080087df   Thumb Code    66  stm32f4xx_fsmc.o(.text)
    RCC_DeInit                               0x08008825   Thumb Code    82  stm32f4xx_rcc.o(.text)
    RCC_HSEConfig                            0x08008877   Thumb Code    14  stm32f4xx_rcc.o(.text)
    RCC_GetFlagStatus                        0x08008885   Thumb Code    60  stm32f4xx_rcc.o(.text)
    RCC_WaitForHSEStartUp                    0x080088c1   Thumb Code    56  stm32f4xx_rcc.o(.text)
    RCC_AdjustHSICalibrationValue            0x080088f9   Thumb Code    20  stm32f4xx_rcc.o(.text)
    RCC_HSICmd                               0x0800890d   Thumb Code     6  stm32f4xx_rcc.o(.text)
    RCC_LSEConfig                            0x08008913   Thumb Code    46  stm32f4xx_rcc.o(.text)
    RCC_LSICmd                               0x08008941   Thumb Code     6  stm32f4xx_rcc.o(.text)
    RCC_PLLConfig                            0x08008947   Thumb Code    32  stm32f4xx_rcc.o(.text)
    RCC_PLLCmd                               0x08008967   Thumb Code     6  stm32f4xx_rcc.o(.text)
    RCC_PLLI2SConfig                         0x0800896d   Thumb Code    14  stm32f4xx_rcc.o(.text)
    RCC_PLLI2SCmd                            0x0800897b   Thumb Code     6  stm32f4xx_rcc.o(.text)
    RCC_PLLSAIConfig                         0x08008981   Thumb Code    20  stm32f4xx_rcc.o(.text)
    RCC_PLLSAICmd                            0x08008995   Thumb Code     6  stm32f4xx_rcc.o(.text)
    RCC_ClockSecuritySystemCmd               0x0800899b   Thumb Code     6  stm32f4xx_rcc.o(.text)
    RCC_MCO1Config                           0x080089a1   Thumb Code    28  stm32f4xx_rcc.o(.text)
    RCC_MCO2Config                           0x080089bd   Thumb Code    28  stm32f4xx_rcc.o(.text)
    RCC_SYSCLKConfig                         0x080089d9   Thumb Code    20  stm32f4xx_rcc.o(.text)
    RCC_GetSYSCLKSource                      0x080089ed   Thumb Code    12  stm32f4xx_rcc.o(.text)
    RCC_HCLKConfig                           0x080089f9   Thumb Code    20  stm32f4xx_rcc.o(.text)
    RCC_PCLK1Config                          0x08008a0d   Thumb Code    20  stm32f4xx_rcc.o(.text)
    RCC_PCLK2Config                          0x08008a21   Thumb Code    22  stm32f4xx_rcc.o(.text)
    RCC_GetClocksFreq                        0x08008a37   Thumb Code   222  stm32f4xx_rcc.o(.text)
    RCC_RTCCLKConfig                         0x08008b15   Thumb Code    54  stm32f4xx_rcc.o(.text)
    RCC_RTCCLKCmd                            0x08008b4b   Thumb Code     8  stm32f4xx_rcc.o(.text)
    RCC_BackupResetCmd                       0x08008b53   Thumb Code     8  stm32f4xx_rcc.o(.text)
    RCC_I2SCLKConfig                         0x08008b5b   Thumb Code     6  stm32f4xx_rcc.o(.text)
    RCC_SAIPLLI2SClkDivConfig                0x08008b61   Thumb Code    26  stm32f4xx_rcc.o(.text)
    RCC_SAIPLLSAIClkDivConfig                0x08008b7b   Thumb Code    28  stm32f4xx_rcc.o(.text)
    RCC_SAIBlockACLKConfig                   0x08008b97   Thumb Code    20  stm32f4xx_rcc.o(.text)
    RCC_SAIBlockBCLKConfig                   0x08008bab   Thumb Code    20  stm32f4xx_rcc.o(.text)
    RCC_LTDCCLKDivConfig                     0x08008bbf   Thumb Code    20  stm32f4xx_rcc.o(.text)
    RCC_TIMCLKPresConfig                     0x08008bd3   Thumb Code     6  stm32f4xx_rcc.o(.text)
    RCC_AHB1PeriphClockCmd                   0x08008bd9   Thumb Code    34  stm32f4xx_rcc.o(.text)
    RCC_AHB2PeriphClockCmd                   0x08008bfb   Thumb Code    78  stm32f4xx_rcc.o(.text)
    RCC_AHB3PeriphClockCmd                   0x08008c49   Thumb Code    34  stm32f4xx_rcc.o(.text)
    RCC_APB1PeriphClockCmd                   0x08008c6b   Thumb Code    34  stm32f4xx_rcc.o(.text)
    RCC_APB2PeriphClockCmd                   0x08008c8d   Thumb Code    34  stm32f4xx_rcc.o(.text)
    RCC_AHB1PeriphResetCmd                   0x08008caf   Thumb Code    34  stm32f4xx_rcc.o(.text)
    RCC_AHB2PeriphResetCmd                   0x08008cd1   Thumb Code    34  stm32f4xx_rcc.o(.text)
    RCC_AHB3PeriphResetCmd                   0x08008cf3   Thumb Code    34  stm32f4xx_rcc.o(.text)
    RCC_APB1PeriphResetCmd                   0x08008d15   Thumb Code    34  stm32f4xx_rcc.o(.text)
    RCC_APB2PeriphResetCmd                   0x08008d37   Thumb Code    34  stm32f4xx_rcc.o(.text)
    RCC_AHB1PeriphClockLPModeCmd             0x08008d59   Thumb Code    34  stm32f4xx_rcc.o(.text)
    RCC_AHB2PeriphClockLPModeCmd             0x08008d7b   Thumb Code    34  stm32f4xx_rcc.o(.text)
    RCC_AHB3PeriphClockLPModeCmd             0x08008d9d   Thumb Code    34  stm32f4xx_rcc.o(.text)
    RCC_APB1PeriphClockLPModeCmd             0x08008dbf   Thumb Code    34  stm32f4xx_rcc.o(.text)
    RCC_APB2PeriphClockLPModeCmd             0x08008de1   Thumb Code    34  stm32f4xx_rcc.o(.text)
    RCC_LSEModeConfig                        0x08008e03   Thumb Code    40  stm32f4xx_rcc.o(.text)
    RCC_ITConfig                             0x08008e2b   Thumb Code    34  stm32f4xx_rcc.o(.text)
    RCC_ClearFlag                            0x08008e4d   Thumb Code    18  stm32f4xx_rcc.o(.text)
    RCC_GetITStatus                          0x08008e5f   Thumb Code    22  stm32f4xx_rcc.o(.text)
    RCC_ClearITPendingBit                    0x08008e75   Thumb Code     8  stm32f4xx_rcc.o(.text)
    USART_DeInit                             0x08008e81   Thumb Code   206  stm32f4xx_usart.o(.text)
    USART_Init                               0x08008f4f   Thumb Code   204  stm32f4xx_usart.o(.text)
    USART_StructInit                         0x0800901b   Thumb Code    24  stm32f4xx_usart.o(.text)
    USART_ClockInit                          0x08009033   Thumb Code    32  stm32f4xx_usart.o(.text)
    USART_ClockStructInit                    0x08009053   Thumb Code    12  stm32f4xx_usart.o(.text)
    USART_Cmd                                0x0800905f   Thumb Code    24  stm32f4xx_usart.o(.text)
    USART_SetPrescaler                       0x08009077   Thumb Code    16  stm32f4xx_usart.o(.text)
    USART_OverSampling8Cmd                   0x08009087   Thumb Code    22  stm32f4xx_usart.o(.text)
    USART_OneBitMethodCmd                    0x0800909d   Thumb Code    24  stm32f4xx_usart.o(.text)
    USART_SendData                           0x080090b5   Thumb Code     8  stm32f4xx_usart.o(.text)
    USART_ReceiveData                        0x080090bd   Thumb Code    10  stm32f4xx_usart.o(.text)
    USART_SetAddress                         0x080090c7   Thumb Code    18  stm32f4xx_usart.o(.text)
    USART_ReceiverWakeUpCmd                  0x080090d9   Thumb Code    24  stm32f4xx_usart.o(.text)
    USART_WakeUpConfig                       0x080090f1   Thumb Code    18  stm32f4xx_usart.o(.text)
    USART_LINBreakDetectLengthConfig         0x08009103   Thumb Code    18  stm32f4xx_usart.o(.text)
    USART_LINCmd                             0x08009115   Thumb Code    24  stm32f4xx_usart.o(.text)
    USART_SendBreak                          0x0800912d   Thumb Code    10  stm32f4xx_usart.o(.text)
    USART_HalfDuplexCmd                      0x08009137   Thumb Code    24  stm32f4xx_usart.o(.text)
    USART_SetGuardTime                       0x0800914f   Thumb Code    16  stm32f4xx_usart.o(.text)
    USART_SmartCardCmd                       0x0800915f   Thumb Code    24  stm32f4xx_usart.o(.text)
    USART_SmartCardNACKCmd                   0x08009177   Thumb Code    24  stm32f4xx_usart.o(.text)
    USART_IrDAConfig                         0x0800918f   Thumb Code    18  stm32f4xx_usart.o(.text)
    USART_IrDACmd                            0x080091a1   Thumb Code    24  stm32f4xx_usart.o(.text)
    USART_DMACmd                             0x080091b9   Thumb Code    18  stm32f4xx_usart.o(.text)
    USART_ITConfig                           0x080091cb   Thumb Code    74  stm32f4xx_usart.o(.text)
    USART_GetFlagStatus                      0x08009215   Thumb Code    26  stm32f4xx_usart.o(.text)
    USART_ClearFlag                          0x0800922f   Thumb Code    18  stm32f4xx_usart.o(.text)
    USART_GetITStatus                        0x08009241   Thumb Code   118  stm32f4xx_usart.o(.text)
    USART_ClearITPendingBit                  0x080092b7   Thumb Code    30  stm32f4xx_usart.o(.text)
    ADC_DeInit                               0x080092d5   Thumb Code    22  stm32f4xx_adc.o(.text)
    ADC_Init                                 0x080092eb   Thumb Code    74  stm32f4xx_adc.o(.text)
    ADC_StructInit                           0x08009335   Thumb Code    20  stm32f4xx_adc.o(.text)
    ADC_CommonInit                           0x08009349   Thumb Code    34  stm32f4xx_adc.o(.text)
    ADC_CommonStructInit                     0x0800936b   Thumb Code    12  stm32f4xx_adc.o(.text)
    ADC_Cmd                                  0x08009377   Thumb Code    22  stm32f4xx_adc.o(.text)
    ADC_AnalogWatchdogCmd                    0x0800938d   Thumb Code    16  stm32f4xx_adc.o(.text)
    ADC_AnalogWatchdogThresholdsConfig       0x0800939d   Thumb Code     6  stm32f4xx_adc.o(.text)
    ADC_AnalogWatchdogSingleChannelConfig    0x080093a3   Thumb Code    16  stm32f4xx_adc.o(.text)
    ADC_TempSensorVrefintCmd                 0x080093b3   Thumb Code    34  stm32f4xx_adc.o(.text)
    ADC_VBATCmd                              0x080093d5   Thumb Code    34  stm32f4xx_adc.o(.text)
    ADC_RegularChannelConfig                 0x080093f7   Thumb Code   184  stm32f4xx_adc.o(.text)
    ADC_SoftwareStartConv                    0x080094af   Thumb Code    10  stm32f4xx_adc.o(.text)
    ADC_GetSoftwareStartConvStatus           0x080094b9   Thumb Code    20  stm32f4xx_adc.o(.text)
    ADC_EOCOnEachRegularChannelCmd           0x080094cd   Thumb Code    22  stm32f4xx_adc.o(.text)
    ADC_ContinuousModeCmd                    0x080094e3   Thumb Code    22  stm32f4xx_adc.o(.text)
    ADC_DiscModeChannelCountConfig           0x080094f9   Thumb Code    24  stm32f4xx_adc.o(.text)
    ADC_DiscModeCmd                          0x08009511   Thumb Code    22  stm32f4xx_adc.o(.text)
    ADC_GetConversionValue                   0x08009527   Thumb Code     8  stm32f4xx_adc.o(.text)
    ADC_GetMultiModeConversionValue          0x0800952f   Thumb Code     8  stm32f4xx_adc.o(.text)
    ADC_DMACmd                               0x08009537   Thumb Code    22  stm32f4xx_adc.o(.text)
    ADC_DMARequestAfterLastTransferCmd       0x0800954d   Thumb Code    22  stm32f4xx_adc.o(.text)
    ADC_MultiModeDMARequestAfterLastTransferCmd 0x08009563   Thumb Code    34  stm32f4xx_adc.o(.text)
    ADC_InjectedChannelConfig                0x08009585   Thumb Code   130  stm32f4xx_adc.o(.text)
    ADC_InjectedSequencerLengthConfig        0x08009607   Thumb Code    24  stm32f4xx_adc.o(.text)
    ADC_SetInjectedOffset                    0x0800961f   Thumb Code    20  stm32f4xx_adc.o(.text)
    ADC_ExternalTrigInjectedConvConfig       0x08009633   Thumb Code    16  stm32f4xx_adc.o(.text)
    ADC_ExternalTrigInjectedConvEdgeConfig   0x08009643   Thumb Code    16  stm32f4xx_adc.o(.text)
    ADC_SoftwareStartInjectedConv            0x08009653   Thumb Code    10  stm32f4xx_adc.o(.text)
    ADC_GetSoftwareStartInjectedConvCmdStatus 0x0800965d   Thumb Code    20  stm32f4xx_adc.o(.text)
    ADC_AutoInjectedConvCmd                  0x08009671   Thumb Code    22  stm32f4xx_adc.o(.text)
    ADC_InjectedDiscModeCmd                  0x08009687   Thumb Code    22  stm32f4xx_adc.o(.text)
    ADC_GetInjectedConversionValue           0x0800969d   Thumb Code    28  stm32f4xx_adc.o(.text)
    ADC_ITConfig                             0x080096b9   Thumb Code    56  stm32f4xx_adc.o(.text)
    ADC_GetFlagStatus                        0x080096f1   Thumb Code    18  stm32f4xx_adc.o(.text)
    ADC_ClearFlag                            0x08009703   Thumb Code     6  stm32f4xx_adc.o(.text)
    ADC_GetITStatus                          0x08009709   Thumb Code    38  stm32f4xx_adc.o(.text)
    ADC_ClearITPendingBit                    0x0800972f   Thumb Code    10  stm32f4xx_adc.o(.text)
    TIM_DeInit                               0x08009739   Thumb Code   346  stm32f4xx_tim.o(.text)
    TIM_TimeBaseInit                         0x08009893   Thumb Code   104  stm32f4xx_tim.o(.text)
    TIM_TimeBaseStructInit                   0x080098fb   Thumb Code    18  stm32f4xx_tim.o(.text)
    TIM_PrescalerConfig                      0x0800990d   Thumb Code     6  stm32f4xx_tim.o(.text)
    TIM_CounterModeConfig                    0x08009913   Thumb Code    18  stm32f4xx_tim.o(.text)
    TIM_SetCounter                           0x08009925   Thumb Code     4  stm32f4xx_tim.o(.text)
    TIM_SetAutoreload                        0x08009929   Thumb Code     4  stm32f4xx_tim.o(.text)
    TIM_GetCounter                           0x0800992d   Thumb Code     6  stm32f4xx_tim.o(.text)
    TIM_GetPrescaler                         0x08009933   Thumb Code     6  stm32f4xx_tim.o(.text)
    TIM_UpdateDisableConfig                  0x08009939   Thumb Code    24  stm32f4xx_tim.o(.text)
    TIM_UpdateRequestConfig                  0x08009951   Thumb Code    24  stm32f4xx_tim.o(.text)
    TIM_ARRPreloadConfig                     0x08009969   Thumb Code    24  stm32f4xx_tim.o(.text)
    TIM_SelectOnePulseMode                   0x08009981   Thumb Code    18  stm32f4xx_tim.o(.text)
    TIM_SetClockDivision                     0x08009993   Thumb Code    18  stm32f4xx_tim.o(.text)
    TIM_Cmd                                  0x080099a5   Thumb Code    24  stm32f4xx_tim.o(.text)
    TIM_OC1Init                              0x080099bd   Thumb Code   114  stm32f4xx_tim.o(.text)
    TIM_OC2Init                              0x08009a2f   Thumb Code   154  stm32f4xx_tim.o(.text)
    TIM_OC3Init                              0x08009ac9   Thumb Code   204  stm32f4xx_tim.o(.text)
    TIM_OC4Init                              0x08009b95   Thumb Code   112  stm32f4xx_tim.o(.text)
    TIM_OCStructInit                         0x08009c05   Thumb Code    20  stm32f4xx_tim.o(.text)
    TIM_SelectOCxM                           0x08009c19   Thumb Code    86  stm32f4xx_tim.o(.text)
    TIM_SetCompare1                          0x08009c6f   Thumb Code     4  stm32f4xx_tim.o(.text)
    TIM_SetCompare2                          0x08009c73   Thumb Code     4  stm32f4xx_tim.o(.text)
    TIM_SetCompare3                          0x08009c77   Thumb Code     4  stm32f4xx_tim.o(.text)
    TIM_SetCompare4                          0x08009c7b   Thumb Code     4  stm32f4xx_tim.o(.text)
    TIM_ForcedOC1Config                      0x08009c7f   Thumb Code    18  stm32f4xx_tim.o(.text)
    TIM_ForcedOC2Config                      0x08009c91   Thumb Code    26  stm32f4xx_tim.o(.text)
    TIM_ForcedOC3Config                      0x08009cab   Thumb Code    18  stm32f4xx_tim.o(.text)
    TIM_ForcedOC4Config                      0x08009cbd   Thumb Code    26  stm32f4xx_tim.o(.text)
    TIM_OC1PreloadConfig                     0x08009cd7   Thumb Code    18  stm32f4xx_tim.o(.text)
    TIM_OC2PreloadConfig                     0x08009ce9   Thumb Code    26  stm32f4xx_tim.o(.text)
    TIM_OC3PreloadConfig                     0x08009d03   Thumb Code    18  stm32f4xx_tim.o(.text)
    TIM_OC4PreloadConfig                     0x08009d15   Thumb Code    26  stm32f4xx_tim.o(.text)
    TIM_OC1FastConfig                        0x08009d2f   Thumb Code    18  stm32f4xx_tim.o(.text)
    TIM_OC2FastConfig                        0x08009d41   Thumb Code    26  stm32f4xx_tim.o(.text)
    TIM_OC3FastConfig                        0x08009d5b   Thumb Code    18  stm32f4xx_tim.o(.text)
    TIM_OC4FastConfig                        0x08009d6d   Thumb Code    26  stm32f4xx_tim.o(.text)
    TIM_ClearOC1Ref                          0x08009d87   Thumb Code    18  stm32f4xx_tim.o(.text)
    TIM_ClearOC2Ref                          0x08009d99   Thumb Code    24  stm32f4xx_tim.o(.text)
    TIM_ClearOC3Ref                          0x08009db1   Thumb Code    18  stm32f4xx_tim.o(.text)
    TIM_ClearOC4Ref                          0x08009dc3   Thumb Code    24  stm32f4xx_tim.o(.text)
    TIM_OC1PolarityConfig                    0x08009ddb   Thumb Code    18  stm32f4xx_tim.o(.text)
    TIM_OC1NPolarityConfig                   0x08009ded   Thumb Code    18  stm32f4xx_tim.o(.text)
    TIM_OC2PolarityConfig                    0x08009dff   Thumb Code    26  stm32f4xx_tim.o(.text)
    TIM_OC2NPolarityConfig                   0x08009e19   Thumb Code    26  stm32f4xx_tim.o(.text)
    TIM_OC3PolarityConfig                    0x08009e33   Thumb Code    26  stm32f4xx_tim.o(.text)
    TIM_OC3NPolarityConfig                   0x08009e4d   Thumb Code    26  stm32f4xx_tim.o(.text)
    TIM_OC4PolarityConfig                    0x08009e67   Thumb Code    26  stm32f4xx_tim.o(.text)
    TIM_CCxCmd                               0x08009e81   Thumb Code    30  stm32f4xx_tim.o(.text)
    TIM_CCxNCmd                              0x08009e9f   Thumb Code    30  stm32f4xx_tim.o(.text)
    TIM_SetIC4Prescaler                      0x08009ebd   Thumb Code    26  stm32f4xx_tim.o(.text)
    TIM_SetIC3Prescaler                      0x08009f27   Thumb Code    18  stm32f4xx_tim.o(.text)
    TIM_SetIC2Prescaler                      0x08009f81   Thumb Code    26  stm32f4xx_tim.o(.text)
    TIM_SetIC1Prescaler                      0x08009ff5   Thumb Code    18  stm32f4xx_tim.o(.text)
    TIM_ICInit                               0x0800a041   Thumb Code   110  stm32f4xx_tim.o(.text)
    TIM_ICStructInit                         0x0800a0af   Thumb Code    18  stm32f4xx_tim.o(.text)
    TIM_PWMIConfig                           0x0800a0c1   Thumb Code   124  stm32f4xx_tim.o(.text)
    TIM_GetCapture1                          0x0800a13d   Thumb Code     6  stm32f4xx_tim.o(.text)
    TIM_GetCapture2                          0x0800a143   Thumb Code     6  stm32f4xx_tim.o(.text)
    TIM_GetCapture3                          0x0800a149   Thumb Code     6  stm32f4xx_tim.o(.text)
    TIM_GetCapture4                          0x0800a14f   Thumb Code     6  stm32f4xx_tim.o(.text)
    TIM_BDTRConfig                           0x0800a155   Thumb Code    32  stm32f4xx_tim.o(.text)
    TIM_BDTRStructInit                       0x0800a175   Thumb Code    18  stm32f4xx_tim.o(.text)
    TIM_CtrlPWMOutputs                       0x0800a187   Thumb Code    30  stm32f4xx_tim.o(.text)
    TIM_SelectCOM                            0x0800a1a5   Thumb Code    24  stm32f4xx_tim.o(.text)
    TIM_CCPreloadControl                     0x0800a1bd   Thumb Code    24  stm32f4xx_tim.o(.text)
    TIM_ITConfig                             0x0800a1d5   Thumb Code    18  stm32f4xx_tim.o(.text)
    TIM_GenerateEvent                        0x0800a1e7   Thumb Code     4  stm32f4xx_tim.o(.text)
    TIM_GetFlagStatus                        0x0800a1eb   Thumb Code    18  stm32f4xx_tim.o(.text)
    TIM_ClearFlag                            0x0800a1fd   Thumb Code     6  stm32f4xx_tim.o(.text)
    TIM_GetITStatus                          0x0800a203   Thumb Code    34  stm32f4xx_tim.o(.text)
    TIM_ClearITPendingBit                    0x0800a225   Thumb Code     6  stm32f4xx_tim.o(.text)
    TIM_DMAConfig                            0x0800a22b   Thumb Code    10  stm32f4xx_tim.o(.text)
    TIM_DMACmd                               0x0800a235   Thumb Code    18  stm32f4xx_tim.o(.text)
    TIM_SelectCCDMA                          0x0800a247   Thumb Code    24  stm32f4xx_tim.o(.text)
    TIM_InternalClockConfig                  0x0800a25f   Thumb Code    12  stm32f4xx_tim.o(.text)
    TIM_SelectInputTrigger                   0x0800a26b   Thumb Code    18  stm32f4xx_tim.o(.text)
    TIM_ITRxExternalClockConfig              0x0800a27d   Thumb Code    24  stm32f4xx_tim.o(.text)
    TIM_TIxExternalClockConfig               0x0800a295   Thumb Code    62  stm32f4xx_tim.o(.text)
    TIM_ETRConfig                            0x0800a2d3   Thumb Code    28  stm32f4xx_tim.o(.text)
    TIM_ETRClockMode1Config                  0x0800a2ef   Thumb Code    54  stm32f4xx_tim.o(.text)
    TIM_ETRClockMode2Config                  0x0800a325   Thumb Code    32  stm32f4xx_tim.o(.text)
    TIM_SelectOutputTrigger                  0x0800a345   Thumb Code    18  stm32f4xx_tim.o(.text)
    TIM_SelectSlaveMode                      0x0800a357   Thumb Code    18  stm32f4xx_tim.o(.text)
    TIM_SelectMasterSlaveMode                0x0800a369   Thumb Code    18  stm32f4xx_tim.o(.text)
    TIM_EncoderInterfaceConfig               0x0800a37b   Thumb Code    66  stm32f4xx_tim.o(.text)
    TIM_SelectHallSensor                     0x0800a3bd   Thumb Code    24  stm32f4xx_tim.o(.text)
    TIM_RemapConfig                          0x0800a3d5   Thumb Code     6  stm32f4xx_tim.o(.text)
    EXTI_DeInit                              0x0800a3dd   Thumb Code    28  stm32f4xx_exti.o(.text)
    EXTI_Init                                0x0800a3f9   Thumb Code   142  stm32f4xx_exti.o(.text)
    EXTI_StructInit                          0x0800a487   Thumb Code    16  stm32f4xx_exti.o(.text)
    EXTI_GenerateSWInterrupt                 0x0800a497   Thumb Code    16  stm32f4xx_exti.o(.text)
    EXTI_GetFlagStatus                       0x0800a4a7   Thumb Code    22  stm32f4xx_exti.o(.text)
    EXTI_ClearFlag                           0x0800a4bd   Thumb Code     8  stm32f4xx_exti.o(.text)
    EXTI_GetITStatus                         0x0800a4c5   Thumb Code    22  stm32f4xx_exti.o(.text)
    EXTI_ClearITPendingBit                   0x0800a4db   Thumb Code     8  stm32f4xx_exti.o(.text)
    DMA_DeInit                               0x0800a4ed   Thumb Code   324  stm32f4xx_dma.o(.text)
    DMA_Init                                 0x0800a631   Thumb Code    82  stm32f4xx_dma.o(.text)
    DMA_StructInit                           0x0800a683   Thumb Code    34  stm32f4xx_dma.o(.text)
    DMA_Cmd                                  0x0800a6a5   Thumb Code    22  stm32f4xx_dma.o(.text)
    DMA_PeriphIncOffsetSizeConfig            0x0800a6bb   Thumb Code    22  stm32f4xx_dma.o(.text)
    DMA_FlowControllerConfig                 0x0800a6d1   Thumb Code    22  stm32f4xx_dma.o(.text)
    DMA_SetCurrDataCounter                   0x0800a6e7   Thumb Code     4  stm32f4xx_dma.o(.text)
    DMA_GetCurrDataCounter                   0x0800a6eb   Thumb Code     8  stm32f4xx_dma.o(.text)
    DMA_DoubleBufferModeConfig               0x0800a6f3   Thumb Code    24  stm32f4xx_dma.o(.text)
    DMA_DoubleBufferModeCmd                  0x0800a70b   Thumb Code    22  stm32f4xx_dma.o(.text)
    DMA_MemoryTargetConfig                   0x0800a721   Thumb Code    10  stm32f4xx_dma.o(.text)
    DMA_GetCurrentMemoryTarget               0x0800a72b   Thumb Code    20  stm32f4xx_dma.o(.text)
    DMA_GetCmdStatus                         0x0800a73f   Thumb Code    20  stm32f4xx_dma.o(.text)
    DMA_GetFIFOStatus                        0x0800a753   Thumb Code    12  stm32f4xx_dma.o(.text)
    DMA_GetFlagStatus                        0x0800a75f   Thumb Code    56  stm32f4xx_dma.o(.text)
    DMA_ClearFlag                            0x0800a797   Thumb Code    40  stm32f4xx_dma.o(.text)
    DMA_ITConfig                             0x0800a7bf   Thumb Code    58  stm32f4xx_dma.o(.text)
    DMA_GetITStatus                          0x0800a7f9   Thumb Code    84  stm32f4xx_dma.o(.text)
    DMA_ClearITPendingBit                    0x0800a84d   Thumb Code    40  stm32f4xx_dma.o(.text)
    SPI_I2S_DeInit                           0x0800a895   Thumb Code   152  stm32f4xx_spi.o(.text)
    SPI_Init                                 0x0800a92d   Thumb Code    60  stm32f4xx_spi.o(.text)
    I2S_Init                                 0x0800a969   Thumb Code   396  stm32f4xx_spi.o(.text)
    SPI_StructInit                           0x0800aaf5   Thumb Code    24  stm32f4xx_spi.o(.text)
    I2S_StructInit                           0x0800ab0d   Thumb Code    20  stm32f4xx_spi.o(.text)
    SPI_Cmd                                  0x0800ab21   Thumb Code    24  stm32f4xx_spi.o(.text)
    I2S_Cmd                                  0x0800ab39   Thumb Code    24  stm32f4xx_spi.o(.text)
    SPI_DataSizeConfig                       0x0800ab51   Thumb Code    18  stm32f4xx_spi.o(.text)
    SPI_BiDirectionalLineConfig              0x0800ab63   Thumb Code    28  stm32f4xx_spi.o(.text)
    SPI_NSSInternalSoftwareConfig            0x0800ab7f   Thumb Code    30  stm32f4xx_spi.o(.text)
    SPI_SSOutputCmd                          0x0800ab9d   Thumb Code    24  stm32f4xx_spi.o(.text)
    SPI_TIModeCmd                            0x0800abb5   Thumb Code    24  stm32f4xx_spi.o(.text)
    I2S_FullDuplexConfig                     0x0800abcd   Thumb Code    80  stm32f4xx_spi.o(.text)
    SPI_I2S_ReceiveData                      0x0800ac1d   Thumb Code     6  stm32f4xx_spi.o(.text)
    SPI_I2S_SendData                         0x0800ac23   Thumb Code     4  stm32f4xx_spi.o(.text)
    SPI_CalculateCRC                         0x0800ac27   Thumb Code    24  stm32f4xx_spi.o(.text)
    SPI_TransmitCRC                          0x0800ac3f   Thumb Code    10  stm32f4xx_spi.o(.text)
    SPI_GetCRC                               0x0800ac49   Thumb Code    16  stm32f4xx_spi.o(.text)
    SPI_GetCRCPolynomial                     0x0800ac59   Thumb Code     6  stm32f4xx_spi.o(.text)
    SPI_I2S_DMACmd                           0x0800ac5f   Thumb Code    18  stm32f4xx_spi.o(.text)
    SPI_I2S_ITConfig                         0x0800ac71   Thumb Code    68  stm32f4xx_spi.o(.text)
    SPI_I2S_GetFlagStatus                    0x0800acb5   Thumb Code    18  stm32f4xx_spi.o(.text)
    SPI_I2S_ClearFlag                        0x0800acc7   Thumb Code     6  stm32f4xx_spi.o(.text)
    SPI_I2S_GetITStatus                      0x0800accd   Thumb Code    52  stm32f4xx_spi.o(.text)
    SPI_I2S_ClearITPendingBit                0x0800ad01   Thumb Code    20  stm32f4xx_spi.o(.text)
    arm_cos_f32                              0x0800ad15   Thumb Code   194  arm_cos_f32.o(.text)
    arm_sin_f32                              0x0800aded   Thumb Code   194  arm_sin_f32.o(.text)
    __use_no_semihosting                     0x0800aec5   Thumb Code     2  use_no_semi_2.o(.text)
    __2printf                                0x0800aec9   Thumb Code    20  noretval__2printf.o(.text)
    __2sprintf                               0x0800aee1   Thumb Code    34  noretval__2sprintf.o(.text)
    __printf                                 0x0800af09   Thumb Code   270  __printf_wp.o(.text)
    strchr                                   0x0800b017   Thumb Code    20  strchr.o(.text)
    strcpy                                   0x0800b02b   Thumb Code    72  strcpy.o(.text)
    strlen                                   0x0800b073   Thumb Code    62  strlen.o(.text)
    strcat                                   0x0800b0b1   Thumb Code    24  strcat.o(.text)
    __aeabi_memcpy4                          0x0800b0c9   Thumb Code     0  rt_memcpy_w.o(.text)
    __aeabi_memcpy8                          0x0800b0c9   Thumb Code     0  rt_memcpy_w.o(.text)
    __rt_memcpy_w                            0x0800b0c9   Thumb Code   100  rt_memcpy_w.o(.text)
    _memcpy_lastbytes_aligned                0x0800b111   Thumb Code     0  rt_memcpy_w.o(.text)
    __aeabi_memclr                           0x0800b12d   Thumb Code     0  rt_memclr.o(.text)
    __rt_memclr                              0x0800b12d   Thumb Code    68  rt_memclr.o(.text)
    _memset                                  0x0800b131   Thumb Code     0  rt_memclr.o(.text)
    __use_two_region_memory                  0x0800b171   Thumb Code     2  heapauxi.o(.text)
    __rt_heap_escrow$2region                 0x0800b173   Thumb Code     2  heapauxi.o(.text)
    __rt_heap_expand$2region                 0x0800b175   Thumb Code     2  heapauxi.o(.text)
    __I$use$semihosting                      0x0800b177   Thumb Code     0  use_no_semi.o(.text)
    __use_no_semihosting_swi                 0x0800b177   Thumb Code     2  use_no_semi.o(.text)
    __read_errno                             0x0800b179   Thumb Code    10  _rserrno.o(.text)
    __set_errno                              0x0800b183   Thumb Code    12  _rserrno.o(.text)
    __lib_sel_fp_printf                      0x0800b18f   Thumb Code     2  _printf_fp_dec.o(.text)
    _printf_fp_dec_real                      0x0800b33d   Thumb Code   620  _printf_fp_dec.o(.text)
    _printf_char_common                      0x0800b5b3   Thumb Code    32  _printf_char_common.o(.text)
    _sputc                                   0x0800b5d9   Thumb Code    10  _sputc.o(.text)
    _printf_char_file                        0x0800b5e5   Thumb Code    32  _printf_char_file.o(.text)
    __strtod_int                             0x0800b645   Thumb Code    88  strtod.o(.text)
    __aeabi_memclr4                          0x0800b6a9   Thumb Code     0  rt_memclr_w.o(.text)
    __aeabi_memclr8                          0x0800b6a9   Thumb Code     0  rt_memclr_w.o(.text)
    __rt_memclr_w                            0x0800b6a9   Thumb Code    78  rt_memclr_w.o(.text)
    _memset_w                                0x0800b6ad   Thumb Code     0  rt_memclr_w.o(.text)
    __rt_locale                              0x0800b6f9   Thumb Code     8  rt_locale_intlibspace.o(.text)
    __aeabi_errno_addr                       0x0800b701   Thumb Code     8  rt_errno_addr_intlibspace.o(.text)
    __errno$intlibspace                      0x0800b701   Thumb Code     0  rt_errno_addr_intlibspace.o(.text)
    __rt_errno_addr$intlibspace              0x0800b701   Thumb Code     0  rt_errno_addr_intlibspace.o(.text)
    _ll_udiv10                               0x0800b709   Thumb Code   138  lludiv10.o(.text)
    isspace                                  0x0800b793   Thumb Code    18  isspace.o(.text)
    _printf_fp_infnan                        0x0800b7a5   Thumb Code   112  _printf_fp_infnan.o(.text)
    _sgetc                                   0x0800b825   Thumb Code    30  _sgetc.o(.text)
    _sbackspace                              0x0800b843   Thumb Code    34  _sgetc.o(.text)
    _btod_etento                             0x0800b865   Thumb Code   216  bigflt0.o(.text)
    ferror                                   0x0800b941   Thumb Code     8  ferror.o(.text)
    __user_libspace                          0x0800b949   Thumb Code     8  libspace.o(.text)
    __user_perproc_libspace                  0x0800b949   Thumb Code     0  libspace.o(.text)
    __user_perthread_libspace                0x0800b949   Thumb Code     0  libspace.o(.text)
    __user_setup_stackheap                   0x0800b951   Thumb Code    74  sys_stackheap_outer.o(.text)
    __rt_ctype_table                         0x0800b99d   Thumb Code    16  rt_ctype_table.o(.text)
    _scanf_really_real                       0x0800bba9   Thumb Code   668  scanf_fp.o(.text)
    exit                                     0x0800be51   Thumb Code    12  exit.o(.text)
    strcmp                                   0x0800be5d   Thumb Code   128  strcmpv7m.o(.text)
    _scanf_really_hex_real                   0x0800bedd   Thumb Code   778  scanf_hexfp.o(.text)
    _scanf_really_infnan                     0x0800c1f5   Thumb Code   292  scanf_infnan.o(.text)
    __aeabi_llsl                             0x0800c329   Thumb Code     0  llshl.o(.text)
    _ll_shift_l                              0x0800c329   Thumb Code    38  llshl.o(.text)
    _chval                                   0x0800c34f   Thumb Code    28  _chval.o(.text)
    _btod_d2e                                0x0800c36b   Thumb Code    62  btod.o(CL$$btod_d2e)
    _d2e_denorm_low                          0x0800c3a9   Thumb Code    70  btod.o(CL$$btod_d2e_denorm_low)
    _d2e_norm_op1                            0x0800c3ef   Thumb Code    96  btod.o(CL$$btod_d2e_norm_op1)
    __btod_div_common                        0x0800c44f   Thumb Code   696  btod.o(CL$$btod_div_common)
    _e2d                                     0x0800c789   Thumb Code    80  btod.o(CL$$btod_e2d)
    _e2e                                     0x0800c7dd   Thumb Code   198  btod.o(CL$$btod_e2e)
    _btod_ediv                               0x0800c8a3   Thumb Code    40  btod.o(CL$$btod_ediv)
    _btod_edivd                              0x0800c8cb   Thumb Code    40  btod.o(CL$$btod_edivd)
    _btod_emul                               0x0800c8f3   Thumb Code    40  btod.o(CL$$btod_emul)
    _btod_emuld                              0x0800c91b   Thumb Code    40  btod.o(CL$$btod_emuld)
    __btod_mult_common                       0x0800c943   Thumb Code   580  btod.o(CL$$btod_mult_common)
    __ARM_fpclassify                         0x0800cb87   Thumb Code    48  fpclassify.o(i.__ARM_fpclassify)
    __hardfp_atof                            0x0800cbb9   Thumb Code    44  atof.o(i.__hardfp_atof)
    __hardfp_fabs                            0x0800cbf1   Thumb Code    20  fabs.o(i.__hardfp_fabs)
    __hardfp_floor                           0x0800cc09   Thumb Code   252  floor.o(i.__hardfp_floor)
    __hardfp_ldexp                           0x0800cd21   Thumb Code   200  ldexp.o(i.__hardfp_ldexp)
    __hardfp_sqrt                            0x0800cdf1   Thumb Code   122  sqrt.o(i.__hardfp_sqrt)
    __mathlib_dbl_overflow                   0x0800ce71   Thumb Code    24  dunder.o(i.__mathlib_dbl_overflow)
    __mathlib_dbl_underflow                  0x0800ce91   Thumb Code    24  dunder.o(i.__mathlib_dbl_underflow)
    __mathlib_narrow                         0x0800ceb1   Thumb Code   166  narrow.o(i.__mathlib_narrow)
    __support_ldexp                          0x0800cf69   Thumb Code    20  ldexp.o(i.__support_ldexp)
    _is_digit                                0x0800cf7d   Thumb Code    14  __printf_wp.o(i._is_digit)
    frexp                                    0x0800cf91   Thumb Code   118  frexp.o(i.frexp)
    _get_lc_numeric                          0x0800d01d   Thumb Code    44  lc_numeric_c.o(locale$$code)
    _get_lc_ctype                            0x0800d049   Thumb Code    44  lc_ctype_c.o(locale$$code)
    __aeabi_d2f                              0x0800d075   Thumb Code     0  d2f.o(x$fpl$d2f)
    _d2f                                     0x0800d075   Thumb Code    98  d2f.o(x$fpl$d2f)
    __aeabi_dadd                             0x0800d0d9   Thumb Code     0  daddsub_clz.o(x$fpl$dadd)
    _dadd                                    0x0800d0d9   Thumb Code   332  daddsub_clz.o(x$fpl$dadd)
    __fpl_dcheck_NaN1                        0x0800d229   Thumb Code    10  dcheck1.o(x$fpl$dcheck1)
    __fpl_dcmp_Inf                           0x0800d239   Thumb Code    24  dcmpi.o(x$fpl$dcmpinf)
    __aeabi_ddiv                             0x0800d251   Thumb Code     0  ddiv.o(x$fpl$ddiv)
    _ddiv                                    0x0800d251   Thumb Code   552  ddiv.o(x$fpl$ddiv)
    __aeabi_cdcmpeq                          0x0800d501   Thumb Code     0  deqf.o(x$fpl$deqf)
    _dcmpeq                                  0x0800d501   Thumb Code   120  deqf.o(x$fpl$deqf)
    __aeabi_d2iz                             0x0800d579   Thumb Code     0  dfix.o(x$fpl$dfix)
    _dfix                                    0x0800d579   Thumb Code    94  dfix.o(x$fpl$dfix)
    __aeabi_d2uiz                            0x0800d5d9   Thumb Code     0  dfixu.o(x$fpl$dfixu)
    _dfixu                                   0x0800d5d9   Thumb Code    90  dfixu.o(x$fpl$dfixu)
    __aeabi_i2d                              0x0800d633   Thumb Code     0  dflt_clz.o(x$fpl$dflt)
    _dflt                                    0x0800d633   Thumb Code    46  dflt_clz.o(x$fpl$dflt)
    __aeabi_ui2d                             0x0800d661   Thumb Code     0  dflt_clz.o(x$fpl$dfltu)
    _dfltu                                   0x0800d661   Thumb Code    38  dflt_clz.o(x$fpl$dfltu)
    __aeabi_cdcmple                          0x0800d689   Thumb Code     0  dleqf.o(x$fpl$dleqf)
    _dcmple                                  0x0800d689   Thumb Code   120  dleqf.o(x$fpl$dleqf)
    __fpl_dcmple_InfNaN                      0x0800d6eb   Thumb Code     0  dleqf.o(x$fpl$dleqf)
    __aeabi_dmul                             0x0800d701   Thumb Code     0  dmul.o(x$fpl$dmul)
    _dmul                                    0x0800d701   Thumb Code   332  dmul.o(x$fpl$dmul)
    __fpl_dnaninf                            0x0800d855   Thumb Code   156  dnaninf.o(x$fpl$dnaninf)
    __fpl_dretinf                            0x0800d8f1   Thumb Code    12  dretinf.o(x$fpl$dretinf)
    __aeabi_cdrcmple                         0x0800d8fd   Thumb Code     0  drleqf.o(x$fpl$drleqf)
    _drcmple                                 0x0800d8fd   Thumb Code   108  drleqf.o(x$fpl$drleqf)
    __aeabi_drsub                            0x0800d969   Thumb Code     0  daddsub_clz.o(x$fpl$drsb)
    _drsb                                    0x0800d969   Thumb Code    22  daddsub_clz.o(x$fpl$drsb)
    _dsqrt                                   0x0800d981   Thumb Code   404  dsqrt_umaal.o(x$fpl$dsqrt)
    __aeabi_dsub                             0x0800db19   Thumb Code     0  daddsub_clz.o(x$fpl$dsub)
    _dsub                                    0x0800db19   Thumb Code   464  daddsub_clz.o(x$fpl$dsub)
    __aeabi_f2d                              0x0800dced   Thumb Code     0  f2d.o(x$fpl$f2d)
    _f2d                                     0x0800dced   Thumb Code    86  f2d.o(x$fpl$f2d)
    __fpl_fnaninf                            0x0800dd43   Thumb Code   140  fnaninf.o(x$fpl$fnaninf)
    _fp_init                                 0x0800ddcf   Thumb Code    10  fpinit.o(x$fpl$fpinit)
    __fplib_config_fpu_vfp                   0x0800ddd7   Thumb Code     0  fpinit.o(x$fpl$fpinit)
    __fplib_config_pureend_doubles           0x0800ddd7   Thumb Code     0  fpinit.o(x$fpl$fpinit)
    __fpl_fretinf                            0x0800ddd9   Thumb Code    10  fretinf.o(x$fpl$fretinf)
    _printf_fp_dec                           0x0800dde3   Thumb Code     4  printf1.o(x$fpl$printf1)
    __fpl_return_NaN                         0x0800dde7   Thumb Code   100  retnan.o(x$fpl$retnan)
    __ARM_scalbn                             0x0800de4b   Thumb Code    92  scalbn.o(x$fpl$scalbn)
    _scanf_real                              0x0800dea7   Thumb Code     4  scanf1.o(x$fpl$scanf1)
    _scanf_hex_real                          0x0800deab   Thumb Code     4  scanf2.o(x$fpl$scanf2)
    _scanf_infnan                            0x0800deaf   Thumb Code     4  scanf2.o(x$fpl$scanf2)
    __fpl_cmpreturn                          0x0800deb3   Thumb Code    48  trapv.o(x$fpl$trapveneer)
    __I$use$fp                               0x0800dee2   Number         0  usenofp.o(x$fpl$usenofp)
    asc2_1206                                0x0800dee2   Data        1140  lcd.o(.constdata)
    asc2_1608                                0x0800e356   Data        1520  lcd.o(.constdata)
    asc2_2412                                0x0800e946   Data        3420  lcd.o(.constdata)
    number_big                               0x0800f6a2   Data         780  lcd.o(.constdata)
    TX_ADDRESS                               0x0800f9ae   Data           5  24l01.o(.constdata)
    RX_ADDRESS                               0x0800f9b3   Data           5  24l01.o(.constdata)
    gImage_window                            0x0800f9b8   Data        2528  control.o(.constdata)
    FSMC_DefaultTimingStruct                 0x08010398   Data          28  stm32f4xx_fsmc.o(.constdata)
    Region$$Table$$Base                      0x08010d2c   Number         0  anon$$obj.o(Region$$Table)
    Region$$Table$$Limit                     0x08010d4c   Number         0  anon$$obj.o(Region$$Table)
    __aeabi_HUGE_VAL                         0x08010d4c   Data           0  fpconst.o(c$$dinf)
    __aeabi_HUGE_VALL                        0x08010d4c   Data           0  fpconst.o(c$$dinf)
    __aeabi_INFINITY                         0x08010d4c   Data           0  fpconst.o(c$$dinf)
    __dInf                                   0x08010d4c   Data           0  fpconst.o(c$$dinf)
    __huge_val                               0x08010d4c   Data           0  fpconst.o(c$$dinf)
    __ctype                                  0x08010d7d   Data           0  lc_ctype_c.o(locale$$data)
    name1                                    0x20000000   Data          60  main.o(.data)
    ADC_ConvertedValueLocal                  0x2000003c   Data           2  main.o(.data)
    button1                                  0x20000040   Data           4  main.o(.data)
    button2                                  0x20000044   Data           4  main.o(.data)
    button3                                  0x20000048   Data           4  main.o(.data)
    button4                                  0x2000004c   Data           4  main.o(.data)
    button5                                  0x20000050   Data           4  main.o(.data)
    Freqtrack                                0x20000054   Data           4  main.o(.data)
    edit1                                    0x20000058   Data           4  main.o(.data)
    edit2                                    0x2000005c   Data           4  main.o(.data)
    edit3                                    0x20000060   Data           4  main.o(.data)
    edit4                                    0x20000064   Data           4  main.o(.data)
    edit5                                    0x20000068   Data           4  main.o(.data)
    edit6                                    0x2000006c   Data           4  main.o(.data)
    edit7                                    0x20000070   Data           4  main.o(.data)
    edit8                                    0x20000074   Data           4  main.o(.data)
    edit9                                    0x20000078   Data           4  main.o(.data)
    edit10                                   0x2000007c   Data           4  main.o(.data)
    tab1                                     0x20000080   Data           4  main.o(.data)
    panel1                                   0x20000084   Data           4  main.o(.data)
    choose                                   0x20000088   Data           1  main.o(.data)
    Update                                   0x20000089   Data           1  main.o(.data)
    Error                                    0x2000008a   Data           1  main.o(.data)
    P1                                       0x2000008b   Data           1  main.o(.data)
    nowpwm                                   0x2000008c   Data           2  main.o(.data)
    Errortimer                               0x2000008e   Data           2  main.o(.data)
    Tb                                       0x20000090   Data           2  main.o(.data)
    POWER                                    0x20000092   Data           1  main.o(.data)
    MI                                       0x20000094   Data           4  main.o(.data)
    pwm                                      0x20000098   Data           4  main.o(.data)
    pwmA                                     0x2000009c   Data           4  main.o(.data)
    pwmB                                     0x200000a0   Data           4  main.o(.data)
    pwmC                                     0x200000a4   Data           4  main.o(.data)
    PhaseShift                               0x200000a8   Data           4  main.o(.data)
    FreqWord                                 0x200000ac   Data           4  main.o(.data)
    W                                        0x200000b0   Data           4  main.o(.data)
    delay                                    0x200000b4   Data           2  main.o(.data)
    delay_left                               0x200000b6   Data           2  main.o(.data)
    Tin                                      0x200000b8   Data           4  main.o(.data)
    Tout                                     0x200000bc   Data           4  main.o(.data)
    Period                                   0x200000c0   Data           4  main.o(.data)
    SystemCoreClock                          0x200000c8   Data           4  system_stm32f4xx.o(.data)
    AHBPrescTable                            0x200000cc   Data          16  system_stm32f4xx.o(.data)
    POINT_COLOR                              0x200000dc   Data           2  lcd.o(.data)
    BACK_COLOR                               0x200000de   Data           2  lcd.o(.data)
    tp_dev                                   0x200000e0   Data          64  touch.o(.data)
    CMD_RDX                                  0x20000120   Data           1  touch.o(.data)
    CMD_RDY                                  0x20000121   Data           1  touch.o(.data)
    TP_REMIND_MSG_TBL                        0x20000124   Data           4  touch.o(.data)
    Delay_Time                               0x20000128   Data           4  touch.o(.data)
    Tdif                                     0x2000012c   Data           4  exti.o(.data)
    adc0                                     0x20000130   Data           2  timer.o(.data)
    adc1                                     0x20000132   Data           2  timer.o(.data)
    adc2                                     0x20000134   Data           2  timer.o(.data)
    adc3                                     0x20000136   Data           2  timer.o(.data)
    POWERTimer                               0x20000138   Data           2  timer.o(.data)
    volt1                                    0x2000013c   Data           4  timer.o(.data)
    volt2                                    0x20000140   Data           4  timer.o(.data)
    amp1                                     0x20000144   Data           4  timer.o(.data)
    amp2                                     0x20000148   Data           4  timer.o(.data)
    nowEXTI2                                 0x2000014c   Data           1  timer.o(.data)
    lastEXTI2                                0x2000014d   Data           1  timer.o(.data)
    nowEXTI3                                 0x2000014e   Data           1  timer.o(.data)
    lastEXTI3                                0x2000014f   Data           1  timer.o(.data)
    VoltageOut                               0x20000150   Data           4  timer.o(.data)
    CurrentOut                               0x20000154   Data           4  timer.o(.data)
    lastVoltageIn                            0x20000158   Data           4  timer.o(.data)
    lastCurrentIn                            0x2000015c   Data           4  timer.o(.data)
    Phase                                    0x20000160   Data           4  timer.o(.data)
    A_p                                      0x20000168   Data           4  timer.o(.data)
    B_p                                      0x2000016c   Data           4  timer.o(.data)
    C_p                                      0x20000170   Data           4  timer.o(.data)
    A_n                                      0x20000174   Data           4  timer.o(.data)
    B_n                                      0x20000178   Data           4  timer.o(.data)
    C_n                                      0x2000017c   Data           4  timer.o(.data)
    phi                                      0x20000180   Data           4  timer.o(.data)
    nowpoint                                 0x20000184   Data           2  timer.o(.data)
    timer                                    0x20000186   Data           2  timer.o(.data)
    data_timer                               0x20000188   Data           2  timer.o(.data)
    head                                     0x2000018a   Data           1  timer.o(.data)
    tail                                     0x2000018b   Data           1  timer.o(.data)
    VoltageAB                                0x2000018c   Data           4  timer.o(.data)
    VoltageABIO                              0x20000190   Data           4  timer.o(.data)
    VoltageBC                                0x20000194   Data           4  timer.o(.data)
    VoltageBCIO                              0x20000198   Data           4  timer.o(.data)
    VoltageCA                                0x2000019c   Data           4  timer.o(.data)
    Ua                                       0x200001a0   Data           4  timer.o(.data)
    Ub                                       0x200001a4   Data           4  timer.o(.data)
    Uc                                       0x200001a8   Data           4  timer.o(.data)
    VoltageABSum                             0x200001ac   Data           4  timer.o(.data)
    VoltageABAvr                             0x200001b0   Data           4  timer.o(.data)
    VoltageBCSum                             0x200001b4   Data           4  timer.o(.data)
    VoltageBCAvr                             0x200001b8   Data           4  timer.o(.data)
    Current                                  0x200001bc   Data           4  timer.o(.data)
    CurrentOutAvr                            0x200001c0   Data           4  timer.o(.data)
    CurrentOutSum                            0x200001c4   Data           4  timer.o(.data)
    CurrentMax                               0x200001c8   Data           4  timer.o(.data)
    CurrentShow                              0x200001cc   Data           4  timer.o(.data)
    Ialpha                                   0x200001d0   Data           4  timer.o(.data)
    Ibeta                                    0x200001d4   Data           4  timer.o(.data)
    Id                                       0x200001d8   Data           4  timer.o(.data)
    Iq                                       0x200001dc   Data           4  timer.o(.data)
    theta                                    0x200001e0   Data           4  timer.o(.data)
    Pd                                       0x200001e4   Data           4  timer.o(.data)
    Pq                                       0x200001e8   Data           4  timer.o(.data)
    Id_save                                  0x200001ec   Data           4  timer.o(.data)
    Iq_save                                  0x200001f0   Data           4  timer.o(.data)
    Ua_fang                                  0x200001f4   Data           4  timer.o(.data)
    Ub_fang                                  0x200001f8   Data           4  timer.o(.data)
    Uc_fang                                  0x200001fc   Data           4  timer.o(.data)
    Uab_fang                                 0x20000200   Data           4  timer.o(.data)
    Ubc_fang                                 0x20000204   Data           4  timer.o(.data)
    Uca_fang                                 0x20000208   Data           4  timer.o(.data)
    time                                     0x2000020c   Data           4  timer.o(.data)
    VoltageA                                 0x20000210   Data           4  timer.o(.data)
    VoltageB                                 0x20000214   Data           4  timer.o(.data)
    VoltageC                                 0x20000218   Data           4  timer.o(.data)
    Voltage_AB                               0x2000021c   Data           4  timer.o(.data)
    Voltage_BC                               0x20000220   Data           4  timer.o(.data)
    Voltage_CA                               0x20000224   Data           4  timer.o(.data)
    first                                    0x20000228   Data           1  timer.o(.data)
    __stdout                                 0x20000230   Data           4  usart.o(.data)
    USART_RX_STA                             0x20000234   Data           2  usart.o(.data)
    integral1                                0x20000238   Data           4  pid.o(.data)
    integral2                                0x2000023c   Data           4  pid.o(.data)
    integral3                                0x20000240   Data           4  pid.o(.data)
    err                                      0x20000244   Data           4  pid.o(.data)
    tempDuty                                 0x20000248   Data           4  pid.o(.data)
    deltaI                                   0x2000024c   Data           4  pid.o(.data)
    deltaU                                   0x20000250   Data           4  pid.o(.data)
    p1                                       0x20000254   Data           4  pid.o(.data)
    p2                                       0x20000258   Data           4  pid.o(.data)
    but                                      0x2000026c   Data          60  main.o(.bss)
    sin_chart                                0x200002a8   Data        2400  main.o(.bss)
    cos_chart                                0x20000c08   Data        2400  main.o(.bss)
    lcddev                                   0x20001568   Data          14  lcd.o(.bss)
    ADCValue                                 0x200015a4   Data         240  adc.o(.bss)
    LastVoltage                              0x20001694   Data          40  timer.o(.bss)
    LastCurrent                              0x200016bc   Data          40  timer.o(.bss)
    USART_RX_BUF                             0x200016e4   Data         200  usart.o(.bss)
    button                                   0x200017ac   Data        2080  control.o(.bss)
    font                                     0x20001fcc   Data         640  control.o(.bss)
    zpos                                     0x2000224c   Data         200  control.o(.bss)
    track                                    0x20002314   Data         280  control.o(.bss)
    edit                                     0x2000242c   Data         620  control.o(.bss)
    tab                                      0x20002698   Data        1090  control.o(.bss)
    panel                                    0x20002adc   Data        5792  control.o(.bss)
    tempst                                   0x2000417c   Data          25  control.o(.bss)
    __libspace_start                         0x20004198   Data          96  libspace.o(.bss)
    __temporary_stack_top$libspace           0x200041f8   Data           0  libspace.o(.bss)



==============================================================================

Memory Map of the image

  Image Entry point : 0x08000189

  Load Region LR_IROM1 (Base: 0x08000000, Size: 0x000110ec, Max: 0x00100000, ABSOLUTE, COMPRESSED[0x00010ef8])

    Execution Region ER_IROM1 (Base: 0x08000000, Size: 0x00010e80, Max: 0x00100000, ABSOLUTE)

    Base Addr    Size         Type   Attr      Idx    E Section Name        Object

    0x08000000   0x00000188   Data   RO          722    RESET               startup_stm32f40_41xxx.o
    0x08000188   0x00000008   Code   RO         1071  * !!!main             c_w.l(__main.o)
    0x08000190   0x00000034   Code   RO         1460    !!!scatter          c_w.l(__scatter.o)
    0x080001c4   0x0000005a   Code   RO         1458    !!dczerorl2         c_w.l(__dczerorl2.o)
    0x0800021e   0x00000002   PAD
    0x08000220   0x0000001c   Code   RO         1462    !!handler_zi        c_w.l(__scatter_zi.o)
    0x0800023c   0x00000000   Code   RO         1056    .ARM.Collect$$_printf_percent$$00000000  c_w.l(_printf_percent.o)
    0x0800023c   0x00000006   Code   RO         1055    .ARM.Collect$$_printf_percent$$00000003  c_w.l(_printf_f.o)
    0x08000242   0x00000004   Code   RO         1152    .ARM.Collect$$_printf_percent$$00000017  c_w.l(_printf_percent_end.o)
    0x08000246   0x00000002   Code   RO         1261    .ARM.Collect$$libinit$$00000000  c_w.l(libinit.o)
    0x08000248   0x00000004   Code   RO         1262    .ARM.Collect$$libinit$$00000001  c_w.l(libinit2.o)
    0x0800024c   0x00000000   Code   RO         1265    .ARM.Collect$$libinit$$00000004  c_w.l(libinit2.o)
    0x0800024c   0x00000000   Code   RO         1268    .ARM.Collect$$libinit$$0000000A  c_w.l(libinit2.o)
    0x0800024c   0x00000000   Code   RO         1270    .ARM.Collect$$libinit$$0000000C  c_w.l(libinit2.o)
    0x0800024c   0x00000000   Code   RO         1272    .ARM.Collect$$libinit$$0000000E  c_w.l(libinit2.o)
    0x0800024c   0x00000006   Code   RO         1273    .ARM.Collect$$libinit$$0000000F  c_w.l(libinit2.o)
    0x08000252   0x00000000   Code   RO         1275    .ARM.Collect$$libinit$$00000011  c_w.l(libinit2.o)
    0x08000252   0x0000000c   Code   RO         1276    .ARM.Collect$$libinit$$00000012  c_w.l(libinit2.o)
    0x0800025e   0x00000000   Code   RO         1277    .ARM.Collect$$libinit$$00000013  c_w.l(libinit2.o)
    0x0800025e   0x00000000   Code   RO         1279    .ARM.Collect$$libinit$$00000015  c_w.l(libinit2.o)
    0x0800025e   0x0000000a   Code   RO         1280    .ARM.Collect$$libinit$$00000016  c_w.l(libinit2.o)
    0x08000268   0x00000000   Code   RO         1281    .ARM.Collect$$libinit$$00000017  c_w.l(libinit2.o)
    0x08000268   0x00000000   Code   RO         1283    .ARM.Collect$$libinit$$00000019  c_w.l(libinit2.o)
    0x08000268   0x00000000   Code   RO         1285    .ARM.Collect$$libinit$$0000001B  c_w.l(libinit2.o)
    0x08000268   0x00000000   Code   RO         1287    .ARM.Collect$$libinit$$0000001D  c_w.l(libinit2.o)
    0x08000268   0x00000000   Code   RO         1289    .ARM.Collect$$libinit$$0000001F  c_w.l(libinit2.o)
    0x08000268   0x00000000   Code   RO         1291    .ARM.Collect$$libinit$$00000021  c_w.l(libinit2.o)
    0x08000268   0x00000000   Code   RO         1293    .ARM.Collect$$libinit$$00000023  c_w.l(libinit2.o)
    0x08000268   0x00000000   Code   RO         1295    .ARM.Collect$$libinit$$00000025  c_w.l(libinit2.o)
    0x08000268   0x00000000   Code   RO         1299    .ARM.Collect$$libinit$$0000002C  c_w.l(libinit2.o)
    0x08000268   0x00000000   Code   RO         1301    .ARM.Collect$$libinit$$0000002E  c_w.l(libinit2.o)
    0x08000268   0x00000000   Code   RO         1303    .ARM.Collect$$libinit$$00000030  c_w.l(libinit2.o)
    0x08000268   0x00000000   Code   RO         1305    .ARM.Collect$$libinit$$00000032  c_w.l(libinit2.o)
    0x08000268   0x00000002   Code   RO         1306    .ARM.Collect$$libinit$$00000033  c_w.l(libinit2.o)
    0x0800026a   0x00000002   Code   RO         1370    .ARM.Collect$$libshutdown$$00000000  c_w.l(libshutdown.o)
    0x0800026c   0x00000000   Code   RO         1396    .ARM.Collect$$libshutdown$$00000003  c_w.l(libshutdown2.o)
    0x0800026c   0x00000000   Code   RO         1399    .ARM.Collect$$libshutdown$$00000006  c_w.l(libshutdown2.o)
    0x0800026c   0x00000000   Code   RO         1402    .ARM.Collect$$libshutdown$$00000009  c_w.l(libshutdown2.o)
    0x0800026c   0x00000000   Code   RO         1404    .ARM.Collect$$libshutdown$$0000000B  c_w.l(libshutdown2.o)
    0x0800026c   0x00000000   Code   RO         1407    .ARM.Collect$$libshutdown$$0000000E  c_w.l(libshutdown2.o)
    0x0800026c   0x00000002   Code   RO         1408    .ARM.Collect$$libshutdown$$0000000F  c_w.l(libshutdown2.o)
    0x0800026e   0x00000000   Code   RO         1141    .ARM.Collect$$rtentry$$00000000  c_w.l(__rtentry.o)
    0x0800026e   0x00000000   Code   RO         1171    .ARM.Collect$$rtentry$$00000002  c_w.l(__rtentry2.o)
    0x0800026e   0x00000006   Code   RO         1183    .ARM.Collect$$rtentry$$00000004  c_w.l(__rtentry4.o)
    0x08000274   0x00000000   Code   RO         1173    .ARM.Collect$$rtentry$$00000009  c_w.l(__rtentry2.o)
    0x08000274   0x00000004   Code   RO         1174    .ARM.Collect$$rtentry$$0000000A  c_w.l(__rtentry2.o)
    0x08000278   0x00000000   Code   RO         1176    .ARM.Collect$$rtentry$$0000000C  c_w.l(__rtentry2.o)
    0x08000278   0x00000008   Code   RO         1177    .ARM.Collect$$rtentry$$0000000D  c_w.l(__rtentry2.o)
    0x08000280   0x00000002   Code   RO         1307    .ARM.Collect$$rtexit$$00000000  c_w.l(rtexit.o)
    0x08000282   0x00000000   Code   RO         1334    .ARM.Collect$$rtexit$$00000002  c_w.l(rtexit2.o)
    0x08000282   0x00000004   Code   RO         1335    .ARM.Collect$$rtexit$$00000003  c_w.l(rtexit2.o)
    0x08000286   0x00000006   Code   RO         1336    .ARM.Collect$$rtexit$$00000004  c_w.l(rtexit2.o)
    0x0800028c   0x00000002   Code   RO          206    .emb_text           stm32f4xx_it.o
    0x0800028e   0x00000002   PAD
    0x08000290   0x00000334   Code   RO            3    .text               main.o
    0x080005c4   0x0000001e   Code   RO          207    .text               stm32f4xx_it.o
    0x080005e2   0x00000002   PAD
    0x080005e4   0x00000210   Code   RO          259    .text               system_stm32f4xx.o
    0x080007f4   0x000000cc   Code   RO          285    .text               led.o
    0x080008c0   0x00001f94   Code   RO          305    .text               lcd.o
    0x08002854   0x0000140c   Code   RO          336    .text               touch.o
    0x08003c60   0x0000020c   Code   RO          398    .text               pwm.o
    0x08003e6c   0x0000017a   Code   RO          422    .text               24cxx.o
    0x08003fe6   0x00000002   PAD
    0x08003fe8   0x00000264   Code   RO          442    .text               myiic.o
    0x0800424c   0x000001fc   Code   RO          462    .text               adc.o
    0x08004448   0x00000188   Code   RO          485    .text               exti.o
    0x080045d0   0x00000bb8   Code   RO          509    .text               timer.o
    0x08005188   0x00000320   Code   RO          557    .text               24l01.o
    0x080054a8   0x00000118   Code   RO          583    .text               spi.o
    0x080055c0   0x00000104   Code   RO          603    .text               delay.o
    0x080056c4   0x00000110   Code   RO          643    .text               usart.o
    0x080057d4   0x00002240   Code   RO          674    .text               control.o
    0x08007a14   0x00000492   Code   RO          699    .text               pid.o
    0x08007ea6   0x00000002   PAD
    0x08007ea8   0x00000040   Code   RO          723    .text               startup_stm32f40_41xxx.o
    0x08007ee8   0x000000e0   Code   RO          729    .text               misc.o
    0x08007fc8   0x00000294   Code   RO          749    .text               stm32f4xx_gpio.o
    0x0800825c   0x000005c8   Code   RO          769    .text               stm32f4xx_fsmc.o
    0x08008824   0x0000065c   Code   RO          792    .text               stm32f4xx_rcc.o
    0x08008e80   0x00000454   Code   RO          834    .text               stm32f4xx_usart.o
    0x080092d4   0x00000464   Code   RO          854    .text               stm32f4xx_adc.o
    0x08009738   0x00000ca2   Code   RO          874    .text               stm32f4xx_tim.o
    0x0800a3da   0x00000002   PAD
    0x0800a3dc   0x00000110   Code   RO          894    .text               stm32f4xx_exti.o
    0x0800a4ec   0x000003a8   Code   RO          914    .text               stm32f4xx_dma.o
    0x0800a894   0x00000480   Code   RO          934    .text               stm32f4xx_spi.o
    0x0800ad14   0x000000d8   Code   RO          954    .text               arm_cortexM4lf_math.lib(arm_cos_f32.o)
    0x0800adec   0x000000d8   Code   RO         1001    .text               arm_cortexM4lf_math.lib(arm_sin_f32.o)
    0x0800aec4   0x00000002   Code   RO         1023    .text               c_w.l(use_no_semi_2.o)
    0x0800aec6   0x00000002   PAD
    0x0800aec8   0x00000018   Code   RO         1029    .text               c_w.l(noretval__2printf.o)
    0x0800aee0   0x00000028   Code   RO         1031    .text               c_w.l(noretval__2sprintf.o)
    0x0800af08   0x0000010e   Code   RO         1043    .text               c_w.l(__printf_wp.o)
    0x0800b016   0x00000014   Code   RO         1057    .text               c_w.l(strchr.o)
    0x0800b02a   0x00000048   Code   RO         1059    .text               c_w.l(strcpy.o)
    0x0800b072   0x0000003e   Code   RO         1061    .text               c_w.l(strlen.o)
    0x0800b0b0   0x00000018   Code   RO         1063    .text               c_w.l(strcat.o)
    0x0800b0c8   0x00000064   Code   RO         1065    .text               c_w.l(rt_memcpy_w.o)
    0x0800b12c   0x00000044   Code   RO         1067    .text               c_w.l(rt_memclr.o)
    0x0800b170   0x00000006   Code   RO         1069    .text               c_w.l(heapauxi.o)
    0x0800b176   0x00000002   Code   RO         1139    .text               c_w.l(use_no_semi.o)
    0x0800b178   0x00000016   Code   RO         1142    .text               c_w.l(_rserrno.o)
    0x0800b18e   0x0000041a   Code   RO         1144    .text               c_w.l(_printf_fp_dec.o)
    0x0800b5a8   0x00000030   Code   RO         1146    .text               c_w.l(_printf_char_common.o)
    0x0800b5d8   0x0000000a   Code   RO         1148    .text               c_w.l(_sputc.o)
    0x0800b5e2   0x00000002   PAD
    0x0800b5e4   0x00000024   Code   RO         1150    .text               c_w.l(_printf_char_file.o)
    0x0800b608   0x000000a0   Code   RO         1153    .text               c_w.l(strtod.o)
    0x0800b6a8   0x0000004e   Code   RO         1155    .text               c_w.l(rt_memclr_w.o)
    0x0800b6f6   0x00000002   PAD
    0x0800b6f8   0x00000008   Code   RO         1188    .text               c_w.l(rt_locale_intlibspace.o)
    0x0800b700   0x00000008   Code   RO         1193    .text               c_w.l(rt_errno_addr_intlibspace.o)
    0x0800b708   0x0000008a   Code   RO         1195    .text               c_w.l(lludiv10.o)
    0x0800b792   0x00000012   Code   RO         1197    .text               c_w.l(isspace.o)
    0x0800b7a4   0x00000080   Code   RO         1199    .text               c_w.l(_printf_fp_infnan.o)
    0x0800b824   0x00000040   Code   RO         1203    .text               c_w.l(_sgetc.o)
    0x0800b864   0x000000dc   Code   RO         1205    .text               c_w.l(bigflt0.o)
    0x0800b940   0x00000008   Code   RO         1230    .text               c_w.l(ferror.o)
    0x0800b948   0x00000008   Code   RO         1243    .text               c_w.l(libspace.o)
    0x0800b950   0x0000004a   Code   RO         1246    .text               c_w.l(sys_stackheap_outer.o)
    0x0800b99a   0x00000002   PAD
    0x0800b99c   0x00000010   Code   RO         1248    .text               c_w.l(rt_ctype_table.o)
    0x0800b9ac   0x000004a4   Code   RO         1250    .text               c_w.l(scanf_fp.o)
    0x0800be50   0x0000000c   Code   RO         1252    .text               c_w.l(exit.o)
    0x0800be5c   0x00000080   Code   RO         1254    .text               c_w.l(strcmpv7m.o)
    0x0800bedc   0x00000318   Code   RO         1340    .text               c_w.l(scanf_hexfp.o)
    0x0800c1f4   0x00000134   Code   RO         1342    .text               c_w.l(scanf_infnan.o)
    0x0800c328   0x00000026   Code   RO         1360    .text               c_w.l(llshl.o)
    0x0800c34e   0x0000001c   Code   RO         1362    .text               c_w.l(_chval.o)
    0x0800c36a   0x0000003e   Code   RO         1208    CL$$btod_d2e        c_w.l(btod.o)
    0x0800c3a8   0x00000046   Code   RO         1210    CL$$btod_d2e_denorm_low  c_w.l(btod.o)
    0x0800c3ee   0x00000060   Code   RO         1209    CL$$btod_d2e_norm_op1  c_w.l(btod.o)
    0x0800c44e   0x00000338   Code   RO         1218    CL$$btod_div_common  c_w.l(btod.o)
    0x0800c786   0x00000002   PAD
    0x0800c788   0x00000054   Code   RO         1216    CL$$btod_e2d        c_w.l(btod.o)
    0x0800c7dc   0x000000c6   Code   RO         1215    CL$$btod_e2e        c_w.l(btod.o)
    0x0800c8a2   0x00000028   Code   RO         1212    CL$$btod_ediv       c_w.l(btod.o)
    0x0800c8ca   0x00000028   Code   RO         1214    CL$$btod_edivd      c_w.l(btod.o)
    0x0800c8f2   0x00000028   Code   RO         1211    CL$$btod_emul       c_w.l(btod.o)
    0x0800c91a   0x00000028   Code   RO         1213    CL$$btod_emuld      c_w.l(btod.o)
    0x0800c942   0x00000244   Code   RO         1217    CL$$btod_mult_common  c_w.l(btod.o)
    0x0800cb86   0x00000030   Code   RO         1241    i.__ARM_fpclassify  m_wm.l(fpclassify.o)
    0x0800cbb6   0x00000002   PAD
    0x0800cbb8   0x00000038   Code   RO         1109    i.__hardfp_atof     m_wm.l(atof.o)
    0x0800cbf0   0x00000014   Code   RO         1115    i.__hardfp_fabs     m_wm.l(fabs.o)
    0x0800cc04   0x00000004   PAD
    0x0800cc08   0x00000118   Code   RO         1121    i.__hardfp_floor    m_wm.l(floor.o)
    0x0800cd20   0x000000d0   Code   RO         1371    i.__hardfp_ldexp    m_wm.l(ldexp.o)
    0x0800cdf0   0x0000007a   Code   RO         1127    i.__hardfp_sqrt     m_wm.l(sqrt.o)
    0x0800ce6a   0x00000006   PAD
    0x0800ce70   0x00000020   Code   RO         1415    i.__mathlib_dbl_overflow  m_wm.l(dunder.o)
    0x0800ce90   0x00000020   Code   RO         1417    i.__mathlib_dbl_underflow  m_wm.l(dunder.o)
    0x0800ceb0   0x000000b8   Code   RO         1326    i.__mathlib_narrow  m_wm.l(narrow.o)
    0x0800cf68   0x00000014   Code   RO         1373    i.__support_ldexp   m_wm.l(ldexp.o)
    0x0800cf7c   0x0000000e   Code   RO         1045    i._is_digit         c_w.l(__printf_wp.o)
    0x0800cf8a   0x00000006   PAD
    0x0800cf90   0x0000008c   Code   RO         1352    i.frexp             m_wm.l(frexp.o)
    0x0800d01c   0x0000002c   Code   RO         1235    locale$$code        c_w.l(lc_numeric_c.o)
    0x0800d048   0x0000002c   Code   RO         1310    locale$$code        c_w.l(lc_ctype_c.o)
    0x0800d074   0x00000062   Code   RO         1073    x$fpl$d2f           fz_wm.l(d2f.o)
    0x0800d0d6   0x00000002   PAD
    0x0800d0d8   0x00000150   Code   RO         1075    x$fpl$dadd          fz_wm.l(daddsub_clz.o)
    0x0800d228   0x00000010   Code   RO         1430    x$fpl$dcheck1       fz_wm.l(dcheck1.o)
    0x0800d238   0x00000018   Code   RO         1157    x$fpl$dcmpinf       fz_wm.l(dcmpi.o)
    0x0800d250   0x000002b0   Code   RO         1082    x$fpl$ddiv          fz_wm.l(ddiv.o)
    0x0800d500   0x00000078   Code   RO         1348    x$fpl$deqf          fz_wm.l(deqf.o)
    0x0800d578   0x0000005e   Code   RO         1085    x$fpl$dfix          fz_wm.l(dfix.o)
    0x0800d5d6   0x00000002   PAD
    0x0800d5d8   0x0000005a   Code   RO         1089    x$fpl$dfixu         fz_wm.l(dfixu.o)
    0x0800d632   0x0000002e   Code   RO         1094    x$fpl$dflt          fz_wm.l(dflt_clz.o)
    0x0800d660   0x00000026   Code   RO         1093    x$fpl$dfltu         fz_wm.l(dflt_clz.o)
    0x0800d686   0x00000002   PAD
    0x0800d688   0x00000078   Code   RO         1099    x$fpl$dleqf         fz_wm.l(dleqf.o)
    0x0800d700   0x00000154   Code   RO         1101    x$fpl$dmul          fz_wm.l(dmul.o)
    0x0800d854   0x0000009c   Code   RO         1159    x$fpl$dnaninf       fz_wm.l(dnaninf.o)
    0x0800d8f0   0x0000000c   Code   RO         1161    x$fpl$dretinf       fz_wm.l(dretinf.o)
    0x0800d8fc   0x0000006c   Code   RO         1103    x$fpl$drleqf        fz_wm.l(drleqf.o)
    0x0800d968   0x00000016   Code   RO         1076    x$fpl$drsb          fz_wm.l(daddsub_clz.o)
    0x0800d97e   0x00000002   PAD
    0x0800d980   0x00000198   Code   RO         1163    x$fpl$dsqrt         fz_wm.l(dsqrt_umaal.o)
    0x0800db18   0x000001d4   Code   RO         1077    x$fpl$dsub          fz_wm.l(daddsub_clz.o)
    0x0800dcec   0x00000056   Code   RO         1105    x$fpl$f2d           fz_wm.l(f2d.o)
    0x0800dd42   0x0000008c   Code   RO         1165    x$fpl$fnaninf       fz_wm.l(fnaninf.o)
    0x0800ddce   0x0000000a   Code   RO         1317    x$fpl$fpinit        fz_wm.l(fpinit.o)
    0x0800ddd8   0x0000000a   Code   RO         1167    x$fpl$fretinf       fz_wm.l(fretinf.o)
    0x0800dde2   0x00000004   Code   RO         1107    x$fpl$printf1       fz_wm.l(printf1.o)
    0x0800dde6   0x00000064   Code   RO         1436    x$fpl$retnan        fz_wm.l(retnan.o)
    0x0800de4a   0x0000005c   Code   RO         1409    x$fpl$scalbn        fz_wm.l(scalbn.o)
    0x0800dea6   0x00000004   Code   RO         1239    x$fpl$scanf1        fz_wm.l(scanf1.o)
    0x0800deaa   0x00000008   Code   RO         1319    x$fpl$scanf2        fz_wm.l(scanf2.o)
    0x0800deb2   0x00000030   Code   RO         1454    x$fpl$trapveneer    fz_wm.l(trapv.o)
    0x0800dee2   0x00000000   Code   RO         1169    x$fpl$usenofp       fz_wm.l(usenofp.o)
    0x0800dee2   0x00001acc   Data   RO          307    .constdata          lcd.o
    0x0800f9ae   0x0000000a   Data   RO          558    .constdata          24l01.o
    0x0800f9b8   0x000009e0   Data   RO          676    .constdata          control.o
    0x08010398   0x0000001c   Data   RO          770    .constdata          stm32f4xx_fsmc.o
    0x080103b4   0x00000410   Data   RO          955    .constdata          arm_cortexM4lf_math.lib(arm_cos_f32.o)
    0x080107c4   0x0000040c   Data   RO         1002    .constdata          arm_cortexM4lf_math.lib(arm_sin_f32.o)
    0x08010bd0   0x00000094   Data   RO         1206    .constdata          c_w.l(bigflt0.o)
    0x08010c64   0x00000040   Data   RO            6    .conststring        main.o
    0x08010ca4   0x00000085   Data   RO          337    .conststring        touch.o
    0x08010d29   0x00000003   PAD
    0x08010d2c   0x00000020   Data   RO         1456    Region$$Table       anon$$obj.o
    0x08010d4c   0x00000008   Data   RO         1314    c$$dinf             fz_wm.l(fpconst.o)
    0x08010d54   0x0000001c   Data   RO         1234    locale$$data        c_w.l(lc_numeric_c.o)
    0x08010d70   0x00000110   Data   RO         1309    locale$$data        c_w.l(lc_ctype_c.o)


    Execution Region RW_IRAM1 (Base: 0x20000000, Size: 0x000047f8, Max: 0x00020000, ABSOLUTE, COMPRESSED[0x00000078])

    Base Addr    Size         Type   Attr      Idx    E Section Name        Object

    0x20000000   0x000000c5   Data   RW            7    .data               main.o
    0x200000c5   0x00000003   PAD
    0x200000c8   0x00000014   Data   RW          260    .data               system_stm32f4xx.o
    0x200000dc   0x00000004   Data   RW          308    .data               lcd.o
    0x200000e0   0x0000004c   Data   RW          338    .data               touch.o
    0x2000012c   0x00000004   Data   RW          486    .data               exti.o
    0x20000130   0x000000f9   Data   RW          511    .data               timer.o
    0x20000229   0x00000001   PAD
    0x2000022a   0x00000004   Data   RW          604    .data               delay.o
    0x2000022e   0x00000002   PAD
    0x20000230   0x00000006   Data   RW          645    .data               usart.o
    0x20000236   0x00000002   PAD
    0x20000238   0x00000024   Data   RW          700    .data               pid.o
    0x2000025c   0x00000010   Data   RW          793    .data               stm32f4xx_rcc.o
    0x2000026c   0x000012fc   Zero   RW            4    .bss                main.o
    0x20001568   0x0000003b   Zero   RW          306    .bss                lcd.o
    0x200015a3   0x00000001   PAD
    0x200015a4   0x000000f0   Zero   RW          463    .bss                adc.o
    0x20001694   0x00000050   Zero   RW          510    .bss                timer.o
    0x200016e4   0x000000c8   Zero   RW          644    .bss                usart.o
    0x200017ac   0x000029e9   Zero   RW          675    .bss                control.o
    0x20004195   0x00000003   PAD
    0x20004198   0x00000060   Zero   RW         1244    .bss                c_w.l(libspace.o)
    0x200041f8   0x00000200   Zero   RW          721    HEAP                startup_stm32f40_41xxx.o
    0x200043f8   0x00000400   Zero   RW          720    STACK               startup_stm32f40_41xxx.o


==============================================================================

Image component sizes


      Code (inc. data)   RO Data    RW Data    ZI Data      Debug   Object Name

       378          0          0          0          0       2698   24cxx.o
       800         34         10          0          0       3877   24l01.o
       508         18          0          0        240       2266   adc.o
      8768        324       2528          0      10729      13616   control.o
       260          8          0          4          0       1469   delay.o
       392         68          0          4          0       1410   exti.o
      8084        222       6860          4         59      20978   lcd.o
       204         14          0          0          0        639   led.o
       820        142         64        197       4860     331869   main.o
       224         20          0          0          0       1849   misc.o
       612         14          0          0          0       1912   myiic.o
      1170         64          0         36          0       2398   pid.o
       524         12          0          0          0       1566   pwm.o
       280          8          0          0          0       1073   spi.o
        64         26        392          0       1536        836   startup_stm32f40_41xxx.o
      1124         24          0          0          0      10522   stm32f4xx_adc.o
       936         32          0          0          0       6329   stm32f4xx_dma.o
       272         10          0          0          0       2295   stm32f4xx_exti.o
      1480         18         28          0          0       5662   stm32f4xx_fsmc.o
       660         44          0          0          0       4129   stm32f4xx_gpio.o
        32          0          0          0          0       1718   stm32f4xx_it.o
      1628         52          0         16          0      12928   stm32f4xx_rcc.o
      1152         36          0          0          0       6877   stm32f4xx_spi.o
      3234         60          0          0          0      22332   stm32f4xx_tim.o
      1108         34          0          0          0       7828   stm32f4xx_usart.o
       528         46          0         20          0       1827   system_stm32f4xx.o
      3000        446          0        249         80      18973   timer.o
      5132        336        133         76          0       7281   touch.o
       272         14          0          6        200       3322   usart.o

    ----------------------------------------------------------------------
     43656       2126      10050        620      17708     500479   Object Totals
         0          0         32          0          0          0   (incl. Generated)
        10          0          3          8          4          0   (incl. Padding)

    ----------------------------------------------------------------------

      Code (inc. data)   RO Data    RW Data    ZI Data      Debug   Library Member Name

       216         22       1040          0          0      16570   arm_cos_f32.o
       216         22       1036          0          0       1382   arm_sin_f32.o
        90          0          0          0          0          0   __dczerorl2.o
         8          0          0          0          0         68   __main.o
       284          0          0          0          0        156   __printf_wp.o
         0          0          0          0          0          0   __rtentry.o
        12          0          0          0          0          0   __rtentry2.o
         6          0          0          0          0          0   __rtentry4.o
        52          8          0          0          0          0   __scatter.o
        28          0          0          0          0          0   __scatter_zi.o
        28          0          0          0          0         68   _chval.o
        48          6          0          0          0         96   _printf_char_common.o
        36          4          0          0          0         80   _printf_char_file.o
         6          0          0          0          0          0   _printf_f.o
      1050          0          0          0          0        216   _printf_fp_dec.o
       128         16          0          0          0         84   _printf_fp_infnan.o
         0          0          0          0          0          0   _printf_percent.o
         4          0          0          0          0          0   _printf_percent_end.o
        22          0          0          0          0        100   _rserrno.o
        64          0          0          0          0         84   _sgetc.o
        10          0          0          0          0         68   _sputc.o
       220          4        148          0          0         96   bigflt0.o
      2074        132          0          0          0        940   btod.o
        12          0          0          0          0         72   exit.o
         8          0          0          0          0         68   ferror.o
         6          0          0          0          0        152   heapauxi.o
        18          0          0          0          0         76   isspace.o
        44         10        272          0          0         76   lc_ctype_c.o
        44         10         28          0          0         76   lc_numeric_c.o
         2          0          0          0          0          0   libinit.o
        34          0          0          0          0          0   libinit2.o
         2          0          0          0          0          0   libshutdown.o
         2          0          0          0          0          0   libshutdown2.o
         8          4          0          0         96         68   libspace.o
        38          0          0          0          0         68   llshl.o
       138          0          0          0          0         80   lludiv10.o
        24          4          0          0          0         84   noretval__2printf.o
        40          6          0          0          0         84   noretval__2sprintf.o
        16          4          0          0          0         76   rt_ctype_table.o
         8          4          0          0          0         68   rt_errno_addr_intlibspace.o
         8          4          0          0          0         68   rt_locale_intlibspace.o
        68          0          0          0          0         68   rt_memclr.o
        78          0          0          0          0         80   rt_memclr_w.o
       100          0          0          0          0         80   rt_memcpy_w.o
         2          0          0          0          0          0   rtexit.o
        10          0          0          0          0          0   rtexit2.o
      1188         12          0          0          0        148   scanf_fp.o
       792         14          0          0          0        100   scanf_hexfp.o
       308         16          0          0          0        100   scanf_infnan.o
        24          0          0          0          0         68   strcat.o
        20          0          0          0          0         68   strchr.o
       128          0          0          0          0         68   strcmpv7m.o
        72          0          0          0          0         80   strcpy.o
        62          0          0          0          0         76   strlen.o
       160         12          0          0          0        120   strtod.o
        74          0          0          0          0         80   sys_stackheap_outer.o
         2          0          0          0          0         68   use_no_semi.o
         2          0          0          0          0         68   use_no_semi_2.o
        98          4          0          0          0        140   d2f.o
       826         16          0          0          0        492   daddsub_clz.o
        16          4          0          0          0        116   dcheck1.o
        24          0          0          0          0        116   dcmpi.o
       688        140          0          0          0        256   ddiv.o
       120          4          0          0          0        140   deqf.o
        94          4          0          0          0        140   dfix.o
        90          4          0          0          0        140   dfixu.o
        84          0          0          0          0        232   dflt_clz.o
       120          4          0          0          0        140   dleqf.o
       340         12          0          0          0        152   dmul.o
       156          4          0          0          0        140   dnaninf.o
        12          0          0          0          0        116   dretinf.o
       108          0          0          0          0        128   drleqf.o
       408         56          0          0          0        168   dsqrt_umaal.o
        86          4          0          0          0        132   f2d.o
       140          4          0          0          0        132   fnaninf.o
         0          0          8          0          0          0   fpconst.o
        10          0          0          0          0        116   fpinit.o
        10          0          0          0          0        116   fretinf.o
         4          0          0          0          0        116   printf1.o
       100          0          0          0          0        116   retnan.o
        92          0          0          0          0        116   scalbn.o
         4          0          0          0          0        116   scanf1.o
         8          0          0          0          0        132   scanf2.o
        48          0          0          0          0        116   trapv.o
         0          0          0          0          0          0   usenofp.o
        56         12          0          0          0        132   atof.o
        64         16          0          0          0        248   dunder.o
        20          0          0          0          0        124   fabs.o
       280         28          0          0          0        156   floor.o
        48          0          0          0          0        124   fpclassify.o
       140         22          0          0          0        132   frexp.o
       228          8          0          0          0        308   ldexp.o
       184         18          0          0          0        152   narrow.o
       122          0          0          0          0        148   sqrt.o

    ----------------------------------------------------------------------
     13010        680       2532          0         96      27744   Library Totals
        38          2          0          0          0          0   (incl. Padding)

    ----------------------------------------------------------------------

      Code (inc. data)   RO Data    RW Data    ZI Data      Debug   Library Name

       432         44       2076          0          0      17952   arm_cortexM4lf_math.lib
      7712        270        448          0         96       4444   c_w.l
      3686        260          8          0          0       3824   fz_wm.l
      1142        104          0          0          0       1524   m_wm.l

    ----------------------------------------------------------------------
     13010        680       2532          0         96      27744   Library Totals

    ----------------------------------------------------------------------

==============================================================================


      Code (inc. data)   RO Data    RW Data    ZI Data      Debug   

     56666       2806      12582        620      17804     515675   Grand Totals
     56666       2806      12582        120      17804     515675   ELF Image Totals (compressed)
     56666       2806      12582        120          0          0   ROM Totals

==============================================================================

    Total RO  Size (Code + RO Data)                69248 (  67.63kB)
    Total RW  Size (RW Data + ZI Data)             18424 (  17.99kB)
    Total ROM Size (Code + RO Data + RW Data)      69368 (  67.74kB)

==============================================================================

