Component: ARM Compiler 5.05 update 1 (build 106) Tool: armlink [4d0efa]

==============================================================================

Section Cross References

    main.o(.text) refers to dflt_clz.o(x$fpl$dflt) for __aeabi_i2d
    main.o(.text) refers to dmul.o(x$fpl$dmul) for __aeabi_dmul
    main.o(.text) refers to ddiv.o(x$fpl$ddiv) for __aeabi_ddiv
    main.o(.text) refers to sin.o(i.__hardfp_sin) for __hardfp_sin
    main.o(.text) refers to daddsub_clz.o(x$fpl$dadd) for __aeabi_dadd
    main.o(.text) refers to lcd.o(.text) for Round
    main.o(.text) refers to control.o(.text) for CreateEdit
    main.o(.text) refers to main.o(.bss) for chart
    main.o(.text) refers to lcd.o(.data) for POINT_COLOR
    main.o(.text) refers to main.o(.data) for edit1
    main.o(.text) refers to touch.o(.data) for tp_dev
    main.o(.text) refers to lcd.o(.bss) for lcddev
    main.o(.text) refers to delay.o(.text) for delay_init
    main.o(.text) refers to misc.o(.text) for NVIC_PriorityGroupConfig
    main.o(.text) refers to usart.o(.text) for uart_init
    main.o(.text) refers to led.o(.text) for LED_Init
    main.o(.text) refers to exti.o(.text) for EXTI_GPIO_Init
    main.o(.text) refers to adc.o(.text) for Adc_Init
    main.o(.text) refers to timer.o(.text) for TIM3_Int_Init
    main.o(.text) refers to pwm.o(.text) for TIM1_PWM_Init
    main.o(.data) refers to main.o(.conststring) for .conststring
    system_stm32f4xx.o(.text) refers to system_stm32f4xx.o(.data) for SystemCoreClock
    led.o(.text) refers to stm32f4xx_rcc.o(.text) for RCC_AHB1PeriphClockCmd
    led.o(.text) refers to stm32f4xx_gpio.o(.text) for GPIO_Init
    lcd.o(.text) refers to _printf_percent.o(.ARM.Collect$$_printf_percent$$00000000) for _printf_percent
    lcd.o(.text) refers to _printf_x.o(.ARM.Collect$$_printf_percent$$0000000C) for _printf_x
    lcd.o(.text) refers to _printf_hex_int.o(.text) for _printf_longlong_hex
    lcd.o(.text) refers to _printf_f.o(.ARM.Collect$$_printf_percent$$00000003) for _printf_f
    lcd.o(.text) refers to printf1.o(x$fpl$printf1) for _printf_fp_dec
    lcd.o(.text) refers to delay.o(.text) for delay_us
    lcd.o(.text) refers to lcd.o(.bss) for lcddev
    lcd.o(.text) refers to lcd.o(.data) for POINT_COLOR
    lcd.o(.text) refers to dflt_clz.o(x$fpl$dfltu) for __aeabi_ui2d
    lcd.o(.text) refers to dmul.o(x$fpl$dmul) for __aeabi_dmul
    lcd.o(.text) refers to dfixu.o(x$fpl$dfixu) for __aeabi_d2uiz
    lcd.o(.text) refers to stm32f4xx_rcc.o(.text) for RCC_AHB1PeriphClockCmd
    lcd.o(.text) refers to stm32f4xx_gpio.o(.text) for GPIO_Init
    lcd.o(.text) refers to stm32f4xx_fsmc.o(.text) for FSMC_NORSRAMInit
    lcd.o(.text) refers to noretval__2printf.o(.text) for __2printf
    lcd.o(.text) refers to rt_memcpy_w.o(.text) for __aeabi_memcpy4
    lcd.o(.text) refers to noretval__2sprintf.o(.text) for __2sprintf
    lcd.o(.text) refers to strlen.o(.text) for strlen
    lcd.o(.text) refers to atof.o(i.__hardfp_atof) for __hardfp_atof
    lcd.o(.text) refers to floor.o(i.__hardfp_floor) for __hardfp_floor
    lcd.o(.text) refers to daddsub_clz.o(x$fpl$drsb) for __aeabi_drsub
    lcd.o(.text) refers to drleqf.o(x$fpl$drleqf) for __aeabi_cdrcmple
    lcd.o(.text) refers to lcd.o(.constdata) for asc2_1206
    lcd.o(.text) refers to daddsub_clz.o(x$fpl$dadd) for __aeabi_dadd
    touch.o(.text) refers to delay.o(.text) for delay_us
    touch.o(.text) refers to lcd.o(.text) for LCD_DrawLine
    touch.o(.text) refers to dflt_clz.o(x$fpl$dflt) for __aeabi_i2d
    touch.o(.text) refers to dflt_clz.o(x$fpl$dfltu) for __aeabi_ui2d
    touch.o(.text) refers to dmul.o(x$fpl$dmul) for __aeabi_dmul
    touch.o(.text) refers to daddsub_clz.o(x$fpl$dadd) for __aeabi_dadd
    touch.o(.text) refers to dfixu.o(x$fpl$dfixu) for __aeabi_d2uiz
    touch.o(.text) refers to touch.o(.data) for CMD_RDX
    touch.o(.text) refers to lcd.o(.data) for POINT_COLOR
    touch.o(.text) refers to dfix.o(x$fpl$dfix) for __aeabi_d2iz
    touch.o(.text) refers to 24cxx.o(.text) for AT24CXX_WriteLenByte
    touch.o(.text) refers to f2d.o(x$fpl$f2d) for __aeabi_f2d
    touch.o(.text) refers to ddiv.o(x$fpl$ddiv) for __aeabi_ddiv
    touch.o(.text) refers to daddsub_clz.o(x$fpl$dsub) for __aeabi_dsub
    touch.o(.text) refers to lcd.o(.bss) for lcddev
    touch.o(.text) refers to sqrt.o(i.__hardfp_sqrt) for __hardfp_sqrt
    touch.o(.text) refers to noretval__2printf.o(.text) for __2printf
    touch.o(.text) refers to stm32f4xx_rcc.o(.text) for RCC_APB1PeriphClockCmd
    touch.o(.text) refers to stm32f4xx_gpio.o(.text) for GPIO_Init
    touch.o(.data) refers to touch.o(.text) for TP_Init
    touch.o(.data) refers to touch.o(.conststring) for .conststring
    systick.o(.text) refers to control.o(.text) for SendMessage
    systick.o(.text) refers to systick.o(.data) for TimingDelay
    pwm.o(.text) refers to stm32f4xx_rcc.o(.text) for RCC_AHB1PeriphClockCmd
    pwm.o(.text) refers to stm32f4xx_gpio.o(.text) for GPIO_PinAFConfig
[...]
    Off_PWM                                  0x0800406f   Thumb Code    32  pwm.o(.text)
    TIM1_UP_TIM10_IRQHandler                 0x0800408f   Thumb Code   776  pwm.o(.text)
    AT24CXX_Init                             0x080043a9   Thumb Code     8  24cxx.o(.text)
    AT24CXX_ReadOneByte                      0x080043b1   Thumb Code    88  24cxx.o(.text)
    AT24CXX_WriteOneByte                     0x08004409   Thumb Code    80  24cxx.o(.text)
    AT24CXX_WriteLenByte                     0x08004459   Thumb Code    42  24cxx.o(.text)
    AT24CXX_ReadLenByte                      0x08004483   Thumb Code    44  24cxx.o(.text)
    AT24CXX_Check                            0x080044af   Thumb Code    46  24cxx.o(.text)
    AT24CXX_Read                             0x080044dd   Thumb Code    34  24cxx.o(.text)
    AT24CXX_Write                            0x080044ff   Thumb Code    36  24cxx.o(.text)
    IIC_Init                                 0x08004525   Thumb Code    70  myiic.o(.text)
    IIC_Start                                0x0800456b   Thumb Code    68  myiic.o(.text)
    IIC_Stop                                 0x080045af   Thumb Code    62  myiic.o(.text)
    IIC_Wait_Ack                             0x080045ed   Thumb Code    82  myiic.o(.text)
    IIC_Ack                                  0x0800463f   Thumb Code    66  myiic.o(.text)
    IIC_NAck                                 0x08004681   Thumb Code    66  myiic.o(.text)
    IIC_Send_Byte                            0x080046c3   Thumb Code    90  myiic.o(.text)
    IIC_Read_Byte                            0x0800471d   Thumb Code    94  myiic.o(.text)
    Adc_Init                                 0x08004789   Thumb Code   152  adc.o(.text)
    Get_Adc                                  0x08004821   Thumb Code    46  adc.o(.text)
    Get_Adc_Average                          0x0800484f   Thumb Code    84  adc.o(.text)
    EXTI_GPIO_Init                           0x080048b1   Thumb Code    54  exti.o(.text)
    EXTI3_IRQHandler                         0x080048e7   Thumb Code   120  exti.o(.text)
    EXTI2_IRQHandler                         0x0800495f   Thumb Code    26  exti.o(.text)
    EXTIX_Init                               0x08004979   Thumb Code   148  exti.o(.text)
    TIM3_Int_Init                            0x08004a39   Thumb Code    92  timer.o(.text)
    TIM3_IRQHandler                          0x08004a95   Thumb Code   246  timer.o(.text)
    delay_init                               0x08004ba9   Thumb Code    52  delay.o(.text)
    delay_us                                 0x08004bdd   Thumb Code    72  delay.o(.text)
    delay_xms                                0x08004c25   Thumb Code    72  delay.o(.text)
    delay_ms                                 0x08004c6d   Thumb Code    56  delay.o(.text)
    _sys_exit                                0x08004cad   Thumb Code     6  usart.o(.text)
    fputc                                    0x08004cb3   Thumb Code    22  usart.o(.text)
    uart_init                                0x08004cc9   Thumb Code   164  usart.o(.text)
    USART1_IRQHandler                        0x08004d6d   Thumb Code   122  usart.o(.text)
    checknumber                              0x08004df9   Thumb Code   142  control.o(.text)
    UpdateWindow                             0x08004e87   Thumb Code  2058  control.o(.text)
    SetWindowPos                             0x08005691   Thumb Code   238  control.o(.text)
    SetTrackPos                              0x0800577f   Thumb Code    80  control.o(.text)
    UnSetButtonState                         0x080057cf   Thumb Code    18  control.o(.text)
    SetButtonState                           0x080057e1   Thumb Code    20  control.o(.text)
    TrackButtonUp                            0x080057f5   Thumb Code    10  control.o(.text)
    TrackMouseMove                           0x080057ff   Thumb Code   146  control.o(.text)
    TrackButtonDown                          0x08005891   Thumb Code    68  control.o(.text)
    ButtonUp                                 0x080058d5   Thumb Code    94  control.o(.text)
    ButtonMouseMove                          0x08005933   Thumb Code   100  control.o(.text)
    ButtonDown                               0x08005997   Thumb Code    66  control.o(.text)
    SendMessage                              0x080059d9   Thumb Code  1160  control.o(.text)
    CreateFont                               0x08005e61   Thumb Code     4  control.o(.text)
    CreateButton                             0x08005e65   Thumb Code   408  control.o(.text)
    CreateTrackBar                           0x08005ffd   Thumb Code   240  control.o(.text)
    CreateEdit                               0x080060ed   Thumb Code   168  control.o(.text)
    abs                                      0x080061a5   Thumb Code    16  pid.o(.text)
    PID                                      0x080061b5   Thumb Code   202  pid.o(.text)
    Reset_Handler                            0x080062a1   Thumb Code     8  startup_stm32f40_41xxx.o(.text)
    ADC_IRQHandler                           0x080062bb   Thumb Code     0  startup_stm32f40_41xxx.o(.text)
    CAN1_RX0_IRQHandler                      0x080062bb   Thumb Code     0  startup_stm32f40_41xxx.o(.text)
    CAN1_RX1_IRQHandler                      0x080062bb   Thumb Code     0  startup_stm32f40_41xxx.o(.text)
    CAN1_SCE_IRQHandler                      0x080062bb   Thumb Code     0  startup_stm32f40_41xxx.o(.text)
    CAN1_TX_IRQHandler                       0x080062bb   Thumb Code     0  startup_stm32f40_41xxx.o(.text)
    CAN2_RX0_IRQHandler                      0x080062bb   Thumb Code     0  startup_stm32f40_41xxx.o(.text)
    CAN2_RX1_IRQHandler                      0x080062bb   Thumb Code     0  startup_stm32f40_41xxx.o(.text)
    CAN2_SCE_IRQHandler                      0x080062bb   Thumb Code     0  startup_stm32f40_41xxx.o(.text)
    CAN2_TX_IRQHandler                       0x080062bb   Thumb Code     0  startup_stm32f40_41xxx.o(.text)
    CRYP_IRQHandler                          0x080062bb   Thumb Code     0  startup_stm32f40_41xxx.o(.text)
    DCMI_IRQHandler                          0x080062bb   Thumb Code     0  startup_stm32f40_41xxx.o(.text)
    DMA1_Stream0_IRQHandler                  0x080062bb   Thumb Code     0  startup_stm32f40_41xxx.o(.text)
    DMA1_Stream1_IRQHandler                  0x080062bb   Thumb Code     0  startup_stm32f40_41xxx.o(.text)
    DMA1_Stream2_IRQHandler                  0x080062bb   Thumb Code     0  startup_stm32f40_41xxx.o(.text)
    DMA1_Stream3_IRQHandler                  0x080062bb   Thumb Code     0  startup_stm32f40_41xxx.o(.text)
    DMA1_Stream4_IRQHandler                  0x080062bb   Thumb Code     0  startup_stm32f40_41xxx.o(.text)
    DMA1_Stream5_IRQHandler                  0x080062bb   Thumb Code     0  startup_stm32f40_41xxx.o(.text)
    DMA1_Stream6_IRQHandler                  0x080062bb   Thumb Code     0  startup_stm32f40_41xxx.o(.text)
    DMA1_Stream7_IRQHandler                  0x080062bb   Thumb Code     0  startup_stm32f40_41xxx.o(.text)
    DMA2_Stream0_IRQHandler                  0x080062bb   Thumb Code     0  startup_stm32f40_41xxx.o(.text)
    DMA2_Stream1_IRQHandler                  0x080062bb   Thumb Code     0  startup_stm32f40_41xxx.o(.text)
    DMA2_Stream2_IRQHandler                  0x080062bb   Thumb Code     0  startup_stm32f40_41xxx.o(.text)
    DMA2_Stream3_IRQHandler                  0x080062bb   Thumb Code     0  startup_stm32f40_41xxx.o(.text)
    DMA2_Stream4_IRQHandler                  0x080062bb   Thumb Code     0  startup_stm32f40_41xxx.o(.text)
    DMA2_Stream5_IRQHandler                  0x080062bb   Thumb Code     0  startup_stm32f40_41xxx.o(.text)
    DMA2_Stream6_IRQHandler                  0x080062bb   Thumb Code     0  startup_stm32f40_41xxx.o(.text)
    DMA2_Stream7_IRQHandler                  0x080062bb   Thumb Code     0  startup_stm32f40_41xxx.o(.text)
    ETH_IRQHandler                           0x080062bb   Thumb Code     0  startup_stm32f40_41xxx.o(.text)
    ETH_WKUP_IRQHandler                      0x080062bb   Thumb Code     0  startup_stm32f40_41xxx.o(.text)
    EXTI0_IRQHandler                         0x080062bb   Thumb Code     0  startup_stm32f40_41xxx.o(.text)
    EXTI15_10_IRQHandler                     0x080062bb   Thumb Code     0  startup_stm32f40_41xxx.o(.text)
    EXTI1_IRQHandler                         0x080062bb   Thumb Code     0  startup_stm32f40_41xxx.o(.text)
    EXTI4_IRQHandler                         0x080062bb   Thumb Code     0  startup_stm32f40_41xxx.o(.text)
    EXTI9_5_IRQHandler                       0x080062bb   Thumb Code     0  startup_stm32f40_41xxx.o(.text)
    FLASH_IRQHandler                         0x080062bb   Thumb Code     0  startup_stm32f40_41xxx.o(.text)
    FPU_IRQHandler                           0x080062bb   Thumb Code     0  startup_stm32f40_41xxx.o(.text)
    FSMC_IRQHandler                          0x080062bb   Thumb Code     0  startup_stm32f40_41xxx.o(.text)
    HASH_RNG_IRQHandler                      0x080062bb   Thumb Code     0  startup_stm32f40_41xxx.o(.text)
    I2C1_ER_IRQHandler                       0x080062bb   Thumb Code     0  startup_stm32f40_41xxx.o(.text)
    I2C1_EV_IRQHandler                       0x080062bb   Thumb Code     0  startup_stm32f40_41xxx.o(.text)
    I2C2_ER_IRQHandler                       0x080062bb   Thumb Code     0  startup_stm32f40_41xxx.o(.text)
    I2C2_EV_IRQHandler                       0x080062bb   Thumb Code     0  startup_stm32f40_41xxx.o(.text)
    I2C3_ER_IRQHandler                       0x080062bb   Thumb Code     0  startup_stm32f40_41xxx.o(.text)
    I2C3_EV_IRQHandler                       0x080062bb   Thumb Code     0  startup_stm32f40_41xxx.o(.text)
    OTG_FS_IRQHandler                        0x080062bb   Thumb Code     0  startup_stm32f40_41xxx.o(.text)
    OTG_FS_WKUP_IRQHandler                   0x080062bb   Thumb Code     0  startup_stm32f40_41xxx.o(.text)
    OTG_HS_EP1_IN_IRQHandler                 0x080062bb   Thumb Code     0  startup_stm32f40_41xxx.o(.text)
    OTG_HS_EP1_OUT_IRQHandler                0x080062bb   Thumb Code     0  startup_stm32f40_41xxx.o(.text)
    OTG_HS_IRQHandler                        0x080062bb   Thumb Code     0  startup_stm32f40_41xxx.o(.text)
    OTG_HS_WKUP_IRQHandler                   0x080062bb   Thumb Code     0  startup_stm32f40_41xxx.o(.text)
    PVD_IRQHandler                           0x080062bb   Thumb Code     0  startup_stm32f40_41xxx.o(.text)
    RCC_IRQHandler                           0x080062bb   Thumb Code     0  startup_stm32f40_41xxx.o(.text)
    RTC_Alarm_IRQHandler                     0x080062bb   Thumb Code     0  startup_stm32f40_41xxx.o(.text)
    RTC_WKUP_IRQHandler                      0x080062bb   Thumb Code     0  startup_stm32f40_41xxx.o(.text)
    SDIO_IRQHandler                          0x080062bb   Thumb Code     0  startup_stm32f40_41xxx.o(.text)
    SPI1_IRQHandler                          0x080062bb   Thumb Code     0  startup_stm32f40_41xxx.o(.text)
    SPI2_IRQHandler                          0x080062bb   Thumb Code     0  startup_stm32f40_41xxx.o(.text)
    SPI3_IRQHandler                          0x080062bb   Thumb Code     0  startup_stm32f40_41xxx.o(.text)
    TAMP_STAMP_IRQHandler                    0x080062bb   Thumb Code     0  startup_stm32f40_41xxx.o(.text)
    TIM1_BRK_TIM9_IRQHandler                 0x080062bb   Thumb Code     0  startup_stm32f40_41xxx.o(.text)
    TIM1_CC_IRQHandler                       0x080062bb   Thumb Code     0  startup_stm32f40_41xxx.o(.text)
    TIM1_TRG_COM_TIM11_IRQHandler            0x080062bb   Thumb Code     0  startup_stm32f40_41xxx.o(.text)
    TIM2_IRQHandler                          0x080062bb   Thumb Code     0  startup_stm32f40_41xxx.o(.text)
    TIM4_IRQHandler                          0x080062bb   Thumb Code     0  startup_stm32f40_41xxx.o(.text)
    TIM5_IRQHandler                          0x080062bb   Thumb Code     0  startup_stm32f40_41xxx.o(.text)
    TIM6_DAC_IRQHandler                      0x080062bb   Thumb Code     0  startup_stm32f40_41xxx.o(.text)
    TIM7_IRQHandler                          0x080062bb   Thumb Code     0  startup_stm32f40_41xxx.o(.text)
    TIM8_BRK_TIM12_IRQHandler                0x080062bb   Thumb Code     0  startup_stm32f40_41xxx.o(.text)
    TIM8_CC_IRQHandler                       0x080062bb   Thumb Code     0  startup_stm32f40_41xxx.o(.text)
    TIM8_TRG_COM_TIM14_IRQHandler            0x080062bb   Thumb Code     0  startup_stm32f40_41xxx.o(.text)
    TIM8_UP_TIM13_IRQHandler                 0x080062bb   Thumb Code     0  startup_stm32f40_41xxx.o(.text)
    UART4_IRQHandler                         0x080062bb   Thumb Code     0  startup_stm32f40_41xxx.o(.text)
    UART5_IRQHandler                         0x080062bb   Thumb Code     0  startup_stm32f40_41xxx.o(.text)
    USART2_IRQHandler                        0x080062bb   Thumb Code     0  startup_stm32f40_41xxx.o(.text)
    USART3_IRQHandler                        0x080062bb   Thumb Code     0  startup_stm32f40_41xxx.o(.text)
    USART6_IRQHandler                        0x080062bb   Thumb Code     0  startup_stm32f40_41xxx.o(.text)
    WWDG_IRQHandler                          0x080062bb   Thumb Code     0  startup_stm32f40_41xxx.o(.text)
    __user_initial_stackheap                 0x080062bd   Thumb Code     0  startup_stm32f40_41xxx.o(.text)
    NVIC_PriorityGroupConfig                 0x080062e1   Thumb Code    10  misc.o(.text)
    NVIC_Init                                0x080062eb   Thumb Code   106  misc.o(.text)
    NVIC_SetVectorTable                      0x08006355   Thumb Code    14  misc.o(.text)
    NVIC_SystemLPConfig                      0x08006363   Thumb Code    34  misc.o(.text)
    SysTick_CLKSourceConfig                  0x08006385   Thumb Code    40  misc.o(.text)
    GPIO_DeInit                              0x080063c1   Thumb Code   268  stm32f4xx_gpio.o(.text)
    GPIO_Init                                0x080064cd   Thumb Code   144  stm32f4xx_gpio.o(.text)
    GPIO_StructInit                          0x0800655d   Thumb Code    18  stm32f4xx_gpio.o(.text)
    GPIO_PinLockConfig                       0x0800656f   Thumb Code    34  stm32f4xx_gpio.o(.text)
    GPIO_ReadInputDataBit                    0x08006591   Thumb Code    18  stm32f4xx_gpio.o(.text)
    GPIO_ReadInputData                       0x080065a3   Thumb Code     8  stm32f4xx_gpio.o(.text)
    GPIO_ReadOutputDataBit                   0x080065ab   Thumb Code    18  stm32f4xx_gpio.o(.text)
    GPIO_ReadOutputData                      0x080065bd   Thumb Code     8  stm32f4xx_gpio.o(.text)
    GPIO_SetBits                             0x080065c5   Thumb Code     4  stm32f4xx_gpio.o(.text)
    GPIO_ResetBits                           0x080065c9   Thumb Code     4  stm32f4xx_gpio.o(.text)
    GPIO_WriteBit                            0x080065cd   Thumb Code    10  stm32f4xx_gpio.o(.text)
    GPIO_Write                               0x080065d7   Thumb Code     4  stm32f4xx_gpio.o(.text)
    GPIO_ToggleBits                          0x080065db   Thumb Code     8  stm32f4xx_gpio.o(.text)
    GPIO_PinAFConfig                         0x080065e3   Thumb Code    70  stm32f4xx_gpio.o(.text)
    FSMC_NORSRAMDeInit                       0x08006655   Thumb Code    54  stm32f4xx_fsmc.o(.text)
    FSMC_NORSRAMInit                         0x0800668b   Thumb Code   230  stm32f4xx_fsmc.o(.text)
    FSMC_NORSRAMStructInit                   0x08006771   Thumb Code    48  stm32f4xx_fsmc.o(.text)
    FSMC_NORSRAMCmd                          0x080067a1   Thumb Code    46  stm32f4xx_fsmc.o(.text)
    FSMC_NANDDeInit                          0x080067cf   Thumb Code    62  stm32f4xx_fsmc.o(.text)
    FSMC_NANDInit                            0x0800680d   Thumb Code   132  stm32f4xx_fsmc.o(.text)
    FSMC_NANDStructInit                      0x08006891   Thumb Code    54  stm32f4xx_fsmc.o(.text)
    FSMC_NANDCmd                             0x080068c7   Thumb Code    86  stm32f4xx_fsmc.o(.text)
    FSMC_NANDECCCmd                          0x0800691d   Thumb Code    86  stm32f4xx_fsmc.o(.text)
    FSMC_GetECC                              0x08006973   Thumb Code    24  stm32f4xx_fsmc.o(.text)
    FSMC_PCCARDDeInit                        0x0800698b   Thumb Code    36  stm32f4xx_fsmc.o(.text)
    FSMC_PCCARDInit                          0x080069af   Thumb Code   130  stm32f4xx_fsmc.o(.text)
    FSMC_PCCARDStructInit                    0x08006a31   Thumb Code    60  stm32f4xx_fsmc.o(.text)
    FSMC_PCCARDCmd                           0x08006a6d   Thumb Code    44  stm32f4xx_fsmc.o(.text)
    FSMC_ITConfig                            0x08006a99   Thumb Code   128  stm32f4xx_fsmc.o(.text)
    FSMC_GetFlagStatus                       0x08006b19   Thumb Code    54  stm32f4xx_fsmc.o(.text)
    FSMC_ClearFlag                           0x08006b4f   Thumb Code    74  stm32f4xx_fsmc.o(.text)
    FSMC_GetITStatus                         0x08006b99   Thumb Code    62  stm32f4xx_fsmc.o(.text)
    FSMC_ClearITPendingBit                   0x08006bd7   Thumb Code    66  stm32f4xx_fsmc.o(.text)
    RCC_DeInit                               0x08006c1d   Thumb Code    82  stm32f4xx_rcc.o(.text)
    RCC_HSEConfig                            0x08006c6f   Thumb Code    14  stm32f4xx_rcc.o(.text)
    RCC_GetFlagStatus                        0x08006c7d   Thumb Code    60  stm32f4xx_rcc.o(.text)
    RCC_WaitForHSEStartUp                    0x08006cb9   Thumb Code    56  stm32f4xx_rcc.o(.text)
    RCC_AdjustHSICalibrationValue            0x08006cf1   Thumb Code    20  stm32f4xx_rcc.o(.text)
    RCC_HSICmd                               0x08006d05   Thumb Code     6  stm32f4xx_rcc.o(.text)
    RCC_LSEConfig                            0x08006d0b   Thumb Code    46  stm32f4xx_rcc.o(.text)
    RCC_LSICmd                               0x08006d39   Thumb Code     6  stm32f4xx_rcc.o(.text)
    RCC_PLLConfig                            0x08006d3f   Thumb Code    32  stm32f4xx_rcc.o(.text)
    RCC_PLLCmd                               0x08006d5f   Thumb Code     6  stm32f4xx_rcc.o(.text)
    RCC_PLLI2SConfig                         0x08006d65   Thumb Code    14  stm32f4xx_rcc.o(.text)
    RCC_PLLI2SCmd                            0x08006d73   Thumb Code     6  stm32f4xx_rcc.o(.text)
    RCC_PLLSAIConfig                         0x08006d79   Thumb Code    20  stm32f4xx_rcc.o(.text)
    RCC_PLLSAICmd                            0x08006d8d   Thumb Code     6  stm32f4xx_rcc.o(.text)
    RCC_ClockSecuritySystemCmd               0x08006d93   Thumb Code     6  stm32f4xx_rcc.o(.text)
    RCC_MCO1Config                           0x08006d99   Thumb Code    28  stm32f4xx_rcc.o(.text)
    RCC_MCO2Config                           0x08006db5   Thumb Code    28  stm32f4xx_rcc.o(.text)
    RCC_SYSCLKConfig                         0x08006dd1   Thumb Code    20  stm32f4xx_rcc.o(.text)
    RCC_GetSYSCLKSource                      0x08006de5   Thumb Code    12  stm32f4xx_rcc.o(.text)
    RCC_HCLKConfig                           0x08006df1   Thumb Code    20  stm32f4xx_rcc.o(.text)
    RCC_PCLK1Config                          0x08006e05   Thumb Code    20  stm32f4xx_rcc.o(.text)
    RCC_PCLK2Config                          0x08006e19   Thumb Code    22  stm32f4xx_rcc.o(.text)
    RCC_GetClocksFreq                        0x08006e2f   Thumb Code   222  stm32f4xx_rcc.o(.text)
    RCC_RTCCLKConfig                         0x08006f0d   Thumb Code    54  stm32f4xx_rcc.o(.text)
    RCC_RTCCLKCmd                            0x08006f43   Thumb Code     8  stm32f4xx_rcc.o(.text)
    RCC_BackupResetCmd                       0x08006f4b   Thumb Code     8  stm32f4xx_rcc.o(.text)
    RCC_I2SCLKConfig                         0x08006f53   Thumb Code     6  stm32f4xx_rcc.o(.text)
    RCC_SAIPLLI2SClkDivConfig                0x08006f59   Thumb Code    26  stm32f4xx_rcc.o(.text)
    RCC_SAIPLLSAIClkDivConfig                0x08006f73   Thumb Code    28  stm32f4xx_rcc.o(.text)
    RCC_SAIBlockACLKConfig                   0x08006f8f   Thumb Code    20  stm32f4xx_rcc.o(.text)
    RCC_SAIBlockBCLKConfig                   0x08006fa3   Thumb Code    20  stm32f4xx_rcc.o(.text)
    RCC_LTDCCLKDivConfig                     0x08006fb7   Thumb Code    20  stm32f4xx_rcc.o(.text)
    RCC_TIMCLKPresConfig                     0x08006fcb   Thumb Code     6  stm32f4xx_rcc.o(.text)
    RCC_AHB1PeriphClockCmd                   0x08006fd1   Thumb Code    34  stm32f4xx_rcc.o(.text)
    RCC_AHB2PeriphClockCmd                   0x08006ff3   Thumb Code    78  stm32f4xx_rcc.o(.text)
    RCC_AHB3PeriphClockCmd                   0x08007041   Thumb Code    34  stm32f4xx_rcc.o(.text)
    RCC_APB1PeriphClockCmd                   0x08007063   Thumb Code    34  stm32f4xx_rcc.o(.text)
    RCC_APB2PeriphClockCmd                   0x08007085   Thumb Code    34  stm32f4xx_rcc.o(.text)
    RCC_AHB1PeriphResetCmd                   0x080070a7   Thumb Code    34  stm32f4xx_rcc.o(.text)
    RCC_AHB2PeriphResetCmd                   0x080070c9   Thumb Code    34  stm32f4xx_rcc.o(.text)
    RCC_AHB3PeriphResetCmd                   0x080070eb   Thumb Code    34  stm32f4xx_rcc.o(.text)
    RCC_APB1PeriphResetCmd                   0x0800710d   Thumb Code    34  stm32f4xx_rcc.o(.text)
    RCC_APB2PeriphResetCmd                   0x0800712f   Thumb Code    34  stm32f4xx_rcc.o(.text)
    RCC_AHB1PeriphClockLPModeCmd             0x08007151   Thumb Code    34  stm32f4xx_rcc.o(.text)
    RCC_AHB2PeriphClockLPModeCmd             0x08007173   Thumb Code    34  stm32f4xx_rcc.o(.text)
    RCC_AHB3PeriphClockLPModeCmd             0x08007195   Thumb Code    34  stm32f4xx_rcc.o(.text)
    RCC_APB1PeriphClockLPModeCmd             0x080071b7   Thumb Code    34  stm32f4xx_rcc.o(.text)
    RCC_APB2PeriphClockLPModeCmd             0x080071d9   Thumb Code    34  stm32f4xx_rcc.o(.text)
    RCC_LSEModeConfig                        0x080071fb   Thumb Code    40  stm32f4xx_rcc.o(.text)
    RCC_ITConfig                             0x08007223   Thumb Code    34  stm32f4xx_rcc.o(.text)
    RCC_ClearFlag                            0x08007245   Thumb Code    18  stm32f4xx_rcc.o(.text)
    RCC_GetITStatus                          0x08007257   Thumb Code    22  stm32f4xx_rcc.o(.text)
    RCC_ClearITPendingBit                    0x0800726d   Thumb Code     8  stm32f4xx_rcc.o(.text)
    SYSCFG_DeInit                            0x08007279   Thumb Code    22  stm32f4xx_syscfg.o(.text)
    SYSCFG_MemoryRemapConfig                 0x0800728f   Thumb Code     6  stm32f4xx_syscfg.o(.text)
    SYSCFG_MemorySwappingBank                0x08007295   Thumb Code     6  stm32f4xx_syscfg.o(.text)
    SYSCFG_EXTILineConfig                    0x0800729b   Thumb Code    66  stm32f4xx_syscfg.o(.text)
    SYSCFG_ETH_MediaInterfaceConfig          0x080072dd   Thumb Code     8  stm32f4xx_syscfg.o(.text)
    SYSCFG_CompensationCellCmd               0x080072e5   Thumb Code     6  stm32f4xx_syscfg.o(.text)
    SYSCFG_GetCompensationCellStatus         0x080072eb   Thumb Code    22  stm32f4xx_syscfg.o(.text)
    USART_DeInit                             0x0800730d   Thumb Code   206  stm32f4xx_usart.o(.text)
    USART_Init                               0x080073db   Thumb Code   204  stm32f4xx_usart.o(.text)
    USART_StructInit                         0x080074a7   Thumb Code    24  stm32f4xx_usart.o(.text)
    USART_ClockInit                          0x080074bf   Thumb Code    32  stm32f4xx_usart.o(.text)
    USART_ClockStructInit                    0x080074df   Thumb Code    12  stm32f4xx_usart.o(.text)
    USART_Cmd                                0x080074eb   Thumb Code    24  stm32f4xx_usart.o(.text)
    USART_SetPrescaler                       0x08007503   Thumb Code    16  stm32f4xx_usart.o(.text)
    USART_OverSampling8Cmd                   0x08007513   Thumb Code    22  stm32f4xx_usart.o(.text)
    USART_OneBitMethodCmd                    0x08007529   Thumb Code    24  stm32f4xx_usart.o(.text)
    USART_SendData                           0x08007541   Thumb Code     8  stm32f4xx_usart.o(.text)
    USART_ReceiveData                        0x08007549   Thumb Code    10  stm32f4xx_usart.o(.text)
    USART_SetAddress                         0x08007553   Thumb Code    18  stm32f4xx_usart.o(.text)
    USART_ReceiverWakeUpCmd                  0x08007565   Thumb Code    24  stm32f4xx_usart.o(.text)
    USART_WakeUpConfig                       0x0800757d   Thumb Code    18  stm32f4xx_usart.o(.text)
    USART_LINBreakDetectLengthConfig         0x0800758f   Thumb Code    18  stm32f4xx_usart.o(.text)
    USART_LINCmd                             0x080075a1   Thumb Code    24  stm32f4xx_usart.o(.text)
    USART_SendBreak                          0x080075b9   Thumb Code    10  stm32f4xx_usart.o(.text)
    USART_HalfDuplexCmd                      0x080075c3   Thumb Code    24  stm32f4xx_usart.o(.text)
    USART_SetGuardTime                       0x080075db   Thumb Code    16  stm32f4xx_usart.o(.text)
    USART_SmartCardCmd                       0x080075eb   Thumb Code    24  stm32f4xx_usart.o(.text)
    USART_SmartCardNACKCmd                   0x08007603   Thumb Code    24  stm32f4xx_usart.o(.text)
    USART_IrDAConfig                         0x0800761b   Thumb Code    18  stm32f4xx_usart.o(.text)
    USART_IrDACmd                            0x0800762d   Thumb Code    24  stm32f4xx_usart.o(.text)
    USART_DMACmd                             0x08007645   Thumb Code    18  stm32f4xx_usart.o(.text)
    USART_ITConfig                           0x08007657   Thumb Code    74  stm32f4xx_usart.o(.text)
    USART_GetFlagStatus                      0x080076a1   Thumb Code    26  stm32f4xx_usart.o(.text)
    USART_ClearFlag                          0x080076bb   Thumb Code    18  stm32f4xx_usart.o(.text)
    USART_GetITStatus                        0x080076cd   Thumb Code   118  stm32f4xx_usart.o(.text)
    USART_ClearITPendingBit                  0x08007743   Thumb Code    30  stm32f4xx_usart.o(.text)
    ADC_DeInit                               0x08007761   Thumb Code    22  stm32f4xx_adc.o(.text)
    ADC_Init                                 0x08007777   Thumb Code    74  stm32f4xx_adc.o(.text)
    ADC_StructInit                           0x080077c1   Thumb Code    20  stm32f4xx_adc.o(.text)
    ADC_CommonInit                           0x080077d5   Thumb Code    34  stm32f4xx_adc.o(.text)
    ADC_CommonStructInit                     0x080077f7   Thumb Code    12  stm32f4xx_adc.o(.text)
    ADC_Cmd                                  0x08007803   Thumb Code    22  stm32f4xx_adc.o(.text)
    ADC_AnalogWatchdogCmd                    0x08007819   Thumb Code    16  stm32f4xx_adc.o(.text)
    ADC_AnalogWatchdogThresholdsConfig       0x08007829   Thumb Code     6  stm32f4xx_adc.o(.text)
    ADC_AnalogWatchdogSingleChannelConfig    0x0800782f   Thumb Code    16  stm32f4xx_adc.o(.text)
    ADC_TempSensorVrefintCmd                 0x0800783f   Thumb Code    34  stm32f4xx_adc.o(.text)
    ADC_VBATCmd                              0x08007861   Thumb Code    34  stm32f4xx_adc.o(.text)
    ADC_RegularChannelConfig                 0x08007883   Thumb Code   184  stm32f4xx_adc.o(.text)
    ADC_SoftwareStartConv                    0x0800793b   Thumb Code    10  stm32f4xx_adc.o(.text)
    ADC_GetSoftwareStartConvStatus           0x08007945   Thumb Code    20  stm32f4xx_adc.o(.text)
    ADC_EOCOnEachRegularChannelCmd           0x08007959   Thumb Code    22  stm32f4xx_adc.o(.text)
    ADC_ContinuousModeCmd                    0x0800796f   Thumb Code    22  stm32f4xx_adc.o(.text)
    ADC_DiscModeChannelCountConfig           0x08007985   Thumb Code    24  stm32f4xx_adc.o(.text)
    ADC_DiscModeCmd                          0x0800799d   Thumb Code    22  stm32f4xx_adc.o(.text)
    ADC_GetConversionValue                   0x080079b3   Thumb Code     8  stm32f4xx_adc.o(.text)
    ADC_GetMultiModeConversionValue          0x080079bb   Thumb Code     8  stm32f4xx_adc.o(.text)
    ADC_DMACmd                               0x080079c3   Thumb Code    22  stm32f4xx_adc.o(.text)
    ADC_DMARequestAfterLastTransferCmd       0x080079d9   Thumb Code    22  stm32f4xx_adc.o(.text)
    ADC_MultiModeDMARequestAfterLastTransferCmd 0x080079ef   Thumb Code    34  stm32f4xx_adc.o(.text)
    ADC_InjectedChannelConfig                0x08007a11   Thumb Code   130  stm32f4xx_adc.o(.text)
    ADC_InjectedSequencerLengthConfig        0x08007a93   Thumb Code    24  stm32f4xx_adc.o(.text)
    ADC_SetInjectedOffset                    0x08007aab   Thumb Code    20  stm32f4xx_adc.o(.text)
    ADC_ExternalTrigInjectedConvConfig       0x08007abf   Thumb Code    16  stm32f4xx_adc.o(.text)
    ADC_ExternalTrigInjectedConvEdgeConfig   0x08007acf   Thumb Code    16  stm32f4xx_adc.o(.text)
    ADC_SoftwareStartInjectedConv            0x08007adf   Thumb Code    10  stm32f4xx_adc.o(.text)
    ADC_GetSoftwareStartInjectedConvCmdStatus 0x08007ae9   Thumb Code    20  stm32f4xx_adc.o(.text)
    ADC_AutoInjectedConvCmd                  0x08007afd   Thumb Code    22  stm32f4xx_adc.o(.text)
    ADC_InjectedDiscModeCmd                  0x08007b13   Thumb Code    22  stm32f4xx_adc.o(.text)
    ADC_GetInjectedConversionValue           0x08007b29   Thumb Code    28  stm32f4xx_adc.o(.text)
    ADC_ITConfig                             0x08007b45   Thumb Code    56  stm32f4xx_adc.o(.text)
    ADC_GetFlagStatus                        0x08007b7d   Thumb Code    18  stm32f4xx_adc.o(.text)
    ADC_ClearFlag                            0x08007b8f   Thumb Code     6  stm32f4xx_adc.o(.text)
    ADC_GetITStatus                          0x08007b95   Thumb Code    38  stm32f4xx_adc.o(.text)
    ADC_ClearITPendingBit                    0x08007bbb   Thumb Code    10  stm32f4xx_adc.o(.text)
    TIM_DeInit                               0x08007bc5   Thumb Code   346  stm32f4xx_tim.o(.text)
    TIM_TimeBaseInit                         0x08007d1f   Thumb Code   104  stm32f4xx_tim.o(.text)
    TIM_TimeBaseStructInit                   0x08007d87   Thumb Code    18  stm32f4xx_tim.o(.text)
    TIM_PrescalerConfig                      0x08007d99   Thumb Code     6  stm32f4xx_tim.o(.text)
    TIM_CounterModeConfig                    0x08007d9f   Thumb Code    18  stm32f4xx_tim.o(.text)
    TIM_SetCounter                           0x08007db1   Thumb Code     4  stm32f4xx_tim.o(.text)
    TIM_SetAutoreload                        0x08007db5   Thumb Code     4  stm32f4xx_tim.o(.text)
    TIM_GetCounter                           0x08007db9   Thumb Code     6  stm32f4xx_tim.o(.text)
    TIM_GetPrescaler                         0x08007dbf   Thumb Code     6  stm32f4xx_tim.o(.text)
    TIM_UpdateDisableConfig                  0x08007dc5   Thumb Code    24  stm32f4xx_tim.o(.text)
    TIM_UpdateRequestConfig                  0x08007ddd   Thumb Code    24  stm32f4xx_tim.o(.text)
    TIM_ARRPreloadConfig                     0x08007df5   Thumb Code    24  stm32f4xx_tim.o(.text)
    TIM_SelectOnePulseMode                   0x08007e0d   Thumb Code    18  stm32f4xx_tim.o(.text)
    TIM_SetClockDivision                     0x08007e1f   Thumb Code    18  stm32f4xx_tim.o(.text)
    TIM_Cmd                                  0x08007e31   Thumb Code    24  stm32f4xx_tim.o(.text)
    TIM_OC1Init                              0x08007e49   Thumb Code   114  stm32f4xx_tim.o(.text)
    TIM_OC2Init                              0x08007ebb   Thumb Code   154  stm32f4xx_tim.o(.text)
    TIM_OC3Init                              0x08007f55   Thumb Code   204  stm32f4xx_tim.o(.text)
    TIM_OC4Init                              0x08008021   Thumb Code   112  stm32f4xx_tim.o(.text)
    TIM_OCStructInit                         0x08008091   Thumb Code    20  stm32f4xx_tim.o(.text)
    TIM_SelectOCxM                           0x080080a5   Thumb Code    86  stm32f4xx_tim.o(.text)
    TIM_SetCompare1                          0x080080fb   Thumb Code     4  stm32f4xx_tim.o(.text)
    TIM_SetCompare2                          0x080080ff   Thumb Code     4  stm32f4xx_tim.o(.text)
    TIM_SetCompare3                          0x08008103   Thumb Code     4  stm32f4xx_tim.o(.text)
    TIM_SetCompare4                          0x08008107   Thumb Code     4  stm32f4xx_tim.o(.text)
    TIM_ForcedOC1Config                      0x0800810b   Thumb Code    18  stm32f4xx_tim.o(.text)
    TIM_ForcedOC2Config                      0x0800811d   Thumb Code    26  stm32f4xx_tim.o(.text)
    TIM_ForcedOC3Config                      0x08008137   Thumb Code    18  stm32f4xx_tim.o(.text)
    TIM_ForcedOC4Config                      0x08008149   Thumb Code    26  stm32f4xx_tim.o(.text)
    TIM_OC1PreloadConfig                     0x08008163   Thumb Code    18  stm32f4xx_tim.o(.text)
    TIM_OC2PreloadConfig                     0x08008175   Thumb Code    26  stm32f4xx_tim.o(.text)
    TIM_OC3PreloadConfig                     0x0800818f   Thumb Code    18  stm32f4xx_tim.o(.text)
    TIM_OC4PreloadConfig                     0x080081a1   Thumb Code    26  stm32f4xx_tim.o(.text)
    TIM_OC1FastConfig                        0x080081bb   Thumb Code    18  stm32f4xx_tim.o(.text)
    TIM_OC2FastConfig                        0x080081cd   Thumb Code    26  stm32f4xx_tim.o(.text)
    TIM_OC3FastConfig                        0x080081e7   Thumb Code    18  stm32f4xx_tim.o(.text)
    TIM_OC4FastConfig                        0x080081f9   Thumb Code    26  stm32f4xx_tim.o(.text)
    TIM_ClearOC1Ref                          0x08008213   Thumb Code    18  stm32f4xx_tim.o(.text)
    TIM_ClearOC2Ref                          0x08008225   Thumb Code    24  stm32f4xx_tim.o(.text)
    TIM_ClearOC3Ref                          0x0800823d   Thumb Code    18  stm32f4xx_tim.o(.text)
    TIM_ClearOC4Ref                          0x0800824f   Thumb Code    24  stm32f4xx_tim.o(.text)
    TIM_OC1PolarityConfig                    0x08008267   Thumb Code    18  stm32f4xx_tim.o(.text)
    TIM_OC1NPolarityConfig                   0x08008279   Thumb Code    18  stm32f4xx_tim.o(.text)
    TIM_OC2PolarityConfig                    0x0800828b   Thumb Code    26  stm32f4xx_tim.o(.text)
    TIM_OC2NPolarityConfig                   0x080082a5   Thumb Code    26  stm32f4xx_tim.o(.text)
    TIM_OC3PolarityConfig                    0x080082bf   Thumb Code    26  stm32f4xx_tim.o(.text)
    TIM_OC3NPolarityConfig                   0x080082d9   Thumb Code    26  stm32f4xx_tim.o(.text)
    TIM_OC4PolarityConfig                    0x080082f3   Thumb Code    26  stm32f4xx_tim.o(.text)
    TIM_CCxCmd                               0x0800830d   Thumb Code    30  stm32f4xx_tim.o(.text)
    TIM_CCxNCmd                              0x0800832b   Thumb Code    30  stm32f4xx_tim.o(.text)
    TIM_SetIC4Prescaler                      0x08008349   Thumb Code    26  stm32f4xx_tim.o(.text)
    TIM_SetIC3Prescaler                      0x080083b3   Thumb Code    18  stm32f4xx_tim.o(.text)
    TIM_SetIC2Prescaler                      0x0800840d   Thumb Code    26  stm32f4xx_tim.o(.text)
    TIM_SetIC1Prescaler                      0x08008481   Thumb Code    18  stm32f4xx_tim.o(.text)
    TIM_ICInit                               0x080084cd   Thumb Code   110  stm32f4xx_tim.o(.text)
    TIM_ICStructInit                         0x0800853b   Thumb Code    18  stm32f4xx_tim.o(.text)
    TIM_PWMIConfig                           0x0800854d   Thumb Code   124  stm32f4xx_tim.o(.text)
    TIM_GetCapture1                          0x080085c9   Thumb Code     6  stm32f4xx_tim.o(.text)
    TIM_GetCapture2                          0x080085cf   Thumb Code     6  stm32f4xx_tim.o(.text)
    TIM_GetCapture3                          0x080085d5   Thumb Code     6  stm32f4xx_tim.o(.text)
    TIM_GetCapture4                          0x080085db   Thumb Code     6  stm32f4xx_tim.o(.text)
    TIM_BDTRConfig                           0x080085e1   Thumb Code    32  stm32f4xx_tim.o(.text)
    TIM_BDTRStructInit                       0x08008601   Thumb Code    18  stm32f4xx_tim.o(.text)
    TIM_CtrlPWMOutputs                       0x08008613   Thumb Code    30  stm32f4xx_tim.o(.text)
    TIM_SelectCOM                            0x08008631   Thumb Code    24  stm32f4xx_tim.o(.text)
    TIM_CCPreloadControl                     0x08008649   Thumb Code    24  stm32f4xx_tim.o(.text)
    TIM_ITConfig                             0x08008661   Thumb Code    18  stm32f4xx_tim.o(.text)
    TIM_GenerateEvent                        0x08008673   Thumb Code     4  stm32f4xx_tim.o(.text)
    TIM_GetFlagStatus                        0x08008677   Thumb Code    18  stm32f4xx_tim.o(.text)
    TIM_ClearFlag                            0x08008689   Thumb Code     6  stm32f4xx_tim.o(.text)
    TIM_GetITStatus                          0x0800868f   Thumb Code    34  stm32f4xx_tim.o(.text)
    TIM_ClearITPendingBit                    0x080086b1   Thumb Code     6  stm32f4xx_tim.o(.text)
    TIM_DMAConfig                            0x080086b7   Thumb Code    10  stm32f4xx_tim.o(.text)
    TIM_DMACmd                               0x080086c1   Thumb Code    18  stm32f4xx_tim.o(.text)
    TIM_SelectCCDMA                          0x080086d3   Thumb Code    24  stm32f4xx_tim.o(.text)
    TIM_InternalClockConfig                  0x080086eb   Thumb Code    12  stm32f4xx_tim.o(.text)
    TIM_SelectInputTrigger                   0x080086f7   Thumb Code    18  stm32f4xx_tim.o(.text)
    TIM_ITRxExternalClockConfig              0x08008709   Thumb Code    24  stm32f4xx_tim.o(.text)
    TIM_TIxExternalClockConfig               0x08008721   Thumb Code    62  stm32f4xx_tim.o(.text)
    TIM_ETRConfig                            0x0800875f   Thumb Code    28  stm32f4xx_tim.o(.text)
    TIM_ETRClockMode1Config                  0x0800877b   Thumb Code    54  stm32f4xx_tim.o(.text)
    TIM_ETRClockMode2Config                  0x080087b1   Thumb Code    32  stm32f4xx_tim.o(.text)
    TIM_SelectOutputTrigger                  0x080087d1   Thumb Code    18  stm32f4xx_tim.o(.text)
    TIM_SelectSlaveMode                      0x080087e3   Thumb Code    18  stm32f4xx_tim.o(.text)
    TIM_SelectMasterSlaveMode                0x080087f5   Thumb Code    18  stm32f4xx_tim.o(.text)
    TIM_EncoderInterfaceConfig               0x08008807   Thumb Code    66  stm32f4xx_tim.o(.text)
    TIM_SelectHallSensor                     0x08008849   Thumb Code    24  stm32f4xx_tim.o(.text)
    TIM_RemapConfig                          0x08008861   Thumb Code     6  stm32f4xx_tim.o(.text)
    EXTI_DeInit                              0x08008869   Thumb Code    28  stm32f4xx_exti.o(.text)
    EXTI_Init                                0x08008885   Thumb Code   142  stm32f4xx_exti.o(.text)
    EXTI_StructInit                          0x08008913   Thumb Code    16  stm32f4xx_exti.o(.text)
    EXTI_GenerateSWInterrupt                 0x08008923   Thumb Code    16  stm32f4xx_exti.o(.text)
    EXTI_GetFlagStatus                       0x08008933   Thumb Code    22  stm32f4xx_exti.o(.text)
    EXTI_ClearFlag                           0x08008949   Thumb Code     8  stm32f4xx_exti.o(.text)
    EXTI_GetITStatus                         0x08008951   Thumb Code    22  stm32f4xx_exti.o(.text)
    EXTI_ClearITPendingBit                   0x08008967   Thumb Code     8  stm32f4xx_exti.o(.text)
    __use_no_semihosting                     0x08008979   Thumb Code     2  use_no_semi_2.o(.text)
    __2printf                                0x0800897d   Thumb Code    20  noretval__2printf.o(.text)
    __2sprintf                               0x08008995   Thumb Code    34  noretval__2sprintf.o(.text)
    _printf_int_hex                          0x080089bd   Thumb Code    84  _printf_hex_int.o(.text)
    _printf_longlong_hex                     0x080089bd   Thumb Code     0  _printf_hex_int.o(.text)
    __printf                                 0x08008a15   Thumb Code   270  __printf_wp.o(.text)
    strchr                                   0x08008b23   Thumb Code    20  strchr.o(.text)
    strcpy                                   0x08008b37   Thumb Code    72  strcpy.o(.text)
    strlen                                   0x08008b7f   Thumb Code    62  strlen.o(.text)
    strcat                                   0x08008bbd   Thumb Code    24  strcat.o(.text)
    __aeabi_memcpy4                          0x08008bd5   Thumb Code     0  rt_memcpy_w.o(.text)
    __aeabi_memcpy8                          0x08008bd5   Thumb Code     0  rt_memcpy_w.o(.text)
    __rt_memcpy_w                            0x08008bd5   Thumb Code   100  rt_memcpy_w.o(.text)
    _memcpy_lastbytes_aligned                0x08008c1d   Thumb Code     0  rt_memcpy_w.o(.text)
    __aeabi_memclr                           0x08008c39   Thumb Code     0  rt_memclr.o(.text)
    __rt_memclr                              0x08008c39   Thumb Code    68  rt_memclr.o(.text)
    _memset                                  0x08008c3d   Thumb Code     0  rt_memclr.o(.text)
    __use_two_region_memory                  0x08008c7d   Thumb Code     2  heapauxi.o(.text)
    __rt_heap_escrow$2region                 0x08008c7f   Thumb Code     2  heapauxi.o(.text)
    __rt_heap_expand$2region                 0x08008c81   Thumb Code     2  heapauxi.o(.text)
    __I$use$semihosting                      0x08008c83   Thumb Code     0  use_no_semi.o(.text)
    __use_no_semihosting_swi                 0x08008c83   Thumb Code     2  use_no_semi.o(.text)
    __read_errno                             0x08008c85   Thumb Code    10  _rserrno.o(.text)
    __set_errno                              0x08008c8f   Thumb Code    12  _rserrno.o(.text)
    _printf_int_common                       0x08008c9b   Thumb Code   178  _printf_intcommon.o(.text)
    __lib_sel_fp_printf                      0x08008d4d   Thumb Code     2  _printf_fp_dec.o(.text)
    _printf_fp_dec_real                      0x08008efb   Thumb Code   620  _printf_fp_dec.o(.text)
    _printf_char_common                      0x08009173   Thumb Code    32  _printf_char_common.o(.text)
    _sputc                                   0x08009199   Thumb Code    10  _sputc.o(.text)
    _printf_char_file                        0x080091a5   Thumb Code    32  _printf_char_file.o(.text)
    __strtod_int                             0x08009205   Thumb Code    88  strtod.o(.text)
    __aeabi_memclr4                          0x08009269   Thumb Code     0  rt_memclr_w.o(.text)
    __aeabi_memclr8                          0x08009269   Thumb Code     0  rt_memclr_w.o(.text)
    __rt_memclr_w                            0x08009269   Thumb Code    78  rt_memclr_w.o(.text)
    _memset_w                                0x0800926d   Thumb Code     0  rt_memclr_w.o(.text)
    __rt_locale                              0x080092b9   Thumb Code     8  rt_locale_intlibspace.o(.text)
    __aeabi_errno_addr                       0x080092c1   Thumb Code     8  rt_errno_addr_intlibspace.o(.text)
    __errno$intlibspace                      0x080092c1   Thumb Code     0  rt_errno_addr_intlibspace.o(.text)
    __rt_errno_addr$intlibspace              0x080092c1   Thumb Code     0  rt_errno_addr_intlibspace.o(.text)
    _ll_udiv10                               0x080092c9   Thumb Code   138  lludiv10.o(.text)
    isspace                                  0x08009353   Thumb Code    18  isspace.o(.text)
    _printf_fp_infnan                        0x08009365   Thumb Code   112  _printf_fp_infnan.o(.text)
    _sgetc                                   0x080093e5   Thumb Code    30  _sgetc.o(.text)
    _sbackspace                              0x08009403   Thumb Code    34  _sgetc.o(.text)
    _btod_etento                             0x08009425   Thumb Code   216  bigflt0.o(.text)
    ferror                                   0x08009501   Thumb Code     8  ferror.o(.text)
    __user_libspace                          0x08009509   Thumb Code     8  libspace.o(.text)
    __user_perproc_libspace                  0x08009509   Thumb Code     0  libspace.o(.text)
    __user_perthread_libspace                0x08009509   Thumb Code     0  libspace.o(.text)
    __user_setup_stackheap                   0x08009511   Thumb Code    74  sys_stackheap_outer.o(.text)
    __rt_ctype_table                         0x0800955d   Thumb Code    16  rt_ctype_table.o(.text)
    _scanf_really_real                       0x08009769   Thumb Code   668  scanf_fp.o(.text)
    exit                                     0x08009a11   Thumb Code    12  exit.o(.text)
    strcmp                                   0x08009a1d   Thumb Code   128  strcmpv7m.o(.text)
    _scanf_really_hex_real                   0x08009a9d   Thumb Code   778  scanf_hexfp.o(.text)
    _scanf_really_infnan                     0x08009db5   Thumb Code   292  scanf_infnan.o(.text)
    __aeabi_llsl                             0x08009ee9   Thumb Code     0  llshl.o(.text)
    _ll_shift_l                              0x08009ee9   Thumb Code    38  llshl.o(.text)
    _chval                                   0x08009f0f   Thumb Code    28  _chval.o(.text)
    _btod_d2e                                0x08009f2b   Thumb Code    62  btod.o(CL$$btod_d2e)
    _d2e_denorm_low                          0x08009f69   Thumb Code    70  btod.o(CL$$btod_d2e_denorm_low)
    _d2e_norm_op1                            0x08009faf   Thumb Code    96  btod.o(CL$$btod_d2e_norm_op1)
    __btod_div_common                        0x0800a00f   Thumb Code   696  btod.o(CL$$btod_div_common)
    _e2d                                     0x0800a349   Thumb Code    80  btod.o(CL$$btod_e2d)
    _e2e                                     0x0800a39d   Thumb Code   198  btod.o(CL$$btod_e2e)
    _btod_ediv                               0x0800a463   Thumb Code    40  btod.o(CL$$btod_ediv)
    _btod_edivd                              0x0800a48b   Thumb Code    40  btod.o(CL$$btod_edivd)
    _btod_emul                               0x0800a4b3   Thumb Code    40  btod.o(CL$$btod_emul)
    _btod_emuld                              0x0800a4db   Thumb Code    40  btod.o(CL$$btod_emuld)
    __btod_mult_common                       0x0800a503   Thumb Code   580  btod.o(CL$$btod_mult_common)
    __ARM_fpclassify                         0x0800a747   Thumb Code    48  fpclassify.o(i.__ARM_fpclassify)
    __hardfp_atof                            0x0800a779   Thumb Code    44  atof.o(i.__hardfp_atof)
    __hardfp_floor                           0x0800a7b1   Thumb Code   252  floor.o(i.__hardfp_floor)
    __hardfp_ldexp                           0x0800a8c9   Thumb Code   200  ldexp.o(i.__hardfp_ldexp)
    __hardfp_sin                             0x0800a999   Thumb Code   180  sin.o(i.__hardfp_sin)
    __hardfp_sqrt                            0x0800aa61   Thumb Code   122  sqrt.o(i.__hardfp_sqrt)
    __ieee754_rem_pio2                       0x0800aae1   Thumb Code   938  rred.o(i.__ieee754_rem_pio2)
    __kernel_cos                             0x0800af19   Thumb Code   322  cos_i.o(i.__kernel_cos)
    __kernel_poly                            0x0800b089   Thumb Code   248  poly.o(i.__kernel_poly)
    __kernel_sin                             0x0800b181   Thumb Code   280  sin_i.o(i.__kernel_sin)
    __mathlib_dbl_infnan                     0x0800b2b1   Thumb Code    20  dunder.o(i.__mathlib_dbl_infnan)
    __mathlib_dbl_invalid                    0x0800b2c9   Thumb Code    24  dunder.o(i.__mathlib_dbl_invalid)
    __mathlib_dbl_overflow                   0x0800b2e9   Thumb Code    24  dunder.o(i.__mathlib_dbl_overflow)
    __mathlib_dbl_underflow                  0x0800b309   Thumb Code    24  dunder.o(i.__mathlib_dbl_underflow)
    __mathlib_narrow                         0x0800b329   Thumb Code   166  narrow.o(i.__mathlib_narrow)
    __support_ldexp                          0x0800b3e1   Thumb Code    20  ldexp.o(i.__support_ldexp)
    _is_digit                                0x0800b3f5   Thumb Code    14  __printf_wp.o(i._is_digit)
    fabs                                     0x0800b403   Thumb Code    24  fabs.o(i.fabs)
    frexp                                    0x0800b421   Thumb Code   118  frexp.o(i.frexp)
    _get_lc_numeric                          0x0800b4ad   Thumb Code    44  lc_numeric_c.o(locale$$code)
    _get_lc_ctype                            0x0800b4d9   Thumb Code    44  lc_ctype_c.o(locale$$code)
    __aeabi_dneg                             0x0800b505   Thumb Code     0  basic.o(x$fpl$basic)
    _dneg                                    0x0800b505   Thumb Code     6  basic.o(x$fpl$basic)
    __aeabi_fneg                             0x0800b50b   Thumb Code     0  basic.o(x$fpl$basic)
    _fneg                                    0x0800b50b   Thumb Code     6  basic.o(x$fpl$basic)
    _dabs                                    0x0800b511   Thumb Code     6  basic.o(x$fpl$basic)
    _fabs                                    0x0800b517   Thumb Code     6  basic.o(x$fpl$basic)
    __aeabi_d2f                              0x0800b51d   Thumb Code     0  d2f.o(x$fpl$d2f)
    _d2f                                     0x0800b51d   Thumb Code    98  d2f.o(x$fpl$d2f)
    __aeabi_dadd                             0x0800b581   Thumb Code     0  daddsub_clz.o(x$fpl$dadd)
    _dadd                                    0x0800b581   Thumb Code   332  daddsub_clz.o(x$fpl$dadd)
    __fpl_dcheck_NaN1                        0x0800b6d1   Thumb Code    10  dcheck1.o(x$fpl$dcheck1)
    __fpl_dcmp_Inf                           0x0800b6e1   Thumb Code    24  dcmpi.o(x$fpl$dcmpinf)
    __aeabi_ddiv                             0x0800b6f9   Thumb Code     0  ddiv.o(x$fpl$ddiv)
    _ddiv                                    0x0800b6f9   Thumb Code   552  ddiv.o(x$fpl$ddiv)
    __aeabi_cdcmpeq                          0x0800b9a9   Thumb Code     0  deqf.o(x$fpl$deqf)
    _dcmpeq                                  0x0800b9a9   Thumb Code   120  deqf.o(x$fpl$deqf)
    __aeabi_d2iz                             0x0800ba21   Thumb Code     0  dfix.o(x$fpl$dfix)
    _dfix                                    0x0800ba21   Thumb Code    94  dfix.o(x$fpl$dfix)
    __aeabi_d2uiz                            0x0800ba81   Thumb Code     0  dfixu.o(x$fpl$dfixu)
    _dfixu                                   0x0800ba81   Thumb Code    90  dfixu.o(x$fpl$dfixu)
    __aeabi_i2d                              0x0800badb   Thumb Code     0  dflt_clz.o(x$fpl$dflt)
    _dflt                                    0x0800badb   Thumb Code    46  dflt_clz.o(x$fpl$dflt)
    __aeabi_ui2d                             0x0800bb09   Thumb Code     0  dflt_clz.o(x$fpl$dfltu)
    _dfltu                                   0x0800bb09   Thumb Code    38  dflt_clz.o(x$fpl$dfltu)
    __aeabi_cdcmple                          0x0800bb31   Thumb Code     0  dleqf.o(x$fpl$dleqf)
    _dcmple                                  0x0800bb31   Thumb Code   120  dleqf.o(x$fpl$dleqf)
    __fpl_dcmple_InfNaN                      0x0800bb93   Thumb Code     0  dleqf.o(x$fpl$dleqf)
    __aeabi_dmul                             0x0800bba9   Thumb Code     0  dmul.o(x$fpl$dmul)
    _dmul                                    0x0800bba9   Thumb Code   332  dmul.o(x$fpl$dmul)
    __fpl_dnaninf                            0x0800bcfd   Thumb Code   156  dnaninf.o(x$fpl$dnaninf)
    __fpl_dretinf                            0x0800bd99   Thumb Code    12  dretinf.o(x$fpl$dretinf)
    __aeabi_cdrcmple                         0x0800bda5   Thumb Code     0  drleqf.o(x$fpl$drleqf)
    _drcmple                                 0x0800bda5   Thumb Code   108  drleqf.o(x$fpl$drleqf)
    __aeabi_drsub                            0x0800be11   Thumb Code     0  daddsub_clz.o(x$fpl$drsb)
    _drsb                                    0x0800be11   Thumb Code    22  daddsub_clz.o(x$fpl$drsb)
    _dsqrt                                   0x0800be29   Thumb Code   404  dsqrt_umaal.o(x$fpl$dsqrt)
    __aeabi_dsub                             0x0800bfc1   Thumb Code     0  daddsub_clz.o(x$fpl$dsub)
    _dsub                                    0x0800bfc1   Thumb Code   464  daddsub_clz.o(x$fpl$dsub)
    __aeabi_f2d                              0x0800c195   Thumb Code     0  f2d.o(x$fpl$f2d)
    _f2d                                     0x0800c195   Thumb Code    86  f2d.o(x$fpl$f2d)
    __fpl_fnaninf                            0x0800c1eb   Thumb Code   140  fnaninf.o(x$fpl$fnaninf)
    _fp_init                                 0x0800c277   Thumb Code    10  fpinit.o(x$fpl$fpinit)
    __fplib_config_fpu_vfp                   0x0800c27f   Thumb Code     0  fpinit.o(x$fpl$fpinit)
    __fplib_config_pureend_doubles           0x0800c27f   Thumb Code     0  fpinit.o(x$fpl$fpinit)
    __fpl_fretinf                            0x0800c281   Thumb Code    10  fretinf.o(x$fpl$fretinf)
    _printf_fp_dec                           0x0800c28b   Thumb Code     4  printf1.o(x$fpl$printf1)
    __fpl_return_NaN                         0x0800c28f   Thumb Code   100  retnan.o(x$fpl$retnan)
    __ARM_scalbn                             0x0800c2f3   Thumb Code    92  scalbn.o(x$fpl$scalbn)
    _scanf_real                              0x0800c34f   Thumb Code     4  scanf1.o(x$fpl$scanf1)
    _scanf_hex_real                          0x0800c353   Thumb Code     4  scanf2.o(x$fpl$scanf2)
    _scanf_infnan                            0x0800c357   Thumb Code     4  scanf2.o(x$fpl$scanf2)
    __fpl_cmpreturn                          0x0800c35b   Thumb Code    48  trapv.o(x$fpl$trapveneer)
    __I$use$fp                               0x0800c38a   Number         0  usenofp.o(x$fpl$usenofp)
    asc2_1206                                0x0800c38a   Data        1140  lcd.o(.constdata)
    asc2_1608                                0x0800c7fe   Data        1520  lcd.o(.constdata)
    asc2_2412                                0x0800cdee   Data        3420  lcd.o(.constdata)
    number_big                               0x0800db4a   Data         780  lcd.o(.constdata)
    gImage_window                            0x0800de56   Data        2528  control.o(.constdata)
    FSMC_DefaultTimingStruct                 0x0800e838   Data          28  stm32f4xx_fsmc.o(.constdata)
    Region$$Table$$Base                      0x0800eb04   Number         0  anon$$obj.o(Region$$Table)
    Region$$Table$$Limit                     0x0800eb24   Number         0  anon$$obj.o(Region$$Table)
    __aeabi_HUGE_VAL                         0x0800eb24   Data           0  fpconst.o(c$$dinf)
    __aeabi_HUGE_VALL                        0x0800eb24   Data           0  fpconst.o(c$$dinf)
    __aeabi_INFINITY                         0x0800eb24   Data           0  fpconst.o(c$$dinf)
    __dInf                                   0x0800eb24   Data           0  fpconst.o(c$$dinf)
    __huge_val                               0x0800eb24   Data           0  fpconst.o(c$$dinf)
    __ctype                                  0x0800eb55   Data           0  lc_ctype_c.o(locale$$data)
    name1                                    0x20000000   Data          60  main.o(.data)
    ADC_ConvertedValueLocal                  0x2000003c   Data           2  main.o(.data)
    button1                                  0x20000040   Data           4  main.o(.data)
    button2                                  0x20000044   Data           4  main.o(.data)
    button3                                  0x20000048   Data           4  main.o(.data)
    Freqtrack                                0x2000004c   Data           4  main.o(.data)
    edit1                                    0x20000050   Data           4  main.o(.data)
    edit2                                    0x20000054   Data           4  main.o(.data)
    edit3                                    0x20000058   Data           4  main.o(.data)
    edit4                                    0x2000005c   Data           4  main.o(.data)
    edit5                                    0x20000060   Data           4  main.o(.data)
    edit6                                    0x20000064   Data           4  main.o(.data)
    choose                                   0x20000068   Data           1  main.o(.data)
    Update                                   0x20000069   Data           1  main.o(.data)
    nowpwm                                   0x2000006a   Data           1  main.o(.data)
    pwm                                      0x2000006c   Data           4  main.o(.data)
    setValue                                 0x20000070   Data           4  main.o(.data)
    SetVol                                   0x20000074   Data           4  main.o(.data)
    SetFreq                                  0x20000078   Data           4  main.o(.data)
    delay                                    0x2000007c   Data           2  main.o(.data)
    delay_left                               0x2000007e   Data           2  main.o(.data)
    Period                                   0x20000080   Data           4  main.o(.data)
    SystemCoreClock                          0x20000088   Data           4  system_stm32f4xx.o(.data)
    AHBPrescTable                            0x2000008c   Data          16  system_stm32f4xx.o(.data)
    POINT_COLOR                              0x2000009c   Data           2  lcd.o(.data)
    BACK_COLOR                               0x2000009e   Data           2  lcd.o(.data)
    tp_dev                                   0x200000a0   Data          64  touch.o(.data)
    CMD_RDX                                  0x200000e0   Data           1  touch.o(.data)
    CMD_RDY                                  0x200000e1   Data           1  touch.o(.data)
    TP_REMIND_MSG_TBL                        0x200000e4   Data           4  touch.o(.data)
    Delay_Time                               0x200000e8   Data           4  touch.o(.data)
    adc0                                     0x200000f0   Data           2  pwm.o(.data)
    adc1                                     0x200000f2   Data           2  pwm.o(.data)
    adc2                                     0x200000f4   Data           2  pwm.o(.data)
    adc3                                     0x200000f6   Data           2  pwm.o(.data)
    volt1                                    0x200000f8   Data           4  pwm.o(.data)
    volt2                                    0x200000fc   Data           4  pwm.o(.data)
    amp1                                     0x20000100   Data           4  pwm.o(.data)
    amp2                                     0x20000104   Data           4  pwm.o(.data)
    nowEXTI2                                 0x20000108   Data           1  pwm.o(.data)
    lastEXTI2                                0x20000109   Data           1  pwm.o(.data)
    nowEXTI3                                 0x2000010a   Data           1  pwm.o(.data)
    lastEXTI3                                0x2000010b   Data           1  pwm.o(.data)
    Voltage                                  0x20000110   Data           8  pwm.o(.data)
    Current                                  0x20000118   Data           8  pwm.o(.data)
    __stdout                                 0x20000124   Data           4  usart.o(.data)
    USART_RX_STA                             0x20000128   Data           2  usart.o(.data)
    umax                                     0x2000012c   Data           2  pid.o(.data)
    umin                                     0x2000012e   Data           2  pid.o(.data)
    integral                                 0x20000130   Data           4  pid.o(.data)
    err                                      0x20000134   Data           4  pid.o(.data)
    tempDuty                                 0x20000138   Data           4  pid.o(.data)
    but                                      0x2000014c   Data          60  main.o(.bss)
    chart                                    0x20000188   Data         400  main.o(.bss)
    lcddev                                   0x20000318   Data          14  lcd.o(.bss)
    USART_RX_BUF                             0x20000353   Data         200  usart.o(.bss)
    button                                   0x2000041c   Data        2080  control.o(.bss)
    font                                     0x20000c3c   Data         640  control.o(.bss)
    zpos                                     0x20000ebc   Data         200  control.o(.bss)
    track                                    0x20000f84   Data         280  control.o(.bss)
    edit                                     0x2000109c   Data         620  control.o(.bss)
    tempst                                   0x20001308   Data          25  control.o(.bss)
    __libspace_start                         0x20001324   Data          96  libspace.o(.bss)
    __temporary_stack_top$libspace           0x20001384   Data           0  libspace.o(.bss)



==============================================================================

Memory Map of the image

  Image Entry point : 0x08000189

  Load Region LR_IROM1 (Base: 0x08000000, Size: 0x0000eda4, Max: 0x00100000, ABSOLUTE, COMPRESSED[0x0000ecc0])

    Execution Region ER_IROM1 (Base: 0x08000000, Size: 0x0000ec58, Max: 0x00100000, ABSOLUTE)

    Base Addr    Size         Type   Attr      Idx    E Section Name        Object

    0x08000000   0x00000188   Data   RO          659    RESET               startup_stm32f40_41xxx.o
    0x08000188   0x00000008   Code   RO          921  * !!!main             c_w.l(__main.o)
    0x08000190   0x00000034   Code   RO         1342    !!!scatter          c_w.l(__scatter.o)
    0x080001c4   0x0000005a   Code   RO         1340    !!dczerorl2         c_w.l(__dczerorl2.o)
    0x0800021e   0x00000002   PAD
    0x08000220   0x0000001c   Code   RO         1344    !!handler_zi        c_w.l(__scatter_zi.o)
    0x0800023c   0x00000000   Code   RO          906    .ARM.Collect$$_printf_percent$$00000000  c_w.l(_printf_percent.o)
    0x0800023c   0x00000006   Code   RO          905    .ARM.Collect$$_printf_percent$$00000003  c_w.l(_printf_f.o)
    0x08000242   0x00000006   Code   RO          904    .ARM.Collect$$_printf_percent$$0000000C  c_w.l(_printf_x.o)
    0x08000248   0x00000004   Code   RO         1010    .ARM.Collect$$_printf_percent$$00000017  c_w.l(_printf_percent_end.o)
    0x0800024c   0x00000002   Code   RO         1157    .ARM.Collect$$libinit$$00000000  c_w.l(libinit.o)
    0x0800024e   0x00000004   Code   RO         1158    .ARM.Collect$$libinit$$00000001  c_w.l(libinit2.o)
    0x08000252   0x00000000   Code   RO         1161    .ARM.Collect$$libinit$$00000004  c_w.l(libinit2.o)
    0x08000252   0x00000000   Code   RO         1164    .ARM.Collect$$libinit$$0000000A  c_w.l(libinit2.o)
    0x08000252   0x00000000   Code   RO         1166    .ARM.Collect$$libinit$$0000000C  c_w.l(libinit2.o)
    0x08000252   0x00000000   Code   RO         1168    .ARM.Collect$$libinit$$0000000E  c_w.l(libinit2.o)
    0x08000252   0x00000006   Code   RO         1169    .ARM.Collect$$libinit$$0000000F  c_w.l(libinit2.o)
    0x08000258   0x00000000   Code   RO         1171    .ARM.Collect$$libinit$$00000011  c_w.l(libinit2.o)
    0x08000258   0x0000000c   Code   RO         1172    .ARM.Collect$$libinit$$00000012  c_w.l(libinit2.o)
    0x08000264   0x00000000   Code   RO         1173    .ARM.Collect$$libinit$$00000013  c_w.l(libinit2.o)
    0x08000264   0x00000000   Code   RO         1175    .ARM.Collect$$libinit$$00000015  c_w.l(libinit2.o)
    0x08000264   0x0000000a   Code   RO         1176    .ARM.Collect$$libinit$$00000016  c_w.l(libinit2.o)
    0x0800026e   0x00000000   Code   RO         1177    .ARM.Collect$$libinit$$00000017  c_w.l(libinit2.o)
    0x0800026e   0x00000000   Code   RO         1179    .ARM.Collect$$libinit$$00000019  c_w.l(libinit2.o)
    0x0800026e   0x00000000   Code   RO         1181    .ARM.Collect$$libinit$$0000001B  c_w.l(libinit2.o)
    0x0800026e   0x00000000   Code   RO         1183    .ARM.Collect$$libinit$$0000001D  c_w.l(libinit2.o)
    0x0800026e   0x00000000   Code   RO         1185    .ARM.Collect$$libinit$$0000001F  c_w.l(libinit2.o)
    0x0800026e   0x00000000   Code   RO         1187    .ARM.Collect$$libinit$$00000021  c_w.l(libinit2.o)
    0x0800026e   0x00000000   Code   RO         1189    .ARM.Collect$$libinit$$00000023  c_w.l(libinit2.o)
    0x0800026e   0x00000000   Code   RO         1191    .ARM.Collect$$libinit$$00000025  c_w.l(libinit2.o)
    0x0800026e   0x00000000   Code   RO         1195    .ARM.Collect$$libinit$$0000002C  c_w.l(libinit2.o)
    0x0800026e   0x00000000   Code   RO         1197    .ARM.Collect$$libinit$$0000002E  c_w.l(libinit2.o)
    0x0800026e   0x00000000   Code   RO         1199    .ARM.Collect$$libinit$$00000030  c_w.l(libinit2.o)
    0x0800026e   0x00000000   Code   RO         1201    .ARM.Collect$$libinit$$00000032  c_w.l(libinit2.o)
    0x0800026e   0x00000002   Code   RO         1202    .ARM.Collect$$libinit$$00000033  c_w.l(libinit2.o)
    0x08000270   0x00000002   Code   RO         1266    .ARM.Collect$$libshutdown$$00000000  c_w.l(libshutdown.o)
    0x08000272   0x00000000   Code   RO         1292    .ARM.Collect$$libshutdown$$00000003  c_w.l(libshutdown2.o)
    0x08000272   0x00000000   Code   RO         1295    .ARM.Collect$$libshutdown$$00000006  c_w.l(libshutdown2.o)
    0x08000272   0x00000000   Code   RO         1298    .ARM.Collect$$libshutdown$$00000009  c_w.l(libshutdown2.o)
    0x08000272   0x00000000   Code   RO         1300    .ARM.Collect$$libshutdown$$0000000B  c_w.l(libshutdown2.o)
    0x08000272   0x00000000   Code   RO         1303    .ARM.Collect$$libshutdown$$0000000E  c_w.l(libshutdown2.o)
    0x08000272   0x00000002   Code   RO         1304    .ARM.Collect$$libshutdown$$0000000F  c_w.l(libshutdown2.o)
    0x08000274   0x00000000   Code   RO          997    .ARM.Collect$$rtentry$$00000000  c_w.l(__rtentry.o)
    0x08000274   0x00000000   Code   RO         1059    .ARM.Collect$$rtentry$$00000002  c_w.l(__rtentry2.o)
    0x08000274   0x00000006   Code   RO         1071    .ARM.Collect$$rtentry$$00000004  c_w.l(__rtentry4.o)
    0x0800027a   0x00000000   Code   RO         1061    .ARM.Collect$$rtentry$$00000009  c_w.l(__rtentry2.o)
    0x0800027a   0x00000004   Code   RO         1062    .ARM.Collect$$rtentry$$0000000A  c_w.l(__rtentry2.o)
    0x0800027e   0x00000000   Code   RO         1064    .ARM.Collect$$rtentry$$0000000C  c_w.l(__rtentry2.o)
    0x0800027e   0x00000008   Code   RO         1065    .ARM.Collect$$rtentry$$0000000D  c_w.l(__rtentry2.o)
    0x08000286   0x00000002   Code   RO         1203    .ARM.Collect$$rtexit$$00000000  c_w.l(rtexit.o)
    0x08000288   0x00000000   Code   RO         1230    .ARM.Collect$$rtexit$$00000002  c_w.l(rtexit2.o)
    0x08000288   0x00000004   Code   RO         1231    .ARM.Collect$$rtexit$$00000003  c_w.l(rtexit2.o)
    0x0800028c   0x00000006   Code   RO         1232    .ARM.Collect$$rtexit$$00000004  c_w.l(rtexit2.o)
    0x08000292   0x00000002   PAD
    0x08000294   0x000005b8   Code   RO            3    .text               main.o
    0x0800084c   0x0000001a   Code   RO          200    .text               stm32f4xx_it.o
    0x08000866   0x00000002   PAD
    0x08000868   0x00000210   Code   RO          249    .text               system_stm32f4xx.o
    0x08000a78   0x000000cc   Code   RO          275    .text               led.o
    0x08000b44   0x00001f90   Code   RO          295    .text               lcd.o
    0x08002ad4   0x00001408   Code   RO          326    .text               touch.o
    0x08003edc   0x000004cc   Code   RO          388    .text               pwm.o
    0x080043a8   0x0000017a   Code   RO          415    .text               24cxx.o
    0x08004522   0x00000002   PAD
    0x08004524   0x00000264   Code   RO          435    .text               myiic.o
    0x08004788   0x00000128   Code   RO          455    .text               adc.o
    0x080048b0   0x00000188   Code   RO          475    .text               exti.o
    0x08004a38   0x00000170   Code   RO          496    .text               timer.o
    0x08004ba8   0x00000104   Code   RO          537    .text               delay.o
    0x08004cac   0x0000014c   Code   RO          577    .text               usart.o
    0x08004df8   0x000013ac   Code   RO          608    .text               control.o
    0x080061a4   0x000000fc   Code   RO          633    .text               pid.o
    0x080062a0   0x00000040   Code   RO          660    .text               startup_stm32f40_41xxx.o
    0x080062e0   0x000000e0   Code   RO          666    .text               misc.o
    0x080063c0   0x00000294   Code   RO          686    .text               stm32f4xx_gpio.o
    0x08006654   0x000005c8   Code   RO          706    .text               stm32f4xx_fsmc.o
    0x08006c1c   0x0000065c   Code   RO          729    .text               stm32f4xx_rcc.o
    0x08007278   0x00000094   Code   RO          751    .text               stm32f4xx_syscfg.o
    0x0800730c   0x00000454   Code   RO          771    .text               stm32f4xx_usart.o
    0x08007760   0x00000464   Code   RO          791    .text               stm32f4xx_adc.o
    0x08007bc4   0x00000ca2   Code   RO          811    .text               stm32f4xx_tim.o
    0x08008866   0x00000002   PAD
    0x08008868   0x00000110   Code   RO          831    .text               stm32f4xx_exti.o
    0x08008978   0x00000002   Code   RO          851    .text               c_w.l(use_no_semi_2.o)
    0x0800897a   0x00000002   PAD
    0x0800897c   0x00000018   Code   RO          857    .text               c_w.l(noretval__2printf.o)
    0x08008994   0x00000028   Code   RO          859    .text               c_w.l(noretval__2sprintf.o)
    0x080089bc   0x00000058   Code   RO          866    .text               c_w.l(_printf_hex_int.o)
    0x08008a14   0x0000010e   Code   RO          892    .text               c_w.l(__printf_wp.o)
    0x08008b22   0x00000014   Code   RO          907    .text               c_w.l(strchr.o)
    0x08008b36   0x00000048   Code   RO          909    .text               c_w.l(strcpy.o)
    0x08008b7e   0x0000003e   Code   RO          911    .text               c_w.l(strlen.o)
    0x08008bbc   0x00000018   Code   RO          913    .text               c_w.l(strcat.o)
    0x08008bd4   0x00000064   Code   RO          915    .text               c_w.l(rt_memcpy_w.o)
    0x08008c38   0x00000044   Code   RO          917    .text               c_w.l(rt_memclr.o)
    0x08008c7c   0x00000006   Code   RO          919    .text               c_w.l(heapauxi.o)
    0x08008c82   0x00000002   Code   RO          995    .text               c_w.l(use_no_semi.o)
    0x08008c84   0x00000016   Code   RO          998    .text               c_w.l(_rserrno.o)
    0x08008c9a   0x000000b2   Code   RO         1000    .text               c_w.l(_printf_intcommon.o)
    0x08008d4c   0x0000041a   Code   RO         1002    .text               c_w.l(_printf_fp_dec.o)
    0x08009166   0x00000002   PAD
    0x08009168   0x00000030   Code   RO         1004    .text               c_w.l(_printf_char_common.o)
    0x08009198   0x0000000a   Code   RO         1006    .text               c_w.l(_sputc.o)
    0x080091a2   0x00000002   PAD
    0x080091a4   0x00000024   Code   RO         1008    .text               c_w.l(_printf_char_file.o)
    0x080091c8   0x000000a0   Code   RO         1011    .text               c_w.l(strtod.o)
    0x08009268   0x0000004e   Code   RO         1013    .text               c_w.l(rt_memclr_w.o)
    0x080092b6   0x00000002   PAD
    0x080092b8   0x00000008   Code   RO         1076    .text               c_w.l(rt_locale_intlibspace.o)
    0x080092c0   0x00000008   Code   RO         1081    .text               c_w.l(rt_errno_addr_intlibspace.o)
    0x080092c8   0x0000008a   Code   RO         1083    .text               c_w.l(lludiv10.o)
    0x08009352   0x00000012   Code   RO         1085    .text               c_w.l(isspace.o)
    0x08009364   0x00000080   Code   RO         1087    .text               c_w.l(_printf_fp_infnan.o)
    0x080093e4   0x00000040   Code   RO         1091    .text               c_w.l(_sgetc.o)
    0x08009424   0x000000dc   Code   RO         1093    .text               c_w.l(bigflt0.o)
    0x08009500   0x00000008   Code   RO         1118    .text               c_w.l(ferror.o)
    0x08009508   0x00000008   Code   RO         1139    .text               c_w.l(libspace.o)
    0x08009510   0x0000004a   Code   RO         1142    .text               c_w.l(sys_stackheap_outer.o)
    0x0800955a   0x00000002   PAD
    0x0800955c   0x00000010   Code   RO         1144    .text               c_w.l(rt_ctype_table.o)
    0x0800956c   0x000004a4   Code   RO         1146    .text               c_w.l(scanf_fp.o)
    0x08009a10   0x0000000c   Code   RO         1148    .text               c_w.l(exit.o)
    0x08009a1c   0x00000080   Code   RO         1150    .text               c_w.l(strcmpv7m.o)
    0x08009a9c   0x00000318   Code   RO         1236    .text               c_w.l(scanf_hexfp.o)
    0x08009db4   0x00000134   Code   RO         1238    .text               c_w.l(scanf_infnan.o)
    0x08009ee8   0x00000026   Code   RO         1256    .text               c_w.l(llshl.o)
    0x08009f0e   0x0000001c   Code   RO         1258    .text               c_w.l(_chval.o)
    0x08009f2a   0x0000003e   Code   RO         1096    CL$$btod_d2e        c_w.l(btod.o)
    0x08009f68   0x00000046   Code   RO         1098    CL$$btod_d2e_denorm_low  c_w.l(btod.o)
    0x08009fae   0x00000060   Code   RO         1097    CL$$btod_d2e_norm_op1  c_w.l(btod.o)
    0x0800a00e   0x00000338   Code   RO         1106    CL$$btod_div_common  c_w.l(btod.o)
    0x0800a346   0x00000002   PAD
    0x0800a348   0x00000054   Code   RO         1104    CL$$btod_e2d        c_w.l(btod.o)
    0x0800a39c   0x000000c6   Code   RO         1103    CL$$btod_e2e        c_w.l(btod.o)
    0x0800a462   0x00000028   Code   RO         1100    CL$$btod_ediv       c_w.l(btod.o)
    0x0800a48a   0x00000028   Code   RO         1102    CL$$btod_edivd      c_w.l(btod.o)
    0x0800a4b2   0x00000028   Code   RO         1099    CL$$btod_emul       c_w.l(btod.o)
    0x0800a4da   0x00000028   Code   RO         1101    CL$$btod_emuld      c_w.l(btod.o)
    0x0800a502   0x00000244   Code   RO         1105    CL$$btod_mult_common  c_w.l(btod.o)
    0x0800a746   0x00000030   Code   RO         1135    i.__ARM_fpclassify  m_wm.l(fpclassify.o)
    0x0800a776   0x00000002   PAD
    0x0800a778   0x00000038   Code   RO          959    i.__hardfp_atof     m_wm.l(atof.o)
    0x0800a7b0   0x00000118   Code   RO          965    i.__hardfp_floor    m_wm.l(floor.o)
    0x0800a8c8   0x000000d0   Code   RO         1267    i.__hardfp_ldexp    m_wm.l(ldexp.o)
    0x0800a998   0x000000c8   Code   RO          971    i.__hardfp_sin      m_wm.l(sin.o)
    0x0800aa60   0x0000007a   Code   RO          983    i.__hardfp_sqrt     m_wm.l(sqrt.o)
    0x0800aada   0x00000006   PAD
    0x0800aae0   0x00000438   Code   RO         1047    i.__ieee754_rem_pio2  m_wm.l(rred.o)
    0x0800af18   0x00000170   Code   RO         1030    i.__kernel_cos      m_wm.l(cos_i.o)
    0x0800b088   0x000000f8   Code   RO         1137    i.__kernel_poly     m_wm.l(poly.o)
    0x0800b180   0x00000130   Code   RO         1052    i.__kernel_sin      m_wm.l(sin_i.o)
    0x0800b2b0   0x00000014   Code   RO         1034    i.__mathlib_dbl_infnan  m_wm.l(dunder.o)
    0x0800b2c4   0x00000004   PAD
    0x0800b2c8   0x00000020   Code   RO         1036    i.__mathlib_dbl_invalid  m_wm.l(dunder.o)
    0x0800b2e8   0x00000020   Code   RO         1037    i.__mathlib_dbl_overflow  m_wm.l(dunder.o)
    0x0800b308   0x00000020   Code   RO         1039    i.__mathlib_dbl_underflow  m_wm.l(dunder.o)
    0x0800b328   0x000000b8   Code   RO         1222    i.__mathlib_narrow  m_wm.l(narrow.o)
    0x0800b3e0   0x00000014   Code   RO         1269    i.__support_ldexp   m_wm.l(ldexp.o)
    0x0800b3f4   0x0000000e   Code   RO          894    i._is_digit         c_w.l(__printf_wp.o)
    0x0800b402   0x00000018   Code   RO         1131    i.fabs              m_wm.l(fabs.o)
    0x0800b41a   0x00000006   PAD
    0x0800b420   0x0000008c   Code   RO         1248    i.frexp             m_wm.l(frexp.o)
    0x0800b4ac   0x0000002c   Code   RO         1123    locale$$code        c_w.l(lc_numeric_c.o)
    0x0800b4d8   0x0000002c   Code   RO         1206    locale$$code        c_w.l(lc_ctype_c.o)
    0x0800b504   0x00000018   Code   RO         1015    x$fpl$basic         fz_wm.l(basic.o)
    0x0800b51c   0x00000062   Code   RO          923    x$fpl$d2f           fz_wm.l(d2f.o)
    0x0800b57e   0x00000002   PAD
    0x0800b580   0x00000150   Code   RO          925    x$fpl$dadd          fz_wm.l(daddsub_clz.o)
    0x0800b6d0   0x00000010   Code   RO         1312    x$fpl$dcheck1       fz_wm.l(dcheck1.o)
    0x0800b6e0   0x00000018   Code   RO         1017    x$fpl$dcmpinf       fz_wm.l(dcmpi.o)
    0x0800b6f8   0x000002b0   Code   RO          932    x$fpl$ddiv          fz_wm.l(ddiv.o)
    0x0800b9a8   0x00000078   Code   RO         1244    x$fpl$deqf          fz_wm.l(deqf.o)
    0x0800ba20   0x0000005e   Code   RO          935    x$fpl$dfix          fz_wm.l(dfix.o)
    0x0800ba7e   0x00000002   PAD
    0x0800ba80   0x0000005a   Code   RO          939    x$fpl$dfixu         fz_wm.l(dfixu.o)
    0x0800bada   0x0000002e   Code   RO          944    x$fpl$dflt          fz_wm.l(dflt_clz.o)
    0x0800bb08   0x00000026   Code   RO          943    x$fpl$dfltu         fz_wm.l(dflt_clz.o)
    0x0800bb2e   0x00000002   PAD
    0x0800bb30   0x00000078   Code   RO          949    x$fpl$dleqf         fz_wm.l(dleqf.o)
    0x0800bba8   0x00000154   Code   RO          951    x$fpl$dmul          fz_wm.l(dmul.o)
    0x0800bcfc   0x0000009c   Code   RO         1019    x$fpl$dnaninf       fz_wm.l(dnaninf.o)
    0x0800bd98   0x0000000c   Code   RO         1021    x$fpl$dretinf       fz_wm.l(dretinf.o)
    0x0800bda4   0x0000006c   Code   RO          953    x$fpl$drleqf        fz_wm.l(drleqf.o)
    0x0800be10   0x00000016   Code   RO          926    x$fpl$drsb          fz_wm.l(daddsub_clz.o)
    0x0800be26   0x00000002   PAD
    0x0800be28   0x00000198   Code   RO         1023    x$fpl$dsqrt         fz_wm.l(dsqrt_umaal.o)
    0x0800bfc0   0x000001d4   Code   RO          927    x$fpl$dsub          fz_wm.l(daddsub_clz.o)
    0x0800c194   0x00000056   Code   RO          955    x$fpl$f2d           fz_wm.l(f2d.o)
    0x0800c1ea   0x0000008c   Code   RO         1025    x$fpl$fnaninf       fz_wm.l(fnaninf.o)
    0x0800c276   0x0000000a   Code   RO         1213    x$fpl$fpinit        fz_wm.l(fpinit.o)
    0x0800c280   0x0000000a   Code   RO         1027    x$fpl$fretinf       fz_wm.l(fretinf.o)
    0x0800c28a   0x00000004   Code   RO          957    x$fpl$printf1       fz_wm.l(printf1.o)
    0x0800c28e   0x00000064   Code   RO         1318    x$fpl$retnan        fz_wm.l(retnan.o)
    0x0800c2f2   0x0000005c   Code   RO         1305    x$fpl$scalbn        fz_wm.l(scalbn.o)
    0x0800c34e   0x00000004   Code   RO         1127    x$fpl$scanf1        fz_wm.l(scanf1.o)
    0x0800c352   0x00000008   Code   RO         1215    x$fpl$scanf2        fz_wm.l(scanf2.o)
    0x0800c35a   0x00000030   Code   RO         1336    x$fpl$trapveneer    fz_wm.l(trapv.o)
    0x0800c38a   0x00000000   Code   RO         1029    x$fpl$usenofp       fz_wm.l(usenofp.o)
    0x0800c38a   0x00001acc   Data   RO          297    .constdata          lcd.o
    0x0800de56   0x000009e0   Data   RO          610    .constdata          control.o
    0x0800e836   0x00000002   PAD
    0x0800e838   0x0000001c   Data   RO          707    .constdata          stm32f4xx_fsmc.o
    0x0800e854   0x00000028   Data   RO          867    .constdata          c_w.l(_printf_hex_int.o)
    0x0800e87c   0x00000004   PAD
    0x0800e880   0x00000030   Data   RO         1031    .constdata          m_wm.l(cos_i.o)
    0x0800e8b0   0x000000c8   Data   RO         1049    .constdata          m_wm.l(rred.o)
    0x0800e978   0x00000028   Data   RO         1053    .constdata          m_wm.l(sin_i.o)
    0x0800e9a0   0x00000094   Data   RO         1094    .constdata          c_w.l(bigflt0.o)
    0x0800ea34   0x00000045   Data   RO            6    .conststring        main.o
    0x0800ea79   0x00000003   PAD
    0x0800ea7c   0x00000085   Data   RO          327    .conststring        touch.o
    0x0800eb01   0x00000003   PAD
    0x0800eb04   0x00000020   Data   RO         1338    Region$$Table       anon$$obj.o
    0x0800eb24   0x00000008   Data   RO         1210    c$$dinf             fz_wm.l(fpconst.o)
    0x0800eb2c   0x0000001c   Data   RO         1122    locale$$data        c_w.l(lc_numeric_c.o)
    0x0800eb48   0x00000110   Data   RO         1205    locale$$data        c_w.l(lc_ctype_c.o)


    Execution Region RW_IRAM1 (Base: 0x20000000, Size: 0x00001988, Max: 0x00020000, ABSOLUTE, COMPRESSED[0x00000068])

    Base Addr    Size         Type   Attr      Idx    E Section Name        Object

    0x20000000   0x00000085   Data   RW            7    .data               main.o
    0x20000085   0x00000003   PAD
    0x20000088   0x00000014   Data   RW          250    .data               system_stm32f4xx.o
    0x2000009c   0x00000004   Data   RW          298    .data               lcd.o
    0x200000a0   0x0000004c   Data   RW          328    .data               touch.o
    0x200000ec   0x00000004   PAD
    0x200000f0   0x00000030   Data   RW          389    .data               pwm.o
    0x20000120   0x00000004   Data   RW          538    .data               delay.o
    0x20000124   0x00000006   Data   RW          579    .data               usart.o
    0x2000012a   0x00000002   PAD
    0x2000012c   0x00000010   Data   RW          634    .data               pid.o
    0x2000013c   0x00000010   Data   RW          730    .data               stm32f4xx_rcc.o
    0x2000014c   0x000001cc   Zero   RW            4    .bss                main.o
    0x20000318   0x0000003b   Zero   RW          296    .bss                lcd.o
    0x20000353   0x000000c8   Zero   RW          578    .bss                usart.o
    0x2000041b   0x00000001   PAD
    0x2000041c   0x00000f05   Zero   RW          609    .bss                control.o
    0x20001321   0x00000003   PAD
    0x20001324   0x00000060   Zero   RW         1140    .bss                c_w.l(libspace.o)
    0x20001384   0x00000004   PAD
    0x20001388   0x00000200   Zero   RW          658    HEAP                startup_stm32f40_41xxx.o
    0x20001588   0x00000400   Zero   RW          657    STACK               startup_stm32f40_41xxx.o


==============================================================================

Image component sizes


      Code (inc. data)   RO Data    RW Data    ZI Data      Debug   Object Name

       378          0          0          0          0       2690   24cxx.o
       296         14          0          0          0       1783   adc.o
      5036        192       2528          0       3845       8796   control.o
       260          8          0          4          0       1461   delay.o
       392         44          0          0          0       1190   exti.o
      8080        238       6860          4         59      20962   lcd.o
       204         14          0          0          0        635   led.o
      1464        194         69        133        460     312177   main.o
       224         20          0          0          0       1841   misc.o
       612         14          0          0          0       1908   myiic.o
       252         34          0         16          0       1328   pid.o
      1228        158          0         48          0       2479   pwm.o
        64         26        392          0       1536        832   startup_stm32f40_41xxx.o
      1124         24          0          0          0      10514   stm32f4xx_adc.o
       272         10          0          0          0       2287   stm32f4xx_exti.o
      1480         18         28          0          0       5650   stm32f4xx_fsmc.o
       660         44          0          0          0       4121   stm32f4xx_gpio.o
        26          0          0          0          0       1234   stm32f4xx_it.o
      1628         52          0         16          0      12916   stm32f4xx_rcc.o
       148         12          0          0          0       1857   stm32f4xx_syscfg.o
      3234         60          0          0          0      22324   stm32f4xx_tim.o
      1108         34          0          0          0       7820   stm32f4xx_usart.o
       528         46          0         20          0       1815   system_stm32f4xx.o
       368         30          0          0          0        884   timer.o
      5128        340        133         76          0       7265   touch.o
       332         18          0          6        200       3350   usart.o

    ----------------------------------------------------------------------
     34532       1644      10050        332       6104     440119   Object Totals
         0          0         32          0          0          0   (incl. Generated)
         6          0          8          9          4          0   (incl. Padding)

    ----------------------------------------------------------------------

      Code (inc. data)   RO Data    RW Data    ZI Data      Debug   Library Member Name

        90          0          0          0          0          0   __dczerorl2.o
         8          0          0          0          0         68   __main.o
       284          0          0          0          0        156   __printf_wp.o
         0          0          0          0          0          0   __rtentry.o
        12          0          0          0          0          0   __rtentry2.o
         6          0          0          0          0          0   __rtentry4.o
        52          8          0          0          0          0   __scatter.o
        28          0          0          0          0          0   __scatter_zi.o
        28          0          0          0          0         68   _chval.o
        48          6          0          0          0         96   _printf_char_common.o
        36          4          0          0          0         80   _printf_char_file.o
         6          0          0          0          0          0   _printf_f.o
      1050          0          0          0          0        216   _printf_fp_dec.o
       128         16          0          0          0         84   _printf_fp_infnan.o
        88          4         40          0          0         88   _printf_hex_int.o
       178          0          0          0          0         88   _printf_intcommon.o
         0          0          0          0          0          0   _printf_percent.o
         4          0          0          0          0          0   _printf_percent_end.o
         6          0          0          0          0          0   _printf_x.o
        22          0          0          0          0        100   _rserrno.o
        64          0          0          0          0         84   _sgetc.o
        10          0          0          0          0         68   _sputc.o
       220          4        148          0          0         96   bigflt0.o
      2074        132          0          0          0        940   btod.o
        12          0          0          0          0         72   exit.o
         8          0          0          0          0         68   ferror.o
         6          0          0          0          0        152   heapauxi.o
        18          0          0          0          0         76   isspace.o
        44         10        272          0          0         76   lc_ctype_c.o
        44         10         28          0          0         76   lc_numeric_c.o
         2          0          0          0          0          0   libinit.o
        34          0          0          0          0          0   libinit2.o
         2          0          0          0          0          0   libshutdown.o
         2          0          0          0          0          0   libshutdown2.o
         8          4          0          0         96         68   libspace.o
        38          0          0          0          0         68   llshl.o
       138          0          0          0          0         80   lludiv10.o
        24          4          0          0          0         84   noretval__2printf.o
        40          6          0          0          0         84   noretval__2sprintf.o
        16          4          0          0          0         76   rt_ctype_table.o
         8          4          0          0          0         68   rt_errno_addr_intlibspace.o
         8          4          0          0          0         68   rt_locale_intlibspace.o
        68          0          0          0          0         68   rt_memclr.o
        78          0          0          0          0         80   rt_memclr_w.o
       100          0          0          0          0         80   rt_memcpy_w.o
         2          0          0          0          0          0   rtexit.o
        10          0          0          0          0          0   rtexit2.o
      1188         12          0          0          0        148   scanf_fp.o
       792         14          0          0          0        100   scanf_hexfp.o
       308         16          0          0          0        100   scanf_infnan.o
        24          0          0          0          0         68   strcat.o
        20          0          0          0          0         68   strchr.o
       128          0          0          0          0         68   strcmpv7m.o
        72          0          0          0          0         80   strcpy.o
        62          0          0          0          0         76   strlen.o
       160         12          0          0          0        120   strtod.o
        74          0          0          0          0         80   sys_stackheap_outer.o
         2          0          0          0          0         68   use_no_semi.o
         2          0          0          0          0         68   use_no_semi_2.o
        24          0          0          0          0        164   basic.o
        98          4          0          0          0        140   d2f.o
       826         16          0          0          0        492   daddsub_clz.o
        16          4          0          0          0        116   dcheck1.o
        24          0          0          0          0        116   dcmpi.o
       688        140          0          0          0        256   ddiv.o
       120          4          0          0          0        140   deqf.o
        94          4          0          0          0        140   dfix.o
        90          4          0          0          0        140   dfixu.o
        84          0          0          0          0        232   dflt_clz.o
       120          4          0          0          0        140   dleqf.o
       340         12          0          0          0        152   dmul.o
       156          4          0          0          0        140   dnaninf.o
        12          0          0          0          0        116   dretinf.o
       108          0          0          0          0        128   drleqf.o
       408         56          0          0          0        168   dsqrt_umaal.o
        86          4          0          0          0        132   f2d.o
       140          4          0          0          0        132   fnaninf.o
         0          0          8          0          0          0   fpconst.o
        10          0          0          0          0        116   fpinit.o
        10          0          0          0          0        116   fretinf.o
         4          0          0          0          0        116   printf1.o
       100          0          0          0          0        116   retnan.o
        92          0          0          0          0        116   scalbn.o
         4          0          0          0          0        116   scanf1.o
         8          0          0          0          0        132   scanf2.o
        48          0          0          0          0        116   trapv.o
         0          0          0          0          0          0   usenofp.o
        56         12          0          0          0        132   atof.o
       368         46         48          0          0        200   cos_i.o
       116         24          0          0          0        496   dunder.o
        24          0          0          0          0        124   fabs.o
       280         28          0          0          0        156   floor.o
        48          0          0          0          0        124   fpclassify.o
       140         22          0          0          0        132   frexp.o
       228          8          0          0          0        308   ldexp.o
       184         18          0          0          0        152   narrow.o
       248          0          0          0          0        152   poly.o
      1080        142        200          0          0        188   rred.o
       200         20          0          0          0        164   sin.o
       304         24         40          0          0        208   sin_i.o
       122          0          0          0          0        148   sqrt.o

    ----------------------------------------------------------------------
     15134        880        788          0        100      11292   Library Totals
        42          2          4          0          4          0   (incl. Padding)

    ----------------------------------------------------------------------

      Code (inc. data)   RO Data    RW Data    ZI Data      Debug   Library Name

      7984        274        488          0         96       4620   c_w.l
      3710        260          8          0          0       3988   fz_wm.l
      3398        344        288          0          0       2684   m_wm.l

    ----------------------------------------------------------------------
     15134        880        788          0        100      11292   Library Totals

    ----------------------------------------------------------------------

==============================================================================


      Code (inc. data)   RO Data    RW Data    ZI Data      Debug   

     49666       2524      10838        332       6204     438759   Grand Totals
     49666       2524      10838        104       6204     438759   ELF Image Totals (compressed)
     49666       2524      10838        104          0          0   ROM Totals

==============================================================================

    Total RO  Size (Code + RO Data)                60504 (  59.09kB)
    Total RW  Size (RW Data + ZI Data)              6536 (   6.38kB)
    Total ROM Size (Code + RO Data + RW Data)      60608 (  59.19kB)

==============================================================================

