Component: ARM Compiler 5.05 update 1 (build 106) Tool: armlink [4d0efa]

==============================================================================

Section Cross References

    main.o(.text) refers to _printf_pad.o(.text) for _printf_pre_padding
    main.o(.text) refers to _printf_percent.o(.ARM.Collect$$_printf_percent$$00000000) for _printf_percent
    main.o(.text) refers to _printf_f.o(.ARM.Collect$$_printf_percent$$00000003) for _printf_f
    main.o(.text) refers to printf1.o(x$fpl$printf1) for _printf_fp_dec
    main.o(.text) refers to arm_sin_f32.o(.text) for arm_sin_f32
    main.o(.text) refers to lcd.o(.text) for Round
    main.o(.text) refers to arm_cos_f32.o(.text) for arm_cos_f32
    main.o(.text) refers to control.o(.text) for CreateEdit
    main.o(.text) refers to delay.o(.text) for delay_init
    main.o(.text) refers to misc.o(.text) for NVIC_PriorityGroupConfig
    main.o(.text) refers to pwm.o(.text) for TIM1_GPIO_Config
    main.o(.text) refers to led.o(.text) for LED_Init
    main.o(.text) refers to 24l01.o(.text) for NRF24L01_Init
    main.o(.text) refers to adc.o(.text) for Adc_Init
    main.o(.text) refers to timer.o(.text) for TIM3_Int_Init
    main.o(.text) refers to f2d.o(x$fpl$f2d) for __aeabi_f2d
    main.o(.text) refers to noretval__2sprintf.o(.text) for __2sprintf
    main.o(.text) refers to main.o(.bss) for sin_chart
    main.o(.text) refers to lcd.o(.data) for POINT_COLOR
    main.o(.text) refers to main.o(.data) for edit1
    main.o(.text) refers to touch.o(.data) for tp_dev
    main.o(.text) refers to lcd.o(.bss) for lcddev
    main.o(.text) refers to timer.o(.data) for Current_1A
    main.o(.data) refers to main.o(.conststring) for .conststring
    system_stm32f4xx.o(.text) refers to system_stm32f4xx.o(.data) for SystemCoreClock
    led.o(.text) refers to stm32f4xx_rcc.o(.text) for RCC_AHB1PeriphClockCmd
    led.o(.text) refers to stm32f4xx_gpio.o(.text) for GPIO_Init
    lcd.o(.text) refers to _printf_percent.o(.ARM.Collect$$_printf_percent$$00000000) for _printf_percent
    lcd.o(.text) refers to _printf_f.o(.ARM.Collect$$_printf_percent$$00000003) for _printf_f
    lcd.o(.text) refers to printf1.o(x$fpl$printf1) for _printf_fp_dec
    lcd.o(.text) refers to delay.o(.text) for delay_us
    lcd.o(.text) refers to lcd.o(.bss) for lcddev
    lcd.o(.text) refers to lcd.o(.data) for POINT_COLOR
    lcd.o(.text) refers to dflt_clz.o(x$fpl$dfltu) for __aeabi_ui2d
    lcd.o(.text) refers to dmul.o(x$fpl$dmul) for __aeabi_dmul
    lcd.o(.text) refers to dfixu.o(x$fpl$dfixu) for __aeabi_d2uiz
    lcd.o(.text) refers to stm32f4xx_rcc.o(.text) for RCC_AHB1PeriphClockCmd
    lcd.o(.text) refers to stm32f4xx_gpio.o(.text) for GPIO_Init
    lcd.o(.text) refers to stm32f4xx_fsmc.o(.text) for FSMC_NORSRAMInit
    lcd.o(.text) refers to rt_memcpy_w.o(.text) for __aeabi_memcpy4
    lcd.o(.text) refers to f2d.o(x$fpl$f2d) for __aeabi_f2d
    lcd.o(.text) refers to noretval__2sprintf.o(.text) for __2sprintf
    lcd.o(.text) refers to strlen.o(.text) for strlen
    lcd.o(.text) refers to atof.o(i.__hardfp_atof) for __hardfp_atof
    lcd.o(.text) refers to d2f.o(x$fpl$d2f) for __aeabi_d2f
    lcd.o(.text) refers to floor.o(i.__hardfp_floor) for __hardfp_floor
    lcd.o(.text) refers to daddsub_clz.o(x$fpl$dsub) for __aeabi_dsub
    lcd.o(.text) refers to lcd.o(.constdata) for asc2_1206
    lcd.o(.text) refers to drleqf.o(x$fpl$drleqf) for __aeabi_cdrcmple
    touch.o(.text) refers to delay.o(.text) for delay_us
    touch.o(.text) refers to lcd.o(.text) for LCD_DrawLine
    touch.o(.text) refers to dflt_clz.o(x$fpl$dflt) for __aeabi_i2d
    touch.o(.text) refers to dflt_clz.o(x$fpl$dfltu) for __aeabi_ui2d
    touch.o(.text) refers to dmul.o(x$fpl$dmul) for __aeabi_dmul
    touch.o(.text) refers to daddsub_clz.o(x$fpl$dadd) for __aeabi_dadd
    touch.o(.text) refers to dfixu.o(x$fpl$dfixu) for __aeabi_d2uiz
    touch.o(.text) refers to touch.o(.data) for CMD_RDX
    touch.o(.text) refers to lcd.o(.data) for POINT_COLOR
    touch.o(.text) refers to dfix.o(x$fpl$dfix) for __aeabi_d2iz
    touch.o(.text) refers to 24cxx.o(.text) for AT24CXX_WriteLenByte
    touch.o(.text) refers to f2d.o(x$fpl$f2d) for __aeabi_f2d
    touch.o(.text) refers to daddsub_clz.o(x$fpl$dsub) for __aeabi_dsub
    touch.o(.text) refers to ddiv.o(x$fpl$ddiv) for __aeabi_ddiv
    touch.o(.text) refers to lcd.o(.bss) for lcddev
    touch.o(.text) refers to sqrt.o(i.__hardfp_sqrt) for __hardfp_sqrt
    touch.o(.text) refers to noretval__2printf.o(.text) for __2printf
    touch.o(.text) refers to stm32f4xx_rcc.o(.text) for RCC_APB1PeriphClockCmd
    touch.o(.text) refers to stm32f4xx_gpio.o(.text) for GPIO_Init
    touch.o(.data) refers to touch.o(.text) for TP_Init
    touch.o(.data) refers to touch.o(.conststring) for .conststring
    systick.o(.text) refers to control.o(.text) for SendMessage
    systick.o(.text) refers to systick.o(.data) for TimingDelay
[...]
    RCC_LSEConfig                            0x080099fb   Thumb Code    46  stm32f4xx_rcc.o(.text)
    RCC_LSICmd                               0x08009a29   Thumb Code     6  stm32f4xx_rcc.o(.text)
    RCC_PLLConfig                            0x08009a2f   Thumb Code    32  stm32f4xx_rcc.o(.text)
    RCC_PLLCmd                               0x08009a4f   Thumb Code     6  stm32f4xx_rcc.o(.text)
    RCC_PLLI2SConfig                         0x08009a55   Thumb Code    14  stm32f4xx_rcc.o(.text)
    RCC_PLLI2SCmd                            0x08009a63   Thumb Code     6  stm32f4xx_rcc.o(.text)
    RCC_PLLSAIConfig                         0x08009a69   Thumb Code    20  stm32f4xx_rcc.o(.text)
    RCC_PLLSAICmd                            0x08009a7d   Thumb Code     6  stm32f4xx_rcc.o(.text)
    RCC_ClockSecuritySystemCmd               0x08009a83   Thumb Code     6  stm32f4xx_rcc.o(.text)
    RCC_MCO1Config                           0x08009a89   Thumb Code    28  stm32f4xx_rcc.o(.text)
    RCC_MCO2Config                           0x08009aa5   Thumb Code    28  stm32f4xx_rcc.o(.text)
    RCC_SYSCLKConfig                         0x08009ac1   Thumb Code    20  stm32f4xx_rcc.o(.text)
    RCC_GetSYSCLKSource                      0x08009ad5   Thumb Code    12  stm32f4xx_rcc.o(.text)
    RCC_HCLKConfig                           0x08009ae1   Thumb Code    20  stm32f4xx_rcc.o(.text)
    RCC_PCLK1Config                          0x08009af5   Thumb Code    20  stm32f4xx_rcc.o(.text)
    RCC_PCLK2Config                          0x08009b09   Thumb Code    22  stm32f4xx_rcc.o(.text)
    RCC_GetClocksFreq                        0x08009b1f   Thumb Code   222  stm32f4xx_rcc.o(.text)
    RCC_RTCCLKConfig                         0x08009bfd   Thumb Code    54  stm32f4xx_rcc.o(.text)
    RCC_RTCCLKCmd                            0x08009c33   Thumb Code     8  stm32f4xx_rcc.o(.text)
    RCC_BackupResetCmd                       0x08009c3b   Thumb Code     8  stm32f4xx_rcc.o(.text)
    RCC_I2SCLKConfig                         0x08009c43   Thumb Code     6  stm32f4xx_rcc.o(.text)
    RCC_SAIPLLI2SClkDivConfig                0x08009c49   Thumb Code    26  stm32f4xx_rcc.o(.text)
    RCC_SAIPLLSAIClkDivConfig                0x08009c63   Thumb Code    28  stm32f4xx_rcc.o(.text)
    RCC_SAIBlockACLKConfig                   0x08009c7f   Thumb Code    20  stm32f4xx_rcc.o(.text)
    RCC_SAIBlockBCLKConfig                   0x08009c93   Thumb Code    20  stm32f4xx_rcc.o(.text)
    RCC_LTDCCLKDivConfig                     0x08009ca7   Thumb Code    20  stm32f4xx_rcc.o(.text)
    RCC_TIMCLKPresConfig                     0x08009cbb   Thumb Code     6  stm32f4xx_rcc.o(.text)
    RCC_AHB1PeriphClockCmd                   0x08009cc1   Thumb Code    34  stm32f4xx_rcc.o(.text)
    RCC_AHB2PeriphClockCmd                   0x08009ce3   Thumb Code    78  stm32f4xx_rcc.o(.text)
    RCC_AHB3PeriphClockCmd                   0x08009d31   Thumb Code    34  stm32f4xx_rcc.o(.text)
    RCC_APB1PeriphClockCmd                   0x08009d53   Thumb Code    34  stm32f4xx_rcc.o(.text)
    RCC_APB2PeriphClockCmd                   0x08009d75   Thumb Code    34  stm32f4xx_rcc.o(.text)
    RCC_AHB1PeriphResetCmd                   0x08009d97   Thumb Code    34  stm32f4xx_rcc.o(.text)
    RCC_AHB2PeriphResetCmd                   0x08009db9   Thumb Code    34  stm32f4xx_rcc.o(.text)
    RCC_AHB3PeriphResetCmd                   0x08009ddb   Thumb Code    34  stm32f4xx_rcc.o(.text)
    RCC_APB1PeriphResetCmd                   0x08009dfd   Thumb Code    34  stm32f4xx_rcc.o(.text)
    RCC_APB2PeriphResetCmd                   0x08009e1f   Thumb Code    34  stm32f4xx_rcc.o(.text)
    RCC_AHB1PeriphClockLPModeCmd             0x08009e41   Thumb Code    34  stm32f4xx_rcc.o(.text)
    RCC_AHB2PeriphClockLPModeCmd             0x08009e63   Thumb Code    34  stm32f4xx_rcc.o(.text)
    RCC_AHB3PeriphClockLPModeCmd             0x08009e85   Thumb Code    34  stm32f4xx_rcc.o(.text)
    RCC_APB1PeriphClockLPModeCmd             0x08009ea7   Thumb Code    34  stm32f4xx_rcc.o(.text)
    RCC_APB2PeriphClockLPModeCmd             0x08009ec9   Thumb Code    34  stm32f4xx_rcc.o(.text)
    RCC_LSEModeConfig                        0x08009eeb   Thumb Code    40  stm32f4xx_rcc.o(.text)
    RCC_ITConfig                             0x08009f13   Thumb Code    34  stm32f4xx_rcc.o(.text)
    RCC_ClearFlag                            0x08009f35   Thumb Code    18  stm32f4xx_rcc.o(.text)
    RCC_GetITStatus                          0x08009f47   Thumb Code    22  stm32f4xx_rcc.o(.text)
    RCC_ClearITPendingBit                    0x08009f5d   Thumb Code     8  stm32f4xx_rcc.o(.text)
    USART_DeInit                             0x08009f69   Thumb Code   206  stm32f4xx_usart.o(.text)
    USART_Init                               0x0800a037   Thumb Code   204  stm32f4xx_usart.o(.text)
    USART_StructInit                         0x0800a103   Thumb Code    24  stm32f4xx_usart.o(.text)
    USART_ClockInit                          0x0800a11b   Thumb Code    32  stm32f4xx_usart.o(.text)
    USART_ClockStructInit                    0x0800a13b   Thumb Code    12  stm32f4xx_usart.o(.text)
    USART_Cmd                                0x0800a147   Thumb Code    24  stm32f4xx_usart.o(.text)
    USART_SetPrescaler                       0x0800a15f   Thumb Code    16  stm32f4xx_usart.o(.text)
    USART_OverSampling8Cmd                   0x0800a16f   Thumb Code    22  stm32f4xx_usart.o(.text)
    USART_OneBitMethodCmd                    0x0800a185   Thumb Code    24  stm32f4xx_usart.o(.text)
    USART_SendData                           0x0800a19d   Thumb Code     8  stm32f4xx_usart.o(.text)
    USART_ReceiveData                        0x0800a1a5   Thumb Code    10  stm32f4xx_usart.o(.text)
    USART_SetAddress                         0x0800a1af   Thumb Code    18  stm32f4xx_usart.o(.text)
    USART_ReceiverWakeUpCmd                  0x0800a1c1   Thumb Code    24  stm32f4xx_usart.o(.text)
    USART_WakeUpConfig                       0x0800a1d9   Thumb Code    18  stm32f4xx_usart.o(.text)
    USART_LINBreakDetectLengthConfig         0x0800a1eb   Thumb Code    18  stm32f4xx_usart.o(.text)
    USART_LINCmd                             0x0800a1fd   Thumb Code    24  stm32f4xx_usart.o(.text)
    USART_SendBreak                          0x0800a215   Thumb Code    10  stm32f4xx_usart.o(.text)
    USART_HalfDuplexCmd                      0x0800a21f   Thumb Code    24  stm32f4xx_usart.o(.text)
    USART_SetGuardTime                       0x0800a237   Thumb Code    16  stm32f4xx_usart.o(.text)
    USART_SmartCardCmd                       0x0800a247   Thumb Code    24  stm32f4xx_usart.o(.text)
    USART_SmartCardNACKCmd                   0x0800a25f   Thumb Code    24  stm32f4xx_usart.o(.text)
    USART_IrDAConfig                         0x0800a277   Thumb Code    18  stm32f4xx_usart.o(.text)
    USART_IrDACmd                            0x0800a289   Thumb Code    24  stm32f4xx_usart.o(.text)
    USART_DMACmd                             0x0800a2a1   Thumb Code    18  stm32f4xx_usart.o(.text)
    USART_ITConfig                           0x0800a2b3   Thumb Code    74  stm32f4xx_usart.o(.text)
    USART_GetFlagStatus                      0x0800a2fd   Thumb Code    26  stm32f4xx_usart.o(.text)
    USART_ClearFlag                          0x0800a317   Thumb Code    18  stm32f4xx_usart.o(.text)
    USART_GetITStatus                        0x0800a329   Thumb Code   118  stm32f4xx_usart.o(.text)
    USART_ClearITPendingBit                  0x0800a39f   Thumb Code    30  stm32f4xx_usart.o(.text)
    ADC_DeInit                               0x0800a3bd   Thumb Code    22  stm32f4xx_adc.o(.text)
    ADC_Init                                 0x0800a3d3   Thumb Code    74  stm32f4xx_adc.o(.text)
    ADC_StructInit                           0x0800a41d   Thumb Code    20  stm32f4xx_adc.o(.text)
    ADC_CommonInit                           0x0800a431   Thumb Code    34  stm32f4xx_adc.o(.text)
    ADC_CommonStructInit                     0x0800a453   Thumb Code    12  stm32f4xx_adc.o(.text)
    ADC_Cmd                                  0x0800a45f   Thumb Code    22  stm32f4xx_adc.o(.text)
    ADC_AnalogWatchdogCmd                    0x0800a475   Thumb Code    16  stm32f4xx_adc.o(.text)
    ADC_AnalogWatchdogThresholdsConfig       0x0800a485   Thumb Code     6  stm32f4xx_adc.o(.text)
    ADC_AnalogWatchdogSingleChannelConfig    0x0800a48b   Thumb Code    16  stm32f4xx_adc.o(.text)
    ADC_TempSensorVrefintCmd                 0x0800a49b   Thumb Code    34  stm32f4xx_adc.o(.text)
    ADC_VBATCmd                              0x0800a4bd   Thumb Code    34  stm32f4xx_adc.o(.text)
    ADC_RegularChannelConfig                 0x0800a4df   Thumb Code   184  stm32f4xx_adc.o(.text)
    ADC_SoftwareStartConv                    0x0800a597   Thumb Code    10  stm32f4xx_adc.o(.text)
    ADC_GetSoftwareStartConvStatus           0x0800a5a1   Thumb Code    20  stm32f4xx_adc.o(.text)
    ADC_EOCOnEachRegularChannelCmd           0x0800a5b5   Thumb Code    22  stm32f4xx_adc.o(.text)
    ADC_ContinuousModeCmd                    0x0800a5cb   Thumb Code    22  stm32f4xx_adc.o(.text)
    ADC_DiscModeChannelCountConfig           0x0800a5e1   Thumb Code    24  stm32f4xx_adc.o(.text)
    ADC_DiscModeCmd                          0x0800a5f9   Thumb Code    22  stm32f4xx_adc.o(.text)
    ADC_GetConversionValue                   0x0800a60f   Thumb Code     8  stm32f4xx_adc.o(.text)
    ADC_GetMultiModeConversionValue          0x0800a617   Thumb Code     8  stm32f4xx_adc.o(.text)
    ADC_DMACmd                               0x0800a61f   Thumb Code    22  stm32f4xx_adc.o(.text)
    ADC_DMARequestAfterLastTransferCmd       0x0800a635   Thumb Code    22  stm32f4xx_adc.o(.text)
    ADC_MultiModeDMARequestAfterLastTransferCmd 0x0800a64b   Thumb Code    34  stm32f4xx_adc.o(.text)
    ADC_InjectedChannelConfig                0x0800a66d   Thumb Code   130  stm32f4xx_adc.o(.text)
    ADC_InjectedSequencerLengthConfig        0x0800a6ef   Thumb Code    24  stm32f4xx_adc.o(.text)
    ADC_SetInjectedOffset                    0x0800a707   Thumb Code    20  stm32f4xx_adc.o(.text)
    ADC_ExternalTrigInjectedConvConfig       0x0800a71b   Thumb Code    16  stm32f4xx_adc.o(.text)
    ADC_ExternalTrigInjectedConvEdgeConfig   0x0800a72b   Thumb Code    16  stm32f4xx_adc.o(.text)
    ADC_SoftwareStartInjectedConv            0x0800a73b   Thumb Code    10  stm32f4xx_adc.o(.text)
    ADC_GetSoftwareStartInjectedConvCmdStatus 0x0800a745   Thumb Code    20  stm32f4xx_adc.o(.text)
    ADC_AutoInjectedConvCmd                  0x0800a759   Thumb Code    22  stm32f4xx_adc.o(.text)
    ADC_InjectedDiscModeCmd                  0x0800a76f   Thumb Code    22  stm32f4xx_adc.o(.text)
    ADC_GetInjectedConversionValue           0x0800a785   Thumb Code    28  stm32f4xx_adc.o(.text)
    ADC_ITConfig                             0x0800a7a1   Thumb Code    56  stm32f4xx_adc.o(.text)
    ADC_GetFlagStatus                        0x0800a7d9   Thumb Code    18  stm32f4xx_adc.o(.text)
    ADC_ClearFlag                            0x0800a7eb   Thumb Code     6  stm32f4xx_adc.o(.text)
    ADC_GetITStatus                          0x0800a7f1   Thumb Code    38  stm32f4xx_adc.o(.text)
    ADC_ClearITPendingBit                    0x0800a817   Thumb Code    10  stm32f4xx_adc.o(.text)
    TIM_DeInit                               0x0800a821   Thumb Code   346  stm32f4xx_tim.o(.text)
    TIM_TimeBaseInit                         0x0800a97b   Thumb Code   104  stm32f4xx_tim.o(.text)
    TIM_TimeBaseStructInit                   0x0800a9e3   Thumb Code    18  stm32f4xx_tim.o(.text)
    TIM_PrescalerConfig                      0x0800a9f5   Thumb Code     6  stm32f4xx_tim.o(.text)
    TIM_CounterModeConfig                    0x0800a9fb   Thumb Code    18  stm32f4xx_tim.o(.text)
    TIM_SetCounter                           0x0800aa0d   Thumb Code     4  stm32f4xx_tim.o(.text)
    TIM_SetAutoreload                        0x0800aa11   Thumb Code     4  stm32f4xx_tim.o(.text)
    TIM_GetCounter                           0x0800aa15   Thumb Code     6  stm32f4xx_tim.o(.text)
    TIM_GetPrescaler                         0x0800aa1b   Thumb Code     6  stm32f4xx_tim.o(.text)
    TIM_UpdateDisableConfig                  0x0800aa21   Thumb Code    24  stm32f4xx_tim.o(.text)
    TIM_UpdateRequestConfig                  0x0800aa39   Thumb Code    24  stm32f4xx_tim.o(.text)
    TIM_ARRPreloadConfig                     0x0800aa51   Thumb Code    24  stm32f4xx_tim.o(.text)
    TIM_SelectOnePulseMode                   0x0800aa69   Thumb Code    18  stm32f4xx_tim.o(.text)
    TIM_SetClockDivision                     0x0800aa7b   Thumb Code    18  stm32f4xx_tim.o(.text)
    TIM_Cmd                                  0x0800aa8d   Thumb Code    24  stm32f4xx_tim.o(.text)
    TIM_OC1Init                              0x0800aaa5   Thumb Code   114  stm32f4xx_tim.o(.text)
    TIM_OC2Init                              0x0800ab17   Thumb Code   154  stm32f4xx_tim.o(.text)
    TIM_OC3Init                              0x0800abb1   Thumb Code   204  stm32f4xx_tim.o(.text)
    TIM_OC4Init                              0x0800ac7d   Thumb Code   112  stm32f4xx_tim.o(.text)
    TIM_OCStructInit                         0x0800aced   Thumb Code    20  stm32f4xx_tim.o(.text)
    TIM_SelectOCxM                           0x0800ad01   Thumb Code    86  stm32f4xx_tim.o(.text)
    TIM_SetCompare1                          0x0800ad57   Thumb Code     4  stm32f4xx_tim.o(.text)
    TIM_SetCompare2                          0x0800ad5b   Thumb Code     4  stm32f4xx_tim.o(.text)
    TIM_SetCompare3                          0x0800ad5f   Thumb Code     4  stm32f4xx_tim.o(.text)
    TIM_SetCompare4                          0x0800ad63   Thumb Code     4  stm32f4xx_tim.o(.text)
    TIM_ForcedOC1Config                      0x0800ad67   Thumb Code    18  stm32f4xx_tim.o(.text)
    TIM_ForcedOC2Config                      0x0800ad79   Thumb Code    26  stm32f4xx_tim.o(.text)
    TIM_ForcedOC3Config                      0x0800ad93   Thumb Code    18  stm32f4xx_tim.o(.text)
    TIM_ForcedOC4Config                      0x0800ada5   Thumb Code    26  stm32f4xx_tim.o(.text)
    TIM_OC1PreloadConfig                     0x0800adbf   Thumb Code    18  stm32f4xx_tim.o(.text)
    TIM_OC2PreloadConfig                     0x0800add1   Thumb Code    26  stm32f4xx_tim.o(.text)
    TIM_OC3PreloadConfig                     0x0800adeb   Thumb Code    18  stm32f4xx_tim.o(.text)
    TIM_OC4PreloadConfig                     0x0800adfd   Thumb Code    26  stm32f4xx_tim.o(.text)
    TIM_OC1FastConfig                        0x0800ae17   Thumb Code    18  stm32f4xx_tim.o(.text)
    TIM_OC2FastConfig                        0x0800ae29   Thumb Code    26  stm32f4xx_tim.o(.text)
    TIM_OC3FastConfig                        0x0800ae43   Thumb Code    18  stm32f4xx_tim.o(.text)
    TIM_OC4FastConfig                        0x0800ae55   Thumb Code    26  stm32f4xx_tim.o(.text)
    TIM_ClearOC1Ref                          0x0800ae6f   Thumb Code    18  stm32f4xx_tim.o(.text)
    TIM_ClearOC2Ref                          0x0800ae81   Thumb Code    24  stm32f4xx_tim.o(.text)
    TIM_ClearOC3Ref                          0x0800ae99   Thumb Code    18  stm32f4xx_tim.o(.text)
    TIM_ClearOC4Ref                          0x0800aeab   Thumb Code    24  stm32f4xx_tim.o(.text)
    TIM_OC1PolarityConfig                    0x0800aec3   Thumb Code    18  stm32f4xx_tim.o(.text)
    TIM_OC1NPolarityConfig                   0x0800aed5   Thumb Code    18  stm32f4xx_tim.o(.text)
    TIM_OC2PolarityConfig                    0x0800aee7   Thumb Code    26  stm32f4xx_tim.o(.text)
    TIM_OC2NPolarityConfig                   0x0800af01   Thumb Code    26  stm32f4xx_tim.o(.text)
    TIM_OC3PolarityConfig                    0x0800af1b   Thumb Code    26  stm32f4xx_tim.o(.text)
    TIM_OC3NPolarityConfig                   0x0800af35   Thumb Code    26  stm32f4xx_tim.o(.text)
    TIM_OC4PolarityConfig                    0x0800af4f   Thumb Code    26  stm32f4xx_tim.o(.text)
    TIM_CCxCmd                               0x0800af69   Thumb Code    30  stm32f4xx_tim.o(.text)
    TIM_CCxNCmd                              0x0800af87   Thumb Code    30  stm32f4xx_tim.o(.text)
    TIM_SetIC4Prescaler                      0x0800afa5   Thumb Code    26  stm32f4xx_tim.o(.text)
    TIM_SetIC3Prescaler                      0x0800b00f   Thumb Code    18  stm32f4xx_tim.o(.text)
    TIM_SetIC2Prescaler                      0x0800b069   Thumb Code    26  stm32f4xx_tim.o(.text)
    TIM_SetIC1Prescaler                      0x0800b0dd   Thumb Code    18  stm32f4xx_tim.o(.text)
    TIM_ICInit                               0x0800b129   Thumb Code   110  stm32f4xx_tim.o(.text)
    TIM_ICStructInit                         0x0800b197   Thumb Code    18  stm32f4xx_tim.o(.text)
    TIM_PWMIConfig                           0x0800b1a9   Thumb Code   124  stm32f4xx_tim.o(.text)
    TIM_GetCapture1                          0x0800b225   Thumb Code     6  stm32f4xx_tim.o(.text)
    TIM_GetCapture2                          0x0800b22b   Thumb Code     6  stm32f4xx_tim.o(.text)
    TIM_GetCapture3                          0x0800b231   Thumb Code     6  stm32f4xx_tim.o(.text)
    TIM_GetCapture4                          0x0800b237   Thumb Code     6  stm32f4xx_tim.o(.text)
    TIM_BDTRConfig                           0x0800b23d   Thumb Code    32  stm32f4xx_tim.o(.text)
    TIM_BDTRStructInit                       0x0800b25d   Thumb Code    18  stm32f4xx_tim.o(.text)
    TIM_CtrlPWMOutputs                       0x0800b26f   Thumb Code    30  stm32f4xx_tim.o(.text)
    TIM_SelectCOM                            0x0800b28d   Thumb Code    24  stm32f4xx_tim.o(.text)
    TIM_CCPreloadControl                     0x0800b2a5   Thumb Code    24  stm32f4xx_tim.o(.text)
    TIM_ITConfig                             0x0800b2bd   Thumb Code    18  stm32f4xx_tim.o(.text)
    TIM_GenerateEvent                        0x0800b2cf   Thumb Code     4  stm32f4xx_tim.o(.text)
    TIM_GetFlagStatus                        0x0800b2d3   Thumb Code    18  stm32f4xx_tim.o(.text)
    TIM_ClearFlag                            0x0800b2e5   Thumb Code     6  stm32f4xx_tim.o(.text)
    TIM_GetITStatus                          0x0800b2eb   Thumb Code    34  stm32f4xx_tim.o(.text)
    TIM_ClearITPendingBit                    0x0800b30d   Thumb Code     6  stm32f4xx_tim.o(.text)
    TIM_DMAConfig                            0x0800b313   Thumb Code    10  stm32f4xx_tim.o(.text)
    TIM_DMACmd                               0x0800b31d   Thumb Code    18  stm32f4xx_tim.o(.text)
    TIM_SelectCCDMA                          0x0800b32f   Thumb Code    24  stm32f4xx_tim.o(.text)
    TIM_InternalClockConfig                  0x0800b347   Thumb Code    12  stm32f4xx_tim.o(.text)
    TIM_SelectInputTrigger                   0x0800b353   Thumb Code    18  stm32f4xx_tim.o(.text)
    TIM_ITRxExternalClockConfig              0x0800b365   Thumb Code    24  stm32f4xx_tim.o(.text)
    TIM_TIxExternalClockConfig               0x0800b37d   Thumb Code    62  stm32f4xx_tim.o(.text)
    TIM_ETRConfig                            0x0800b3bb   Thumb Code    28  stm32f4xx_tim.o(.text)
    TIM_ETRClockMode1Config                  0x0800b3d7   Thumb Code    54  stm32f4xx_tim.o(.text)
    TIM_ETRClockMode2Config                  0x0800b40d   Thumb Code    32  stm32f4xx_tim.o(.text)
    TIM_SelectOutputTrigger                  0x0800b42d   Thumb Code    18  stm32f4xx_tim.o(.text)
    TIM_SelectSlaveMode                      0x0800b43f   Thumb Code    18  stm32f4xx_tim.o(.text)
    TIM_SelectMasterSlaveMode                0x0800b451   Thumb Code    18  stm32f4xx_tim.o(.text)
    TIM_EncoderInterfaceConfig               0x0800b463   Thumb Code    66  stm32f4xx_tim.o(.text)
    TIM_SelectHallSensor                     0x0800b4a5   Thumb Code    24  stm32f4xx_tim.o(.text)
    TIM_RemapConfig                          0x0800b4bd   Thumb Code     6  stm32f4xx_tim.o(.text)
    EXTI_DeInit                              0x0800b4c5   Thumb Code    28  stm32f4xx_exti.o(.text)
    EXTI_Init                                0x0800b4e1   Thumb Code   142  stm32f4xx_exti.o(.text)
    EXTI_StructInit                          0x0800b56f   Thumb Code    16  stm32f4xx_exti.o(.text)
    EXTI_GenerateSWInterrupt                 0x0800b57f   Thumb Code    16  stm32f4xx_exti.o(.text)
    EXTI_GetFlagStatus                       0x0800b58f   Thumb Code    22  stm32f4xx_exti.o(.text)
    EXTI_ClearFlag                           0x0800b5a5   Thumb Code     8  stm32f4xx_exti.o(.text)
    EXTI_GetITStatus                         0x0800b5ad   Thumb Code    22  stm32f4xx_exti.o(.text)
    EXTI_ClearITPendingBit                   0x0800b5c3   Thumb Code     8  stm32f4xx_exti.o(.text)
    DMA_DeInit                               0x0800b5d5   Thumb Code   324  stm32f4xx_dma.o(.text)
    DMA_Init                                 0x0800b719   Thumb Code    82  stm32f4xx_dma.o(.text)
    DMA_StructInit                           0x0800b76b   Thumb Code    34  stm32f4xx_dma.o(.text)
    DMA_Cmd                                  0x0800b78d   Thumb Code    22  stm32f4xx_dma.o(.text)
    DMA_PeriphIncOffsetSizeConfig            0x0800b7a3   Thumb Code    22  stm32f4xx_dma.o(.text)
    DMA_FlowControllerConfig                 0x0800b7b9   Thumb Code    22  stm32f4xx_dma.o(.text)
    DMA_SetCurrDataCounter                   0x0800b7cf   Thumb Code     4  stm32f4xx_dma.o(.text)
    DMA_GetCurrDataCounter                   0x0800b7d3   Thumb Code     8  stm32f4xx_dma.o(.text)
    DMA_DoubleBufferModeConfig               0x0800b7db   Thumb Code    24  stm32f4xx_dma.o(.text)
    DMA_DoubleBufferModeCmd                  0x0800b7f3   Thumb Code    22  stm32f4xx_dma.o(.text)
    DMA_MemoryTargetConfig                   0x0800b809   Thumb Code    10  stm32f4xx_dma.o(.text)
    DMA_GetCurrentMemoryTarget               0x0800b813   Thumb Code    20  stm32f4xx_dma.o(.text)
    DMA_GetCmdStatus                         0x0800b827   Thumb Code    20  stm32f4xx_dma.o(.text)
    DMA_GetFIFOStatus                        0x0800b83b   Thumb Code    12  stm32f4xx_dma.o(.text)
    DMA_GetFlagStatus                        0x0800b847   Thumb Code    56  stm32f4xx_dma.o(.text)
    DMA_ClearFlag                            0x0800b87f   Thumb Code    40  stm32f4xx_dma.o(.text)
    DMA_ITConfig                             0x0800b8a7   Thumb Code    58  stm32f4xx_dma.o(.text)
    DMA_GetITStatus                          0x0800b8e1   Thumb Code    84  stm32f4xx_dma.o(.text)
    DMA_ClearITPendingBit                    0x0800b935   Thumb Code    40  stm32f4xx_dma.o(.text)
    SPI_I2S_DeInit                           0x0800b97d   Thumb Code   152  stm32f4xx_spi.o(.text)
    SPI_Init                                 0x0800ba15   Thumb Code    60  stm32f4xx_spi.o(.text)
    I2S_Init                                 0x0800ba51   Thumb Code   396  stm32f4xx_spi.o(.text)
    SPI_StructInit                           0x0800bbdd   Thumb Code    24  stm32f4xx_spi.o(.text)
    I2S_StructInit                           0x0800bbf5   Thumb Code    20  stm32f4xx_spi.o(.text)
    SPI_Cmd                                  0x0800bc09   Thumb Code    24  stm32f4xx_spi.o(.text)
    I2S_Cmd                                  0x0800bc21   Thumb Code    24  stm32f4xx_spi.o(.text)
    SPI_DataSizeConfig                       0x0800bc39   Thumb Code    18  stm32f4xx_spi.o(.text)
    SPI_BiDirectionalLineConfig              0x0800bc4b   Thumb Code    28  stm32f4xx_spi.o(.text)
    SPI_NSSInternalSoftwareConfig            0x0800bc67   Thumb Code    30  stm32f4xx_spi.o(.text)
    SPI_SSOutputCmd                          0x0800bc85   Thumb Code    24  stm32f4xx_spi.o(.text)
    SPI_TIModeCmd                            0x0800bc9d   Thumb Code    24  stm32f4xx_spi.o(.text)
    I2S_FullDuplexConfig                     0x0800bcb5   Thumb Code    80  stm32f4xx_spi.o(.text)
    SPI_I2S_ReceiveData                      0x0800bd05   Thumb Code     6  stm32f4xx_spi.o(.text)
    SPI_I2S_SendData                         0x0800bd0b   Thumb Code     4  stm32f4xx_spi.o(.text)
    SPI_CalculateCRC                         0x0800bd0f   Thumb Code    24  stm32f4xx_spi.o(.text)
    SPI_TransmitCRC                          0x0800bd27   Thumb Code    10  stm32f4xx_spi.o(.text)
    SPI_GetCRC                               0x0800bd31   Thumb Code    16  stm32f4xx_spi.o(.text)
    SPI_GetCRCPolynomial                     0x0800bd41   Thumb Code     6  stm32f4xx_spi.o(.text)
    SPI_I2S_DMACmd                           0x0800bd47   Thumb Code    18  stm32f4xx_spi.o(.text)
    SPI_I2S_ITConfig                         0x0800bd59   Thumb Code    68  stm32f4xx_spi.o(.text)
    SPI_I2S_GetFlagStatus                    0x0800bd9d   Thumb Code    18  stm32f4xx_spi.o(.text)
    SPI_I2S_ClearFlag                        0x0800bdaf   Thumb Code     6  stm32f4xx_spi.o(.text)
    SPI_I2S_GetITStatus                      0x0800bdb5   Thumb Code    52  stm32f4xx_spi.o(.text)
    SPI_I2S_ClearITPendingBit                0x0800bde9   Thumb Code    20  stm32f4xx_spi.o(.text)
    arm_cos_f32                              0x0800bdfd   Thumb Code   194  arm_cos_f32.o(.text)
    arm_sin_f32                              0x0800bed5   Thumb Code   194  arm_sin_f32.o(.text)
    __use_no_semihosting                     0x0800bfad   Thumb Code     2  use_no_semi_2.o(.text)
    __2printf                                0x0800bfb1   Thumb Code    20  noretval__2printf.o(.text)
    __2sprintf                               0x0800bfc9   Thumb Code    34  noretval__2sprintf.o(.text)
    _printf_pre_padding                      0x0800bff1   Thumb Code    44  _printf_pad.o(.text)
    _printf_post_padding                     0x0800c01d   Thumb Code    34  _printf_pad.o(.text)
    _printf_str                              0x0800c03f   Thumb Code    82  _printf_str.o(.text)
    __printf                                 0x0800c091   Thumb Code   270  __printf_wp.o(.text)
    atoi                                     0x0800c19f   Thumb Code    26  atoi.o(.text)
    strchr                                   0x0800c1b9   Thumb Code    20  strchr.o(.text)
    strcpy                                   0x0800c1cd   Thumb Code    72  strcpy.o(.text)
    strlen                                   0x0800c215   Thumb Code    62  strlen.o(.text)
    strcat                                   0x0800c253   Thumb Code    24  strcat.o(.text)
    __aeabi_memcpy4                          0x0800c26b   Thumb Code     0  rt_memcpy_w.o(.text)
    __aeabi_memcpy8                          0x0800c26b   Thumb Code     0  rt_memcpy_w.o(.text)
    __rt_memcpy_w                            0x0800c26b   Thumb Code   100  rt_memcpy_w.o(.text)
    _memcpy_lastbytes_aligned                0x0800c2b3   Thumb Code     0  rt_memcpy_w.o(.text)
    __aeabi_memclr                           0x0800c2cf   Thumb Code     0  rt_memclr.o(.text)
    __rt_memclr                              0x0800c2cf   Thumb Code    68  rt_memclr.o(.text)
    _memset                                  0x0800c2d3   Thumb Code     0  rt_memclr.o(.text)
    __use_two_region_memory                  0x0800c313   Thumb Code     2  heapauxi.o(.text)
    __rt_heap_escrow$2region                 0x0800c315   Thumb Code     2  heapauxi.o(.text)
    __rt_heap_expand$2region                 0x0800c317   Thumb Code     2  heapauxi.o(.text)
    __I$use$semihosting                      0x0800c319   Thumb Code     0  use_no_semi.o(.text)
    __use_no_semihosting_swi                 0x0800c319   Thumb Code     2  use_no_semi.o(.text)
    __aeabi_errno_addr                       0x0800c31d   Thumb Code     8  rt_errno_addr_intlibspace.o(.text)
    __errno$intlibspace                      0x0800c31d   Thumb Code     0  rt_errno_addr_intlibspace.o(.text)
    __rt_errno_addr$intlibspace              0x0800c31d   Thumb Code     0  rt_errno_addr_intlibspace.o(.text)
    __read_errno                             0x0800c325   Thumb Code    10  _rserrno.o(.text)
    __set_errno                              0x0800c32f   Thumb Code    12  _rserrno.o(.text)
    __lib_sel_fp_printf                      0x0800c33b   Thumb Code     2  _printf_fp_dec.o(.text)
    _printf_fp_dec_real                      0x0800c4e9   Thumb Code   620  _printf_fp_dec.o(.text)
    _printf_char_common                      0x0800c75f   Thumb Code    32  _printf_char_common.o(.text)
    _sputc                                   0x0800c785   Thumb Code    10  _sputc.o(.text)
    _printf_cs_common                        0x0800c78f   Thumb Code    20  _printf_char.o(.text)
    _printf_char                             0x0800c7a3   Thumb Code    16  _printf_char.o(.text)
    _printf_string                           0x0800c7b3   Thumb Code     8  _printf_char.o(.text)
    _printf_char_file                        0x0800c7bd   Thumb Code    32  _printf_char_file.o(.text)
    __strtod_int                             0x0800c81d   Thumb Code    88  strtod.o(.text)
    strtol                                   0x0800c881   Thumb Code   112  strtol.o(.text)
    __aeabi_memclr4                          0x0800c8f1   Thumb Code     0  rt_memclr_w.o(.text)
    __aeabi_memclr8                          0x0800c8f1   Thumb Code     0  rt_memclr_w.o(.text)
    __rt_memclr_w                            0x0800c8f1   Thumb Code    78  rt_memclr_w.o(.text)
    _memset_w                                0x0800c8f5   Thumb Code     0  rt_memclr_w.o(.text)
    __user_libspace                          0x0800c941   Thumb Code     8  libspace.o(.text)
    __user_perproc_libspace                  0x0800c941   Thumb Code     0  libspace.o(.text)
    __user_perthread_libspace                0x0800c941   Thumb Code     0  libspace.o(.text)
    __rt_ctype_table                         0x0800c949   Thumb Code    16  rt_ctype_table.o(.text)
    __rt_locale                              0x0800c959   Thumb Code     8  rt_locale_intlibspace.o(.text)
    _ll_udiv10                               0x0800c961   Thumb Code   138  lludiv10.o(.text)
    isspace                                  0x0800c9eb   Thumb Code    18  isspace.o(.text)
    _printf_fp_infnan                        0x0800c9fd   Thumb Code   112  _printf_fp_infnan.o(.text)
    _sgetc                                   0x0800ca7d   Thumb Code    30  _sgetc.o(.text)
    _sbackspace                              0x0800ca9b   Thumb Code    34  _sgetc.o(.text)
    _strtoul                                 0x0800cabd   Thumb Code   158  _strtoul.o(.text)
    _btod_etento                             0x0800cb5d   Thumb Code   216  bigflt0.o(.text)
    ferror                                   0x0800cc39   Thumb Code     8  ferror.o(.text)
    __user_setup_stackheap                   0x0800cc41   Thumb Code    74  sys_stackheap_outer.o(.text)
    _chval                                   0x0800cc8b   Thumb Code    28  _chval.o(.text)
    _scanf_really_real                       0x0800cea5   Thumb Code   668  scanf_fp.o(.text)
    exit                                     0x0800d14d   Thumb Code    12  exit.o(.text)
    strcmp                                   0x0800d159   Thumb Code   128  strcmpv7m.o(.text)
    _scanf_really_hex_real                   0x0800d1d9   Thumb Code   778  scanf_hexfp.o(.text)
    _scanf_really_infnan                     0x0800d4f1   Thumb Code   292  scanf_infnan.o(.text)
    __aeabi_llsl                             0x0800d625   Thumb Code     0  llshl.o(.text)
    _ll_shift_l                              0x0800d625   Thumb Code    38  llshl.o(.text)
    _btod_d2e                                0x0800d64b   Thumb Code    62  btod.o(CL$$btod_d2e)
    _d2e_denorm_low                          0x0800d689   Thumb Code    70  btod.o(CL$$btod_d2e_denorm_low)
    _d2e_norm_op1                            0x0800d6cf   Thumb Code    96  btod.o(CL$$btod_d2e_norm_op1)
    __btod_div_common                        0x0800d72f   Thumb Code   696  btod.o(CL$$btod_div_common)
    _e2d                                     0x0800da69   Thumb Code    80  btod.o(CL$$btod_e2d)
    _e2e                                     0x0800dabd   Thumb Code   198  btod.o(CL$$btod_e2e)
    _btod_ediv                               0x0800db83   Thumb Code    40  btod.o(CL$$btod_ediv)
    _btod_edivd                              0x0800dbab   Thumb Code    40  btod.o(CL$$btod_edivd)
    _btod_emul                               0x0800dbd3   Thumb Code    40  btod.o(CL$$btod_emul)
    _btod_emuld                              0x0800dbfb   Thumb Code    40  btod.o(CL$$btod_emuld)
    __btod_mult_common                       0x0800dc23   Thumb Code   580  btod.o(CL$$btod_mult_common)
    __ARM_fpclassify                         0x0800de67   Thumb Code    48  fpclassify.o(i.__ARM_fpclassify)
    __hardfp_atof                            0x0800de99   Thumb Code    44  atof.o(i.__hardfp_atof)
    __hardfp_fabs                            0x0800ded1   Thumb Code    20  fabs.o(i.__hardfp_fabs)
    __hardfp_floor                           0x0800dee9   Thumb Code   252  floor.o(i.__hardfp_floor)
    __hardfp_ldexp                           0x0800e001   Thumb Code   200  ldexp.o(i.__hardfp_ldexp)
    __hardfp_pow                             0x0800e0d1   Thumb Code  3044  pow.o(i.__hardfp_pow)
    __hardfp_sqrt                            0x0800ed09   Thumb Code   122  sqrt.o(i.__hardfp_sqrt)
    __kernel_poly                            0x0800ed83   Thumb Code   248  poly.o(i.__kernel_poly)
    __mathlib_dbl_divzero                    0x0800ee81   Thumb Code    28  dunder.o(i.__mathlib_dbl_divzero)
    __mathlib_dbl_infnan2                    0x0800eeb1   Thumb Code    20  dunder.o(i.__mathlib_dbl_infnan2)
    __mathlib_dbl_invalid                    0x0800eec9   Thumb Code    24  dunder.o(i.__mathlib_dbl_invalid)
    __mathlib_dbl_overflow                   0x0800eee9   Thumb Code    24  dunder.o(i.__mathlib_dbl_overflow)
    __mathlib_dbl_underflow                  0x0800ef09   Thumb Code    24  dunder.o(i.__mathlib_dbl_underflow)
    __mathlib_narrow                         0x0800ef29   Thumb Code   166  narrow.o(i.__mathlib_narrow)
    __support_ldexp                          0x0800efe1   Thumb Code    20  ldexp.o(i.__support_ldexp)
    _is_digit                                0x0800eff5   Thumb Code    14  __printf_wp.o(i._is_digit)
    fabs                                     0x0800f003   Thumb Code    24  fabs.o(i.fabs)
    frexp                                    0x0800f021   Thumb Code   118  frexp.o(i.frexp)
    sqrt                                     0x0800f0ad   Thumb Code   110  sqrt.o(i.sqrt)
    _get_lc_numeric                          0x0800f11d   Thumb Code    44  lc_numeric_c.o(locale$$code)
    _get_lc_ctype                            0x0800f149   Thumb Code    44  lc_ctype_c.o(locale$$code)
    __aeabi_dneg                             0x0800f175   Thumb Code     0  basic.o(x$fpl$basic)
    _dneg                                    0x0800f175   Thumb Code     6  basic.o(x$fpl$basic)
    __aeabi_fneg                             0x0800f17b   Thumb Code     0  basic.o(x$fpl$basic)
    _fneg                                    0x0800f17b   Thumb Code     6  basic.o(x$fpl$basic)
    _dabs                                    0x0800f181   Thumb Code     6  basic.o(x$fpl$basic)
    _fabs                                    0x0800f187   Thumb Code     6  basic.o(x$fpl$basic)
    __aeabi_d2f                              0x0800f18d   Thumb Code     0  d2f.o(x$fpl$d2f)
    _d2f                                     0x0800f18d   Thumb Code    98  d2f.o(x$fpl$d2f)
    __aeabi_dadd                             0x0800f1f1   Thumb Code     0  daddsub_clz.o(x$fpl$dadd)
    _dadd                                    0x0800f1f1   Thumb Code   332  daddsub_clz.o(x$fpl$dadd)
    __fpl_dcheck_NaN1                        0x0800f341   Thumb Code    10  dcheck1.o(x$fpl$dcheck1)
    __fpl_dcmp_Inf                           0x0800f351   Thumb Code    24  dcmpi.o(x$fpl$dcmpinf)
    __aeabi_ddiv                             0x0800f369   Thumb Code     0  ddiv.o(x$fpl$ddiv)
    _ddiv                                    0x0800f369   Thumb Code   552  ddiv.o(x$fpl$ddiv)
    __aeabi_cdcmpeq                          0x0800f619   Thumb Code     0  deqf.o(x$fpl$deqf)
    _dcmpeq                                  0x0800f619   Thumb Code   120  deqf.o(x$fpl$deqf)
    __aeabi_d2iz                             0x0800f691   Thumb Code     0  dfix.o(x$fpl$dfix)
    _dfix                                    0x0800f691   Thumb Code    94  dfix.o(x$fpl$dfix)
    __aeabi_d2uiz                            0x0800f6f1   Thumb Code     0  dfixu.o(x$fpl$dfixu)
    _dfixu                                   0x0800f6f1   Thumb Code    90  dfixu.o(x$fpl$dfixu)
    __aeabi_i2d                              0x0800f74b   Thumb Code     0  dflt_clz.o(x$fpl$dflt)
    _dflt                                    0x0800f74b   Thumb Code    46  dflt_clz.o(x$fpl$dflt)
    __aeabi_ui2d                             0x0800f779   Thumb Code     0  dflt_clz.o(x$fpl$dfltu)
    _dfltu                                   0x0800f779   Thumb Code    38  dflt_clz.o(x$fpl$dfltu)
    __aeabi_cdcmple                          0x0800f7a1   Thumb Code     0  dleqf.o(x$fpl$dleqf)
    _dcmple                                  0x0800f7a1   Thumb Code   120  dleqf.o(x$fpl$dleqf)
    __fpl_dcmple_InfNaN                      0x0800f803   Thumb Code     0  dleqf.o(x$fpl$dleqf)
    __aeabi_dmul                             0x0800f819   Thumb Code     0  dmul.o(x$fpl$dmul)
    _dmul                                    0x0800f819   Thumb Code   332  dmul.o(x$fpl$dmul)
    __fpl_dnaninf                            0x0800f96d   Thumb Code   156  dnaninf.o(x$fpl$dnaninf)
    __fpl_dretinf                            0x0800fa09   Thumb Code    12  dretinf.o(x$fpl$dretinf)
    __aeabi_cdrcmple                         0x0800fa15   Thumb Code     0  drleqf.o(x$fpl$drleqf)
    _drcmple                                 0x0800fa15   Thumb Code   108  drleqf.o(x$fpl$drleqf)
    __aeabi_drsub                            0x0800fa81   Thumb Code     0  daddsub_clz.o(x$fpl$drsb)
    _drsb                                    0x0800fa81   Thumb Code    22  daddsub_clz.o(x$fpl$drsb)
    _dsqrt                                   0x0800fa99   Thumb Code   404  dsqrt_umaal.o(x$fpl$dsqrt)
    __aeabi_dsub                             0x0800fc31   Thumb Code     0  daddsub_clz.o(x$fpl$dsub)
    _dsub                                    0x0800fc31   Thumb Code   464  daddsub_clz.o(x$fpl$dsub)
    __aeabi_f2d                              0x0800fe05   Thumb Code     0  f2d.o(x$fpl$f2d)
    _f2d                                     0x0800fe05   Thumb Code    86  f2d.o(x$fpl$f2d)
    __fpl_fnaninf                            0x0800fe5b   Thumb Code   140  fnaninf.o(x$fpl$fnaninf)
    _fp_init                                 0x0800fee7   Thumb Code    10  fpinit.o(x$fpl$fpinit)
    __fplib_config_fpu_vfp                   0x0800feef   Thumb Code     0  fpinit.o(x$fpl$fpinit)
    __fplib_config_pureend_doubles           0x0800feef   Thumb Code     0  fpinit.o(x$fpl$fpinit)
    __fpl_fretinf                            0x0800fef1   Thumb Code    10  fretinf.o(x$fpl$fretinf)
    _printf_fp_dec                           0x0800fefb   Thumb Code     4  printf1.o(x$fpl$printf1)
    __fpl_return_NaN                         0x0800feff   Thumb Code   100  retnan.o(x$fpl$retnan)
    __ARM_scalbn                             0x0800ff63   Thumb Code    92  scalbn.o(x$fpl$scalbn)
    _scanf_real                              0x0800ffbf   Thumb Code     4  scanf1.o(x$fpl$scanf1)
    _scanf_hex_real                          0x0800ffc3   Thumb Code     4  scanf2.o(x$fpl$scanf2)
    _scanf_infnan                            0x0800ffc7   Thumb Code     4  scanf2.o(x$fpl$scanf2)
    __fpl_cmpreturn                          0x0800ffcb   Thumb Code    48  trapv.o(x$fpl$trapveneer)
    __I$use$fp                               0x0800fffa   Number         0  usenofp.o(x$fpl$usenofp)
    asc2_1206                                0x0800fffa   Data        1140  lcd.o(.constdata)
    asc2_1608                                0x0801046e   Data        1520  lcd.o(.constdata)
    asc2_2412                                0x08010a5e   Data        3420  lcd.o(.constdata)
    number_big                               0x080117ba   Data         780  lcd.o(.constdata)
    TX_ADDRESS                               0x08011ac6   Data           5  24l01.o(.constdata)
    RX_ADDRESS                               0x08011acb   Data           5  24l01.o(.constdata)
    gImage_window                            0x08011ad0   Data        2528  control.o(.constdata)
    FSMC_DefaultTimingStruct                 0x080124b0   Data          28  stm32f4xx_fsmc.o(.constdata)
    __mathlib_zero                           0x08012d70   Data           8  qnan.o(.constdata)
    Region$$Table$$Base                      0x08012ed4   Number         0  anon$$obj.o(Region$$Table)
    Region$$Table$$Limit                     0x08012ef4   Number         0  anon$$obj.o(Region$$Table)
    __aeabi_HUGE_VAL                         0x08012ef4   Data           0  fpconst.o(c$$dinf)
    __aeabi_HUGE_VALL                        0x08012ef4   Data           0  fpconst.o(c$$dinf)
    __aeabi_INFINITY                         0x08012ef4   Data           0  fpconst.o(c$$dinf)
    __dInf                                   0x08012ef4   Data           0  fpconst.o(c$$dinf)
    __huge_val                               0x08012ef4   Data           0  fpconst.o(c$$dinf)
    __ctype                                  0x08012f25   Data           0  lc_ctype_c.o(locale$$data)
    name1                                    0x20000000   Data          60  main.o(.data)
    ADC_ConvertedValueLocal                  0x2000003c   Data           2  main.o(.data)
    button1                                  0x20000040   Data           4  main.o(.data)
    button2                                  0x20000044   Data           4  main.o(.data)
    button3                                  0x20000048   Data           4  main.o(.data)
    button4                                  0x2000004c   Data           4  main.o(.data)
    button5                                  0x20000050   Data           4  main.o(.data)
    Freqtrack                                0x20000054   Data           4  main.o(.data)
    edit1                                    0x20000058   Data           4  main.o(.data)
    edit2                                    0x2000005c   Data           4  main.o(.data)
    edit3                                    0x20000060   Data           4  main.o(.data)
    edit4                                    0x20000064   Data           4  main.o(.data)
    edit5                                    0x20000068   Data           4  main.o(.data)
    edit6                                    0x2000006c   Data           4  main.o(.data)
    edit7                                    0x20000070   Data           4  main.o(.data)
    tab1                                     0x20000074   Data           4  main.o(.data)
    choose                                   0x20000078   Data           1  main.o(.data)
    Update                                   0x20000079   Data           1  main.o(.data)
    Error                                    0x2000007a   Data           1  main.o(.data)
    SetK                                     0x2000007b   Data           1  main.o(.data)
    SetPro                                   0x2000007c   Data           1  main.o(.data)
    nowpwm                                   0x2000007e   Data           2  main.o(.data)
    Errortimer                               0x20000080   Data           2  main.o(.data)
    Tb                                       0x20000082   Data           2  main.o(.data)
    POWER                                    0x20000084   Data           1  main.o(.data)
    Send                                     0x20000085   Data           1  main.o(.data)
    MI                                       0x20000088   Data           4  main.o(.data)
    pwm                                      0x2000008c   Data           4  main.o(.data)
    pwmA                                     0x20000090   Data           4  main.o(.data)
    pwmB                                     0x20000094   Data           4  main.o(.data)
    pwmC                                     0x20000098   Data           4  main.o(.data)
    PhaseShift                               0x2000009c   Data           4  main.o(.data)
    FreqWord                                 0x200000a0   Data           4  main.o(.data)
    K                                        0x200000a4   Data           4  main.o(.data)
    delay                                    0x200000a8   Data           2  main.o(.data)
    delay_left                               0x200000aa   Data           2  main.o(.data)
    Tin                                      0x200000ac   Data           4  main.o(.data)
    Tout                                     0x200000b0   Data           4  main.o(.data)
    Period                                   0x200000b4   Data           4  main.o(.data)
    SystemCoreClock                          0x200000bc   Data           4  system_stm32f4xx.o(.data)
    AHBPrescTable                            0x200000c0   Data          16  system_stm32f4xx.o(.data)
    POINT_COLOR                              0x200000d0   Data           2  lcd.o(.data)
    BACK_COLOR                               0x200000d2   Data           2  lcd.o(.data)
    tp_dev                                   0x200000d8   Data          64  touch.o(.data)
    CMD_RDX                                  0x20000118   Data           1  touch.o(.data)
    CMD_RDY                                  0x20000119   Data           1  touch.o(.data)
    TP_REMIND_MSG_TBL                        0x2000011c   Data           4  touch.o(.data)
    Delay_Time                               0x20000120   Data           4  touch.o(.data)
    Tdif                                     0x20000124   Data           4  exti.o(.data)
    adc0                                     0x20000128   Data           2  timer.o(.data)
    adc1                                     0x2000012a   Data           2  timer.o(.data)
    adc2                                     0x2000012c   Data           2  timer.o(.data)
    adc3                                     0x2000012e   Data           2  timer.o(.data)
    adc4                                     0x20000130   Data           2  timer.o(.data)
    adc5                                     0x20000132   Data           2  timer.o(.data)
    adc6                                     0x20000134   Data           2  timer.o(.data)
    POWERTimer                               0x20000136   Data           2  timer.o(.data)
    volt1                                    0x20000138   Data           4  timer.o(.data)
    volt2                                    0x2000013c   Data           4  timer.o(.data)
    amp1                                     0x20000140   Data           4  timer.o(.data)
    amp2                                     0x20000144   Data           4  timer.o(.data)
    nowEXTI2                                 0x20000148   Data           1  timer.o(.data)
    lastEXTI2                                0x20000149   Data           1  timer.o(.data)
    nowEXTI3                                 0x2000014a   Data           1  timer.o(.data)
    lastEXTI3                                0x2000014b   Data           1  timer.o(.data)
    VoltageOut                               0x2000014c   Data           4  timer.o(.data)
    CurrentOut                               0x20000150   Data           4  timer.o(.data)
    lastVoltageIn                            0x20000154   Data           4  timer.o(.data)
    lastCurrentIn                            0x20000158   Data           4  timer.o(.data)
    Phase                                    0x2000015c   Data           4  timer.o(.data)
    A_p                                      0x20000164   Data           4  timer.o(.data)
    B_p                                      0x20000168   Data           4  timer.o(.data)
    C_p                                      0x2000016c   Data           4  timer.o(.data)
    A_n                                      0x20000170   Data           4  timer.o(.data)
    B_n                                      0x20000174   Data           4  timer.o(.data)
    C_n                                      0x20000178   Data           4  timer.o(.data)
    phi                                      0x2000017c   Data           4  timer.o(.data)
    nowpoint                                 0x20000180   Data           2  timer.o(.data)
    timer                                    0x20000182   Data           2  timer.o(.data)
    data_timer                               0x20000184   Data           2  timer.o(.data)
    Locked_timer                             0x20000186   Data           2  timer.o(.data)
    Link_timer                               0x20000188   Data           2  timer.o(.data)
    head                                     0x2000018a   Data           1  timer.o(.data)
    tail                                     0x2000018b   Data           1  timer.o(.data)
    SetClose                                 0x2000018c   Data           1  timer.o(.data)
    VoltageAB                                0x20000190   Data           4  timer.o(.data)
    VoltageABIO                              0x20000194   Data           4  timer.o(.data)
    VoltageBC                                0x20000198   Data           4  timer.o(.data)
    VoltageBCIO                              0x2000019c   Data           4  timer.o(.data)
    VoltageCA                                0x200001a0   Data           4  timer.o(.data)
    Ua                                       0x200001a4   Data           4  timer.o(.data)
    Ub                                       0x200001a8   Data           4  timer.o(.data)
    Uc                                       0x200001ac   Data           4  timer.o(.data)
    W                                        0x200001b0   Data           4  timer.o(.data)
    VoltageABSum                             0x200001b4   Data           4  timer.o(.data)
    VoltageABAvr                             0x200001b8   Data           4  timer.o(.data)
    VoltageBCSum                             0x200001bc   Data           4  timer.o(.data)
    VoltageBCAvr                             0x200001c0   Data           4  timer.o(.data)
    Current1ASum                             0x200001c4   Data           4  timer.o(.data)
    Current1AAvr                             0x200001c8   Data           4  timer.o(.data)
    Current1AIO                              0x200001cc   Data           4  timer.o(.data)
    Current1BSum                             0x200001d0   Data           4  timer.o(.data)
    Current1BAvr                             0x200001d4   Data           4  timer.o(.data)
    Current1BIO                              0x200001d8   Data           4  timer.o(.data)
    Current2ASum                             0x200001dc   Data           4  timer.o(.data)
    Current2AAvr                             0x200001e0   Data           4  timer.o(.data)
    Current2AIO                              0x200001e4   Data           4  timer.o(.data)
    Current2BSum                             0x200001e8   Data           4  timer.o(.data)
    Current2BAvr                             0x200001ec   Data           4  timer.o(.data)
    Current2BIO                              0x200001f0   Data           4  timer.o(.data)
    Current1A                                0x200001f4   Data           4  timer.o(.data)
    Current1B                                0x200001f8   Data           4  timer.o(.data)
    Current2A                                0x200001fc   Data           4  timer.o(.data)
    Current2B                                0x20000200   Data           4  timer.o(.data)
    I1A_fang                                 0x20000204   Data           4  timer.o(.data)
    I1B_fang                                 0x20000208   Data           4  timer.o(.data)
    I2A_fang                                 0x2000020c   Data           4  timer.o(.data)
    I2B_fang                                 0x20000210   Data           4  timer.o(.data)
    Current_1A                               0x20000214   Data           4  timer.o(.data)
    Current_1B                               0x20000218   Data           4  timer.o(.data)
    Current_2A                               0x2000021c   Data           4  timer.o(.data)
    Current_2B                               0x20000220   Data           4  timer.o(.data)
    Ialpha                                   0x20000224   Data           4  timer.o(.data)
    Ibeta                                    0x20000228   Data           4  timer.o(.data)
    Phased                                   0x2000022c   Data           4  timer.o(.data)
    Phaseq                                   0x20000230   Data           4  timer.o(.data)
    theta                                    0x20000234   Data           4  timer.o(.data)
    Pd                                       0x20000238   Data           4  timer.o(.data)
    Pq                                       0x2000023c   Data           4  timer.o(.data)
    Id_save                                  0x20000240   Data           4  timer.o(.data)
    Iq_save                                  0x20000244   Data           4  timer.o(.data)
    Ua_fang                                  0x20000248   Data           4  timer.o(.data)
    Ub_fang                                  0x2000024c   Data           4  timer.o(.data)
    Uc_fang                                  0x20000250   Data           4  timer.o(.data)
    Uab_fang                                 0x20000254   Data           4  timer.o(.data)
    Ubc_fang                                 0x20000258   Data           4  timer.o(.data)
    Uca_fang                                 0x2000025c   Data           4  timer.o(.data)
    time                                     0x20000260   Data           4  timer.o(.data)
    VoltageA                                 0x20000264   Data           4  timer.o(.data)
    VoltageB                                 0x20000268   Data           4  timer.o(.data)
    VoltageC                                 0x2000026c   Data           4  timer.o(.data)
    Voltage_AB                               0x20000270   Data           4  timer.o(.data)
    Voltage_BC                               0x20000274   Data           4  timer.o(.data)
    Voltage_CA                               0x20000278   Data           4  timer.o(.data)
    VoltageIn                                0x2000027c   Data           4  timer.o(.data)
    I2dref                                   0x20000280   Data           4  timer.o(.data)
    I2qref                                   0x20000284   Data           4  timer.o(.data)
    I2d                                      0x20000288   Data           4  timer.o(.data)
    I2q                                      0x2000028c   Data           4  timer.o(.data)
    first                                    0x20000290   Data           1  timer.o(.data)
    Locked                                   0x20000291   Data           1  timer.o(.data)
    Link                                     0x20000292   Data           1  timer.o(.data)
    KP                                       0x20000294   Data           4  timer.o(.data)
    KI                                       0x20000298   Data           4  timer.o(.data)
    sin_one                                  0x2000029c   Data           4  timer.o(.data)
    cos_one                                  0x200002a0   Data           4  timer.o(.data)
    __stdout                                 0x200002a8   Data           4  usart.o(.data)
    USART_RX_STA                             0x200002ac   Data           2  usart.o(.data)
    integral1                                0x200002b0   Data           4  pid.o(.data)
    integral2                                0x200002b4   Data           4  pid.o(.data)
    integral3                                0x200002b8   Data           4  pid.o(.data)
    err                                      0x200002bc   Data           4  pid.o(.data)
    tempDuty                                 0x200002c0   Data           4  pid.o(.data)
    deltaI                                   0x200002c4   Data           4  pid.o(.data)
    deltaU                                   0x200002c8   Data           4  pid.o(.data)
    p1                                       0x200002cc   Data           4  pid.o(.data)
    p2                                       0x200002d0   Data           4  pid.o(.data)
    but                                      0x200002e4   Data          60  main.o(.bss)
    SendData                                 0x20000320   Data          33  main.o(.bss)
    sin_chart                                0x20000342   Data        2400  main.o(.bss)
    cos_chart                                0x20000ca2   Data        2400  main.o(.bss)
    lcddev                                   0x20001602   Data          14  lcd.o(.bss)
    ADCValue                                 0x2000163e   Data         420  adc.o(.bss)
    LastVoltage                              0x200017e4   Data          40  timer.o(.bss)
    LastCurrent                              0x2000180c   Data          40  timer.o(.bss)
    USART_RX_BUF                             0x20001834   Data         200  usart.o(.bss)
    button                                   0x200018fc   Data        2080  control.o(.bss)
    font                                     0x2000211c   Data         640  control.o(.bss)
    zpos                                     0x2000239c   Data         200  control.o(.bss)
    track                                    0x20002464   Data         280  control.o(.bss)
    edit                                     0x2000257c   Data         620  control.o(.bss)
    tab                                      0x200027e8   Data        1090  control.o(.bss)
    tempst                                   0x20002c2a   Data          25  control.o(.bss)
    Kst                                      0x20002c43   Data          10  control.o(.bss)
    Prost1                                   0x20002c4d   Data          10  control.o(.bss)
    Prost2                                   0x20002c57   Data          10  control.o(.bss)
    __libspace_start                         0x20002c64   Data          96  libspace.o(.bss)
    __temporary_stack_top$libspace           0x20002cc4   Data           0  libspace.o(.bss)



==============================================================================

Memory Map of the image

  Image Entry point : 0x08000189

  Load Region LR_IROM1 (Base: 0x08000000, Size: 0x0001330c, Max: 0x00100000, ABSOLUTE, COMPRESSED[0x000130ac])

    Execution Region ER_IROM1 (Base: 0x08000000, Size: 0x00013028, Max: 0x00100000, ABSOLUTE)

    Base Addr    Size         Type   Attr      Idx    E Section Name        Object

    0x08000000   0x00000188   Data   RO          718    RESET               startup_stm32f40_41xxx.o
    0x08000188   0x00000008   Code   RO         1074  * !!!main             c_w.l(__main.o)
    0x08000190   0x00000034   Code   RO         1487    !!!scatter          c_w.l(__scatter.o)
    0x080001c4   0x0000005a   Code   RO         1485    !!dczerorl2         c_w.l(__dczerorl2.o)
    0x0800021e   0x00000002   PAD
    0x08000220   0x0000001c   Code   RO         1489    !!handler_zi        c_w.l(__scatter_zi.o)
    0x0800023c   0x00000000   Code   RO         1057    .ARM.Collect$$_printf_percent$$00000000  c_w.l(_printf_percent.o)
    0x0800023c   0x00000006   Code   RO         1056    .ARM.Collect$$_printf_percent$$00000003  c_w.l(_printf_f.o)
    0x08000242   0x00000006   Code   RO         1055    .ARM.Collect$$_printf_percent$$00000014  c_w.l(_printf_s.o)
    0x08000248   0x00000004   Code   RO         1176    .ARM.Collect$$_printf_percent$$00000017  c_w.l(_printf_percent_end.o)
    0x0800024c   0x00000002   Code   RO         1312    .ARM.Collect$$libinit$$00000000  c_w.l(libinit.o)
    0x0800024e   0x00000004   Code   RO         1313    .ARM.Collect$$libinit$$00000001  c_w.l(libinit2.o)
    0x08000252   0x00000000   Code   RO         1316    .ARM.Collect$$libinit$$00000004  c_w.l(libinit2.o)
    0x08000252   0x00000000   Code   RO         1319    .ARM.Collect$$libinit$$0000000A  c_w.l(libinit2.o)
    0x08000252   0x00000000   Code   RO         1321    .ARM.Collect$$libinit$$0000000C  c_w.l(libinit2.o)
    0x08000252   0x00000000   Code   RO         1323    .ARM.Collect$$libinit$$0000000E  c_w.l(libinit2.o)
    0x08000252   0x00000006   Code   RO         1324    .ARM.Collect$$libinit$$0000000F  c_w.l(libinit2.o)
    0x08000258   0x00000000   Code   RO         1326    .ARM.Collect$$libinit$$00000011  c_w.l(libinit2.o)
    0x08000258   0x0000000c   Code   RO         1327    .ARM.Collect$$libinit$$00000012  c_w.l(libinit2.o)
    0x08000264   0x00000000   Code   RO         1328    .ARM.Collect$$libinit$$00000013  c_w.l(libinit2.o)
    0x08000264   0x00000000   Code   RO         1330    .ARM.Collect$$libinit$$00000015  c_w.l(libinit2.o)
    0x08000264   0x0000000a   Code   RO         1331    .ARM.Collect$$libinit$$00000016  c_w.l(libinit2.o)
    0x0800026e   0x00000000   Code   RO         1332    .ARM.Collect$$libinit$$00000017  c_w.l(libinit2.o)
    0x0800026e   0x00000000   Code   RO         1334    .ARM.Collect$$libinit$$00000019  c_w.l(libinit2.o)
    0x0800026e   0x00000000   Code   RO         1336    .ARM.Collect$$libinit$$0000001B  c_w.l(libinit2.o)
    0x0800026e   0x00000000   Code   RO         1338    .ARM.Collect$$libinit$$0000001D  c_w.l(libinit2.o)
    0x0800026e   0x00000000   Code   RO         1340    .ARM.Collect$$libinit$$0000001F  c_w.l(libinit2.o)
    0x0800026e   0x00000000   Code   RO         1342    .ARM.Collect$$libinit$$00000021  c_w.l(libinit2.o)
    0x0800026e   0x00000000   Code   RO         1344    .ARM.Collect$$libinit$$00000023  c_w.l(libinit2.o)
    0x0800026e   0x00000000   Code   RO         1346    .ARM.Collect$$libinit$$00000025  c_w.l(libinit2.o)
    0x0800026e   0x00000000   Code   RO         1350    .ARM.Collect$$libinit$$0000002C  c_w.l(libinit2.o)
    0x0800026e   0x00000000   Code   RO         1352    .ARM.Collect$$libinit$$0000002E  c_w.l(libinit2.o)
    0x0800026e   0x00000000   Code   RO         1354    .ARM.Collect$$libinit$$00000030  c_w.l(libinit2.o)
    0x0800026e   0x00000000   Code   RO         1356    .ARM.Collect$$libinit$$00000032  c_w.l(libinit2.o)
    0x0800026e   0x00000002   Code   RO         1357    .ARM.Collect$$libinit$$00000033  c_w.l(libinit2.o)
    0x08000270   0x00000002   Code   RO         1420    .ARM.Collect$$libshutdown$$00000000  c_w.l(libshutdown.o)
    0x08000272   0x00000000   Code   RO         1446    .ARM.Collect$$libshutdown$$00000003  c_w.l(libshutdown2.o)
    0x08000272   0x00000000   Code   RO         1449    .ARM.Collect$$libshutdown$$00000006  c_w.l(libshutdown2.o)
    0x08000272   0x00000000   Code   RO         1452    .ARM.Collect$$libshutdown$$00000009  c_w.l(libshutdown2.o)
    0x08000272   0x00000000   Code   RO         1454    .ARM.Collect$$libshutdown$$0000000B  c_w.l(libshutdown2.o)
    0x08000272   0x00000000   Code   RO         1457    .ARM.Collect$$libshutdown$$0000000E  c_w.l(libshutdown2.o)
    0x08000272   0x00000002   Code   RO         1458    .ARM.Collect$$libshutdown$$0000000F  c_w.l(libshutdown2.o)
    0x08000274   0x00000000   Code   RO         1158    .ARM.Collect$$rtentry$$00000000  c_w.l(__rtentry.o)
    0x08000274   0x00000000   Code   RO         1223    .ARM.Collect$$rtentry$$00000002  c_w.l(__rtentry2.o)
    0x08000274   0x00000006   Code   RO         1235    .ARM.Collect$$rtentry$$00000004  c_w.l(__rtentry4.o)
    0x0800027a   0x00000000   Code   RO         1225    .ARM.Collect$$rtentry$$00000009  c_w.l(__rtentry2.o)
    0x0800027a   0x00000004   Code   RO         1226    .ARM.Collect$$rtentry$$0000000A  c_w.l(__rtentry2.o)
    0x0800027e   0x00000000   Code   RO         1228    .ARM.Collect$$rtentry$$0000000C  c_w.l(__rtentry2.o)
    0x0800027e   0x00000008   Code   RO         1229    .ARM.Collect$$rtentry$$0000000D  c_w.l(__rtentry2.o)
    0x08000286   0x00000002   Code   RO         1360    .ARM.Collect$$rtexit$$00000000  c_w.l(rtexit.o)
    0x08000288   0x00000000   Code   RO         1386    .ARM.Collect$$rtexit$$00000002  c_w.l(rtexit2.o)
    0x08000288   0x00000004   Code   RO         1387    .ARM.Collect$$rtexit$$00000003  c_w.l(rtexit2.o)
    0x0800028c   0x00000006   Code   RO         1388    .ARM.Collect$$rtexit$$00000004  c_w.l(rtexit2.o)
    0x08000292   0x00000002   PAD
    0x08000294   0x000004a4   Code   RO            3    .text               main.o
    0x08000738   0x0000001a   Code   RO          206    .text               stm32f4xx_it.o
    0x08000752   0x00000002   PAD
    0x08000754   0x00000210   Code   RO          255    .text               system_stm32f4xx.o
    0x08000964   0x000000cc   Code   RO          281    .text               led.o
    0x08000a30   0x00001f94   Code   RO          301    .text               lcd.o
    0x080029c4   0x0000140c   Code   RO          332    .text               touch.o
    0x08003dd0   0x0000021c   Code   RO          394    .text               pwm.o
    0x08003fec   0x0000017a   Code   RO          418    .text               24cxx.o
    0x08004166   0x00000002   PAD
    0x08004168   0x00000264   Code   RO          438    .text               myiic.o
    0x080043cc   0x00000250   Code   RO          458    .text               adc.o
    0x0800461c   0x00000188   Code   RO          481    .text               exti.o
    0x080047a4   0x0000117c   Code   RO          505    .text               timer.o
    0x08005920   0x00000320   Code   RO          553    .text               24l01.o
    0x08005c40   0x00000118   Code   RO          579    .text               spi.o
    0x08005d58   0x00000104   Code   RO          599    .text               delay.o
    0x08005e5c   0x00000110   Code   RO          639    .text               usart.o
    0x08005f6c   0x00002c38   Code   RO          670    .text               control.o
    0x08008ba4   0x000003ec   Code   RO          695    .text               pid.o
    0x08008f90   0x00000040   Code   RO          719    .text               startup_stm32f40_41xxx.o
    0x08008fd0   0x000000e0   Code   RO          725    .text               misc.o
    0x080090b0   0x00000294   Code   RO          745    .text               stm32f4xx_gpio.o
    0x08009344   0x000005c8   Code   RO          765    .text               stm32f4xx_fsmc.o
    0x0800990c   0x0000065c   Code   RO          788    .text               stm32f4xx_rcc.o
    0x08009f68   0x00000454   Code   RO          830    .text               stm32f4xx_usart.o
    0x0800a3bc   0x00000464   Code   RO          850    .text               stm32f4xx_adc.o
    0x0800a820   0x00000ca2   Code   RO          870    .text               stm32f4xx_tim.o
    0x0800b4c2   0x00000002   PAD
    0x0800b4c4   0x00000110   Code   RO          890    .text               stm32f4xx_exti.o
    0x0800b5d4   0x000003a8   Code   RO          910    .text               stm32f4xx_dma.o
    0x0800b97c   0x00000480   Code   RO          930    .text               stm32f4xx_spi.o
    0x0800bdfc   0x000000d8   Code   RO          950    .text               arm_cortexM4lf_math.lib(arm_cos_f32.o)
    0x0800bed4   0x000000d8   Code   RO          997    .text               arm_cortexM4lf_math.lib(arm_sin_f32.o)
    0x0800bfac   0x00000002   Code   RO         1019    .text               c_w.l(use_no_semi_2.o)
    0x0800bfae   0x00000002   PAD
    0x0800bfb0   0x00000018   Code   RO         1025    .text               c_w.l(noretval__2printf.o)
    0x0800bfc8   0x00000028   Code   RO         1027    .text               c_w.l(noretval__2sprintf.o)
    0x0800bff0   0x0000004e   Code   RO         1031    .text               c_w.l(_printf_pad.o)
    0x0800c03e   0x00000052   Code   RO         1033    .text               c_w.l(_printf_str.o)
    0x0800c090   0x0000010e   Code   RO         1043    .text               c_w.l(__printf_wp.o)
    0x0800c19e   0x0000001a   Code   RO         1058    .text               c_w.l(atoi.o)
    0x0800c1b8   0x00000014   Code   RO         1060    .text               c_w.l(strchr.o)
    0x0800c1cc   0x00000048   Code   RO         1062    .text               c_w.l(strcpy.o)
    0x0800c214   0x0000003e   Code   RO         1064    .text               c_w.l(strlen.o)
    0x0800c252   0x00000018   Code   RO         1066    .text               c_w.l(strcat.o)
    0x0800c26a   0x00000064   Code   RO         1068    .text               c_w.l(rt_memcpy_w.o)
    0x0800c2ce   0x00000044   Code   RO         1070    .text               c_w.l(rt_memclr.o)
    0x0800c312   0x00000006   Code   RO         1072    .text               c_w.l(heapauxi.o)
    0x0800c318   0x00000002   Code   RO         1156    .text               c_w.l(use_no_semi.o)
    0x0800c31a   0x00000002   PAD
    0x0800c31c   0x00000008   Code   RO         1162    .text               c_w.l(rt_errno_addr_intlibspace.o)
    0x0800c324   0x00000016   Code   RO         1164    .text               c_w.l(_rserrno.o)
    0x0800c33a   0x0000041a   Code   RO         1166    .text               c_w.l(_printf_fp_dec.o)
    0x0800c754   0x00000030   Code   RO         1168    .text               c_w.l(_printf_char_common.o)
    0x0800c784   0x0000000a   Code   RO         1170    .text               c_w.l(_sputc.o)
    0x0800c78e   0x0000002c   Code   RO         1172    .text               c_w.l(_printf_char.o)
    0x0800c7ba   0x00000002   PAD
    0x0800c7bc   0x00000024   Code   RO         1174    .text               c_w.l(_printf_char_file.o)
    0x0800c7e0   0x000000a0   Code   RO         1177    .text               c_w.l(strtod.o)
    0x0800c880   0x00000070   Code   RO         1179    .text               c_w.l(strtol.o)
    0x0800c8f0   0x0000004e   Code   RO         1181    .text               c_w.l(rt_memclr_w.o)
    0x0800c93e   0x00000002   PAD
    0x0800c940   0x00000008   Code   RO         1219    .text               c_w.l(libspace.o)
    0x0800c948   0x00000010   Code   RO         1237    .text               c_w.l(rt_ctype_table.o)
    0x0800c958   0x00000008   Code   RO         1242    .text               c_w.l(rt_locale_intlibspace.o)
    0x0800c960   0x0000008a   Code   RO         1244    .text               c_w.l(lludiv10.o)
    0x0800c9ea   0x00000012   Code   RO         1246    .text               c_w.l(isspace.o)
    0x0800c9fc   0x00000080   Code   RO         1248    .text               c_w.l(_printf_fp_infnan.o)
    0x0800ca7c   0x00000040   Code   RO         1252    .text               c_w.l(_sgetc.o)
    0x0800cabc   0x0000009e   Code   RO         1254    .text               c_w.l(_strtoul.o)
    0x0800cb5a   0x00000002   PAD
    0x0800cb5c   0x000000dc   Code   RO         1256    .text               c_w.l(bigflt0.o)
    0x0800cc38   0x00000008   Code   RO         1281    .text               c_w.l(ferror.o)
    0x0800cc40   0x0000004a   Code   RO         1294    .text               c_w.l(sys_stackheap_outer.o)
    0x0800cc8a   0x0000001c   Code   RO         1296    .text               c_w.l(_chval.o)
    0x0800cca6   0x00000002   PAD
    0x0800cca8   0x000004a4   Code   RO         1298    .text               c_w.l(scanf_fp.o)
    0x0800d14c   0x0000000c   Code   RO         1303    .text               c_w.l(exit.o)
    0x0800d158   0x00000080   Code   RO         1305    .text               c_w.l(strcmpv7m.o)
    0x0800d1d8   0x00000318   Code   RO         1392    .text               c_w.l(scanf_hexfp.o)
    0x0800d4f0   0x00000134   Code   RO         1394    .text               c_w.l(scanf_infnan.o)
    0x0800d624   0x00000026   Code   RO         1412    .text               c_w.l(llshl.o)
    0x0800d64a   0x0000003e   Code   RO         1259    CL$$btod_d2e        c_w.l(btod.o)
    0x0800d688   0x00000046   Code   RO         1261    CL$$btod_d2e_denorm_low  c_w.l(btod.o)
    0x0800d6ce   0x00000060   Code   RO         1260    CL$$btod_d2e_norm_op1  c_w.l(btod.o)
    0x0800d72e   0x00000338   Code   RO         1269    CL$$btod_div_common  c_w.l(btod.o)
    0x0800da66   0x00000002   PAD
    0x0800da68   0x00000054   Code   RO         1267    CL$$btod_e2d        c_w.l(btod.o)
    0x0800dabc   0x000000c6   Code   RO         1266    CL$$btod_e2e        c_w.l(btod.o)
    0x0800db82   0x00000028   Code   RO         1263    CL$$btod_ediv       c_w.l(btod.o)
    0x0800dbaa   0x00000028   Code   RO         1265    CL$$btod_edivd      c_w.l(btod.o)
    0x0800dbd2   0x00000028   Code   RO         1262    CL$$btod_emul       c_w.l(btod.o)
    0x0800dbfa   0x00000028   Code   RO         1264    CL$$btod_emuld      c_w.l(btod.o)
    0x0800dc22   0x00000244   Code   RO         1268    CL$$btod_mult_common  c_w.l(btod.o)
    0x0800de66   0x00000030   Code   RO         1214    i.__ARM_fpclassify  m_wm.l(fpclassify.o)
    0x0800de96   0x00000002   PAD
    0x0800de98   0x00000038   Code   RO         1112    i.__hardfp_atof     m_wm.l(atof.o)
    0x0800ded0   0x00000014   Code   RO         1118    i.__hardfp_fabs     m_wm.l(fabs.o)
    0x0800dee4   0x00000004   PAD
    0x0800dee8   0x00000118   Code   RO         1124    i.__hardfp_floor    m_wm.l(floor.o)
    0x0800e000   0x000000d0   Code   RO         1421    i.__hardfp_ldexp    m_wm.l(ldexp.o)
    0x0800e0d0   0x00000c38   Code   RO         1130    i.__hardfp_pow      m_wm.l(pow.o)
    0x0800ed08   0x0000007a   Code   RO         1144    i.__hardfp_sqrt     m_wm.l(sqrt.o)
    0x0800ed82   0x000000f8   Code   RO         1216    i.__kernel_poly     m_wm.l(poly.o)
    0x0800ee7a   0x00000006   PAD
    0x0800ee80   0x00000030   Code   RO         1200    i.__mathlib_dbl_divzero  m_wm.l(dunder.o)
    0x0800eeb0   0x00000014   Code   RO         1202    i.__mathlib_dbl_infnan2  m_wm.l(dunder.o)
    0x0800eec4   0x00000004   PAD
    0x0800eec8   0x00000020   Code   RO         1203    i.__mathlib_dbl_invalid  m_wm.l(dunder.o)
    0x0800eee8   0x00000020   Code   RO         1204    i.__mathlib_dbl_overflow  m_wm.l(dunder.o)
    0x0800ef08   0x00000020   Code   RO         1206    i.__mathlib_dbl_underflow  m_wm.l(dunder.o)
    0x0800ef28   0x000000b8   Code   RO         1378    i.__mathlib_narrow  m_wm.l(narrow.o)
    0x0800efe0   0x00000014   Code   RO         1423    i.__support_ldexp   m_wm.l(ldexp.o)
    0x0800eff4   0x0000000e   Code   RO         1045    i._is_digit         c_w.l(__printf_wp.o)
    0x0800f002   0x00000018   Code   RO         1120    i.fabs              m_wm.l(fabs.o)
    0x0800f01a   0x00000006   PAD
    0x0800f020   0x0000008c   Code   RO         1404    i.frexp             m_wm.l(frexp.o)
    0x0800f0ac   0x0000006e   Code   RO         1146    i.sqrt              m_wm.l(sqrt.o)
    0x0800f11a   0x00000002   PAD
    0x0800f11c   0x0000002c   Code   RO         1286    locale$$code        c_w.l(lc_numeric_c.o)
    0x0800f148   0x0000002c   Code   RO         1301    locale$$code        c_w.l(lc_ctype_c.o)
    0x0800f174   0x00000018   Code   RO         1183    x$fpl$basic         fz_wm.l(basic.o)
    0x0800f18c   0x00000062   Code   RO         1076    x$fpl$d2f           fz_wm.l(d2f.o)
    0x0800f1ee   0x00000002   PAD
    0x0800f1f0   0x00000150   Code   RO         1078    x$fpl$dadd          fz_wm.l(daddsub_clz.o)
    0x0800f340   0x00000010   Code   RO         1288    x$fpl$dcheck1       fz_wm.l(dcheck1.o)
    0x0800f350   0x00000018   Code   RO         1185    x$fpl$dcmpinf       fz_wm.l(dcmpi.o)
    0x0800f368   0x000002b0   Code   RO         1085    x$fpl$ddiv          fz_wm.l(ddiv.o)
    0x0800f618   0x00000078   Code   RO         1400    x$fpl$deqf          fz_wm.l(deqf.o)
    0x0800f690   0x0000005e   Code   RO         1088    x$fpl$dfix          fz_wm.l(dfix.o)
    0x0800f6ee   0x00000002   PAD
    0x0800f6f0   0x0000005a   Code   RO         1092    x$fpl$dfixu         fz_wm.l(dfixu.o)
    0x0800f74a   0x0000002e   Code   RO         1097    x$fpl$dflt          fz_wm.l(dflt_clz.o)
    0x0800f778   0x00000026   Code   RO         1096    x$fpl$dfltu         fz_wm.l(dflt_clz.o)
    0x0800f79e   0x00000002   PAD
    0x0800f7a0   0x00000078   Code   RO         1102    x$fpl$dleqf         fz_wm.l(dleqf.o)
    0x0800f818   0x00000154   Code   RO         1104    x$fpl$dmul          fz_wm.l(dmul.o)
    0x0800f96c   0x0000009c   Code   RO         1187    x$fpl$dnaninf       fz_wm.l(dnaninf.o)
    0x0800fa08   0x0000000c   Code   RO         1189    x$fpl$dretinf       fz_wm.l(dretinf.o)
    0x0800fa14   0x0000006c   Code   RO         1106    x$fpl$drleqf        fz_wm.l(drleqf.o)
    0x0800fa80   0x00000016   Code   RO         1079    x$fpl$drsb          fz_wm.l(daddsub_clz.o)
    0x0800fa96   0x00000002   PAD
    0x0800fa98   0x00000198   Code   RO         1191    x$fpl$dsqrt         fz_wm.l(dsqrt_umaal.o)
    0x0800fc30   0x000001d4   Code   RO         1080    x$fpl$dsub          fz_wm.l(daddsub_clz.o)
    0x0800fe04   0x00000056   Code   RO         1108    x$fpl$f2d           fz_wm.l(f2d.o)
    0x0800fe5a   0x0000008c   Code   RO         1193    x$fpl$fnaninf       fz_wm.l(fnaninf.o)
    0x0800fee6   0x0000000a   Code   RO         1367    x$fpl$fpinit        fz_wm.l(fpinit.o)
    0x0800fef0   0x0000000a   Code   RO         1195    x$fpl$fretinf       fz_wm.l(fretinf.o)
    0x0800fefa   0x00000004   Code   RO         1110    x$fpl$printf1       fz_wm.l(printf1.o)
    0x0800fefe   0x00000064   Code   RO         1358    x$fpl$retnan        fz_wm.l(retnan.o)
    0x0800ff62   0x0000005c   Code   RO         1197    x$fpl$scalbn        fz_wm.l(scalbn.o)
    0x0800ffbe   0x00000004   Code   RO         1292    x$fpl$scanf1        fz_wm.l(scanf1.o)
    0x0800ffc2   0x00000008   Code   RO         1369    x$fpl$scanf2        fz_wm.l(scanf2.o)
    0x0800ffca   0x00000030   Code   RO         1375    x$fpl$trapveneer    fz_wm.l(trapv.o)
    0x0800fffa   0x00000000   Code   RO         1199    x$fpl$usenofp       fz_wm.l(usenofp.o)
    0x0800fffa   0x00001acc   Data   RO          303    .constdata          lcd.o
    0x08011ac6   0x0000000a   Data   RO          554    .constdata          24l01.o
    0x08011ad0   0x000009e0   Data   RO          672    .constdata          control.o
    0x080124b0   0x0000001c   Data   RO          766    .constdata          stm32f4xx_fsmc.o
    0x080124cc   0x00000410   Data   RO          951    .constdata          arm_cortexM4lf_math.lib(arm_cos_f32.o)
    0x080128dc   0x0000040c   Data   RO          998    .constdata          arm_cortexM4lf_math.lib(arm_sin_f32.o)
    0x08012ce8   0x00000088   Data   RO         1133    .constdata          m_wm.l(pow.o)
    0x08012d70   0x00000008   Data   RO         1218    .constdata          m_wm.l(qnan.o)
    0x08012d78   0x00000094   Data   RO         1257    .constdata          c_w.l(bigflt0.o)
    0x08012e0c   0x00000040   Data   RO            6    .conststring        main.o
    0x08012e4c   0x00000085   Data   RO          333    .conststring        touch.o
    0x08012ed1   0x00000003   PAD
    0x08012ed4   0x00000020   Data   RO         1483    Region$$Table       anon$$obj.o
    0x08012ef4   0x00000008   Data   RO         1364    c$$dinf             fz_wm.l(fpconst.o)
    0x08012efc   0x0000001c   Data   RO         1285    locale$$data        c_w.l(lc_numeric_c.o)
    0x08012f18   0x00000110   Data   RO         1300    locale$$data        c_w.l(lc_ctype_c.o)


    Execution Region RW_IRAM1 (Base: 0x20000000, Size: 0x000032c8, Max: 0x00020000, ABSOLUTE, COMPRESSED[0x00000084])

    Base Addr    Size         Type   Attr      Idx    E Section Name        Object

    0x20000000   0x000000b9   Data   RW            7    .data               main.o
    0x200000b9   0x00000003   PAD
    0x200000bc   0x00000014   Data   RW          256    .data               system_stm32f4xx.o
    0x200000d0   0x00000004   Data   RW          304    .data               lcd.o
    0x200000d4   0x00000004   PAD
    0x200000d8   0x0000004c   Data   RW          334    .data               touch.o
    0x20000124   0x00000004   Data   RW          482    .data               exti.o
    0x20000128   0x0000017c   Data   RW          507    .data               timer.o
    0x200002a4   0x00000004   Data   RW          600    .data               delay.o
    0x200002a8   0x00000006   Data   RW          641    .data               usart.o
    0x200002ae   0x00000002   PAD
    0x200002b0   0x00000024   Data   RW          696    .data               pid.o
    0x200002d4   0x00000010   Data   RW          789    .data               stm32f4xx_rcc.o
    0x200002e4   0x0000131e   Zero   RW            4    .bss                main.o
    0x20001602   0x0000003b   Zero   RW          302    .bss                lcd.o
    0x2000163d   0x00000001   PAD
    0x2000163e   0x000001a4   Zero   RW          459    .bss                adc.o
    0x200017e2   0x00000002   PAD
    0x200017e4   0x00000050   Zero   RW          506    .bss                timer.o
    0x20001834   0x000000c8   Zero   RW          640    .bss                usart.o
    0x200018fc   0x00001365   Zero   RW          671    .bss                control.o
    0x20002c61   0x00000003   PAD
    0x20002c64   0x00000060   Zero   RW         1220    .bss                c_w.l(libspace.o)
    0x20002cc4   0x00000004   PAD
    0x20002cc8   0x00000200   Zero   RW          717    HEAP                startup_stm32f40_41xxx.o
    0x20002ec8   0x00000400   Zero   RW          716    STACK               startup_stm32f40_41xxx.o


==============================================================================

Image component sizes


      Code (inc. data)   RO Data    RW Data    ZI Data      Debug   Object Name

       378          0          0          0          0       2698   24cxx.o
       800         34         10          0          0       3877   24l01.o
       592         18          0          0        420       2302   adc.o
     11320        396       2528          0       4965      14291   control.o
       260          8          0          4          0       1469   delay.o
       392         68          0          4          0       1386   exti.o
      8084        222       6860          4         59      20978   lcd.o
       204         14          0          0          0        639   led.o
      1188        188         64        185       4894     331942   main.o
       224         20          0          0          0       1849   misc.o
       612         14          0          0          0       1912   myiic.o
      1004         54          0         36          0       2378   pid.o
       540         12          0          0          0       1574   pwm.o
       280          8          0          0          0       1073   spi.o
        64         26        392          0       1536        836   startup_stm32f40_41xxx.o
      1124         24          0          0          0      10522   stm32f4xx_adc.o
       936         32          0          0          0       6329   stm32f4xx_dma.o
       272         10          0          0          0       2295   stm32f4xx_exti.o
      1480         18         28          0          0       5662   stm32f4xx_fsmc.o
       660         44          0          0          0       4129   stm32f4xx_gpio.o
        26          0          0          0          0       1238   stm32f4xx_it.o
      1628         52          0         16          0      12928   stm32f4xx_rcc.o
      1152         36          0          0          0       6877   stm32f4xx_spi.o
      3234         60          0          0          0      22332   stm32f4xx_tim.o
      1108         34          0          0          0       7828   stm32f4xx_usart.o
       528         46          0         20          0       1827   system_stm32f4xx.o
      4476        736          0        380         80      20634   timer.o
      5132        336        133         76          0       7281   touch.o
       272         14          0          6        200       3322   usart.o

    ----------------------------------------------------------------------
     47976       2524      10050        740      12160     502408   Object Totals
         0          0         32          0          0          0   (incl. Generated)
         6          0          3          9          6          0   (incl. Padding)

    ----------------------------------------------------------------------

      Code (inc. data)   RO Data    RW Data    ZI Data      Debug   Library Member Name

       216         22       1040          0          0      16570   arm_cos_f32.o
       216         22       1036          0          0       1382   arm_sin_f32.o
        90          0          0          0          0          0   __dczerorl2.o
         8          0          0          0          0         68   __main.o
       284          0          0          0          0        156   __printf_wp.o
         0          0          0          0          0          0   __rtentry.o
        12          0          0          0          0          0   __rtentry2.o
         6          0          0          0          0          0   __rtentry4.o
        52          8          0          0          0          0   __scatter.o
        28          0          0          0          0          0   __scatter_zi.o
        28          0          0          0          0         68   _chval.o
        44          0          0          0          0        108   _printf_char.o
        48          6          0          0          0         96   _printf_char_common.o
        36          4          0          0          0         80   _printf_char_file.o
         6          0          0          0          0          0   _printf_f.o
      1050          0          0          0          0        216   _printf_fp_dec.o
       128         16          0          0          0         84   _printf_fp_infnan.o
        78          0          0          0          0        108   _printf_pad.o
         0          0          0          0          0          0   _printf_percent.o
         4          0          0          0          0          0   _printf_percent_end.o
         6          0          0          0          0          0   _printf_s.o
        82          0          0          0          0         80   _printf_str.o
        22          0          0          0          0        100   _rserrno.o
        64          0          0          0          0         84   _sgetc.o
        10          0          0          0          0         68   _sputc.o
       158          0          0          0          0         92   _strtoul.o
        26          0          0          0          0         80   atoi.o
       220          4        148          0          0         96   bigflt0.o
      2074        132          0          0          0        940   btod.o
        12          0          0          0          0         72   exit.o
         8          0          0          0          0         68   ferror.o
         6          0          0          0          0        152   heapauxi.o
        18          0          0          0          0         76   isspace.o
        44         10        272          0          0         76   lc_ctype_c.o
        44         10         28          0          0         76   lc_numeric_c.o
         2          0          0          0          0          0   libinit.o
        34          0          0          0          0          0   libinit2.o
         2          0          0          0          0          0   libshutdown.o
         2          0          0          0          0          0   libshutdown2.o
         8          4          0          0         96         68   libspace.o
        38          0          0          0          0         68   llshl.o
       138          0          0          0          0         80   lludiv10.o
        24          4          0          0          0         84   noretval__2printf.o
        40          6          0          0          0         84   noretval__2sprintf.o
        16          4          0          0          0         76   rt_ctype_table.o
         8          4          0          0          0         68   rt_errno_addr_intlibspace.o
         8          4          0          0          0         68   rt_locale_intlibspace.o
        68          0          0          0          0         68   rt_memclr.o
        78          0          0          0          0         80   rt_memclr_w.o
       100          0          0          0          0         80   rt_memcpy_w.o
         2          0          0          0          0          0   rtexit.o
        10          0          0          0          0          0   rtexit2.o
      1188         12          0          0          0        148   scanf_fp.o
       792         14          0          0          0        100   scanf_hexfp.o
       308         16          0          0          0        100   scanf_infnan.o
        24          0          0          0          0         68   strcat.o
        20          0          0          0          0         68   strchr.o
       128          0          0          0          0         68   strcmpv7m.o
        72          0          0          0          0         80   strcpy.o
        62          0          0          0          0         76   strlen.o
       160         12          0          0          0        120   strtod.o
       112          0          0          0          0         88   strtol.o
        74          0          0          0          0         80   sys_stackheap_outer.o
         2          0          0          0          0         68   use_no_semi.o
         2          0          0          0          0         68   use_no_semi_2.o
        24          0          0          0          0        164   basic.o
        98          4          0          0          0        140   d2f.o
       826         16          0          0          0        492   daddsub_clz.o
        16          4          0          0          0        116   dcheck1.o
        24          0          0          0          0        116   dcmpi.o
       688        140          0          0          0        256   ddiv.o
       120          4          0          0          0        140   deqf.o
        94          4          0          0          0        140   dfix.o
        90          4          0          0          0        140   dfixu.o
        84          0          0          0          0        232   dflt_clz.o
       120          4          0          0          0        140   dleqf.o
       340         12          0          0          0        152   dmul.o
       156          4          0          0          0        140   dnaninf.o
        12          0          0          0          0        116   dretinf.o
       108          0          0          0          0        128   drleqf.o
       408         56          0          0          0        168   dsqrt_umaal.o
        86          4          0          0          0        132   f2d.o
       140          4          0          0          0        132   fnaninf.o
         0          0          8          0          0          0   fpconst.o
        10          0          0          0          0        116   fpinit.o
        10          0          0          0          0        116   fretinf.o
         4          0          0          0          0        116   printf1.o
       100          0          0          0          0        116   retnan.o
        92          0          0          0          0        116   scalbn.o
         4          0          0          0          0        116   scanf1.o
         8          0          0          0          0        132   scanf2.o
        48          0          0          0          0        116   trapv.o
         0          0          0          0          0          0   usenofp.o
        56         12          0          0          0        132   atof.o
       164         44          0          0          0        620   dunder.o
        44          0          0          0          0        248   fabs.o
       280         28          0          0          0        156   floor.o
        48          0          0          0          0        124   fpclassify.o
       140         22          0          0          0        132   frexp.o
       228          8          0          0          0        308   ldexp.o
       184         18          0          0          0        152   narrow.o
       248          0          0          0          0        152   poly.o
      3128        302        136          0          0        356   pow.o
         0          0          8          0          0          0   qnan.o
       232          0          0          0          0        296   sqrt.o

    ----------------------------------------------------------------------
     17162       1010       2676          0        100      29616   Library Totals
        50          2          0          0          4          0   (incl. Padding)

    ----------------------------------------------------------------------

      Code (inc. data)   RO Data    RW Data    ZI Data      Debug   Library Name

       432         44       2076          0          0      17952   arm_cortexM4lf_math.lib
      8218        270        448          0         96       5000   c_w.l
      3710        260          8          0          0       3988   fz_wm.l
      4752        434        144          0          0       2676   m_wm.l

    ----------------------------------------------------------------------
     17162       1010       2676          0        100      29616   Library Totals

    ----------------------------------------------------------------------

==============================================================================


      Code (inc. data)   RO Data    RW Data    ZI Data      Debug   

     65138       3534      12726        740      12260     518564   Grand Totals
     65138       3534      12726        132      12260     518564   ELF Image Totals (compressed)
     65138       3534      12726        132          0          0   ROM Totals

==============================================================================

    Total RO  Size (Code + RO Data)                77864 (  76.04kB)
    Total RW  Size (RW Data + ZI Data)             13000 (  12.70kB)
    Total ROM Size (Code + RO Data + RW Data)      77996 (  76.17kB)

==============================================================================

