<html>
<body>
<pre>
<h1>礦ision Build Log</h1>
<h2>Tool Versions:</h2>
IDE-Version: μVision V5.14.0.0
Copyright (C) 2015 ARM Ltd and ARM Germany GmbH. All rights reserved.
License Information: Lin Junhong, C, LIC=RC9PC-7ZK41-7R3X3-ADKCB-TD5AE-MTKHU
 
Tool Versions:
Toolchain:       MDK-ARM Standard  Version: 5.14.0.0
Toolchain Path:  C:\Keil_v5\ARM\ARMCC\Bin
C Compiler:      Armcc.exe V5.05 update 1 (build 106)
Assembler:       Armasm.exe V5.05 update 1 (build 106)
Linker/Locator:  ArmLink.exe V5.05 update 1 (build 106)
Library Manager: ArmAr.exe V5.05 update 1 (build 106)
Hex Converter:   FromElf.exe V5.05 update 1 (build 106)
CPU DLL:         SARMCM3.DLL V5.14.0.0
Dialog DLL:      DCM.DLL V1.13.1.0
Target DLL:      Segger\JL2CM3.dll V2.99.13.0
Dialog DLL:      TCM.DLL V1.14.4.0
 
<h2>Project:</h2>
D:\电力电子培训\单相正弦逆变器\PID驱动\USER\LCD.uvprojx
Project File Date:  07/25/2016

<h2>Output:</h2>
Build target 'LCD'
compiling pwm.c...
..\HARDWARE\PWM\pwm.c(179): warning:  #167-D: argument of type "u8 *" is incompatible with parameter of type "char *restrict"
                                strcpy(edit1->text,RealToStr(Voltage/sqrt(2)));
..\HARDWARE\PWM\pwm.c(179): warning:  #167-D: argument of type "u8 *" is incompatible with parameter of type "const char *restrict"
                                strcpy(edit1->text,RealToStr(Voltage/sqrt(2)));
..\HARDWARE\PWM\pwm.c(198): warning:  #167-D: argument of type "u8 *" is incompatible with parameter of type "char *restrict"
                                strcpy(edit2->text,RealToStr(Current/sqrt(2)));
..\HARDWARE\PWM\pwm.c(198): warning:  #167-D: argument of type "u8 *" is incompatible with parameter of type "const char *restrict"
                                strcpy(edit2->text,RealToStr(Current/sqrt(2)));
..\HARDWARE\PWM\pwm.c: 4 warnings, 0 errors
linking...
Program Size: Code=49666 RO-data=10838 RW-data=332 ZI-data=6204  
FromELF: creating hex file...
"..\OBJ\LCD.axf" - 0 Error(s), 4 Warning(s).

<h2>Collection of Component include folders:</h2>
  D:\电力电子培训\单相正弦逆变器\PID驱动\USER\RTE
  C:\Keil_v5\ARM\PACK\Keil\STM32F4xx_DFP\2.8.0

<h2>Collection of Component Files used:</h2>
</pre>
</body>
</html>
